

U-Boot 2024.04-gc8fc3d1d8ce6-ab13197479 (Mar 10 2025 - 22:48:14 +0000)

DRAM:  4 GiB
Core:  10 devices, 10 uclasses, devicetree: separate
Warning: MP init failure
         x86_mp_init() returning err=-96
Net:         eth_initialize() No ethernet found.
Driver                    uid uclass               Devices
----------------------------------------------------------
blk_partition             083 partition            virtio-blk#2:1           
                                                   virtio-blk#2:2           
                                                   virtio-blk#2:3           
                                                   virtio-blk#2:4           
                                                   virtio-blk#2:5           
                                                   virtio-blk#2:6           
                                                   virtio-blk#2:7           
                                                   virtio-blk#2:8           
                                                   virtio-blk#2:9           
                                                   virtio-blk#2:10          
                                                   virtio-blk#2:11          
                                                   virtio-blk#2:12          
                                                   virtio-blk#2:13          
                                                   virtio-blk#2:14          
                                                   virtio-blk#2:15          
                                                   virtio-blk#2:16          
                                                   virtio-blk#2:17          
                                                   virtio-blk#2:18          
                                                   virtio-blk#3:1           
                                                   virtio-blk#3:2           
                                                   virtio-blk#3:3           
                                                   virtio-blk#3:4           
                                                   virtio-blk#4:1           
bootmeth_qfw              026 <no uclass>          
cpu_bus                   109 <no uclass>          
cpu_qemu                  031 <no uclass>          
cpu_x86                   031 <no uclass>          
efi_blk                   022 blk                  <none>
EFI block driver          038 efi                  <none>
syscon                    117 syscon               <none>
intel_irq                 061 irq                  irq-router               
motorola_mc146818         104 rtc                  rtc                      
ns16550_serial            108 serial               serial                   
intel-pch7                084 pch                  pch@1,0                  
intel-pch9                084 pch                  <none>
pci_bridge_drv            085 pci                  <none>
pci_generic_drv           087 pci_generic          pci_0:0.0                
                                                   pci_0:1.1                
                                                   pci_0:1.3                
                                                   pci_0:12.0               
                                                   pci_0:13.0               
pci_x86                   085 pci                  pci                      
qfw_bootdev               025 <no uclass>          
qfw_pio                   096 qfw                  qfw_pio                  
root_driver               000 root                 root_driver              
sysinfo_smbios            118 sysinfo              smbios                   
vidconsole0               131 vidconsole0          <none>
virtio-blk                022 blk                  virtio-blk#2             
                                                   virtio-blk#3             
                                                   virtio-blk#4             
virtio_bootdev            025 <no uclass>          
virtio-console            108 serial               virtio-console#1         
virtio-console-port       108 serial               virtio_console_port      
                                                   virtio_console_port      
                                                   virtio_console_port      
                                                   virtio_console_port      
                                                   virtio_console_port      
                                                   virtio_console_port      
                                                   virtio_console_port      
                                                   virtio_console_port      
                                                   virtio_console_port      
                                                   virtio_console_port      
                                                   virtio_console_port      
                                                   virtio_console_port      
                                                   virtio_console_port      
                                                   virtio_console_port      
                                                   virtio_console_port      
                                                   virtio_console_port      
                                                   virtio_console_port      
                                                   virtio_console_port      
                                                   virtio_console_port      
                                                   virtio_console_port      
                                                   virtio_console_port      
                                                   virtio_console_port      
                                                   virtio_console_port      
                                                   virtio_console_port      
                                                   virtio_console_port      
                                                   virtio_console_port      
                                                   virtio_console_port      
                                                   virtio_console_port      
                                                   virtio_console_port      
                                                   virtio_console_port      
virtio-net                040 ethernet             virtio-net#13            
                                                   virtio-net#14            
virtio-pci.m              133 virtio               virtio-pci.m#0           
                                                   virtio-pci.m#1           
                                                   virtio-pci.m#2           
                                                   virtio-pci.m#3           
                                                   virtio-pci.m#4           
                                                   virtio-pci.m#5           
                                                   virtio-pci.m#6           
                                                   virtio-pci.m#7           
                                                   virtio-pci.m#8           
                                                   virtio-pci.m#9           
                                                   virtio-pci.m#10          
                                                   virtio-pci.m#11          
                                                   virtio-pci.m#12          
                                                   virtio-pci.m#13          
                                                   virtio-pci.m#14          
                                                   virtio-pci.m#15          
x86_reset                 119 sysreset             reset                    
x86_tsc_timer             122 timer                tsc-timer                
## Android Verified Boot 2.0 version 1.2.0
Writing 8 bytes to virtio_console_port console
Reading 8 bytes from virtio_console_port console
Writing 8 bytes to virtio_console_port console
Reading 8 bytes from virtio_console_port console
Verification passed successfully
Imported supplementary environment
Cannot find boot CPU, APIC ID 0
        mp_first_cpu() bsp: returning err=-2
Invalid CPU (err=-2)
ANDROID: reboot reason: "(none)"
      ab_select_slot() ANDROID: Invalid CRC-32 (expected 807077e9, found 00000000),re-initializing A/B metadata.
      ab_select_slot() ANDROID: Attempting slot a, tries remaining 3
## Android Verified Boot 2.0 version 1.2.0
Writing 8 bytes to virtio_console_port console
Reading 8 bytes from virtio_console_port console
Writing 8 bytes to virtio_console_port console
Reading 8 bytes from virtio_console_port console
Verification passed successfully
## Android Verified Boot 2.0 version 1.2.0
Writing 8 bytes to virtio_console_port console
Reading 8 bytes from virtio_console_port console
Writing 8 bytes to virtio_console_port console
Reading 8 bytes from virtio_console_port console
Verification passed successfully
ANDROID: Loading ramdisk from "init_boot_a", partition 4.
ANDROID: Loading kernel from "boot_a", partition 2.
ANDROID: Loading vendor ramdisk from "vendor_boot_a", partition 6.
Booting kernel at 0x02400000 with fdt at <NULL> ramdisk 0x0e400000 (0x01555672 bytes)...


Valid Boot Flag
Magic signature found
Linux kernel version 6.12.18-android16-1-g50eb8d5d443b-ab13257114 (kleaf@build-host) #1 SMP PREEMPT Fri Mar 21 17:01:42 UTC 2025
Building boot_params at 0x00090000
Loading bzImage at address 100000 (21623808 bytes)
Initial RAM disk at linear address 0x0e400000, size 22369906 bytes
Kernel command line: " printk.devkmsg=on audit=1 panic=-1 8250.nr_uarts=1 cma=0 firmware_class.path=/vendor/etc/ loop.max_part=7 init=/init bootconfig  console=hvc0 earlycon=uart8250,io,0x3f8 pnpacpi=off ramoops.mem_address=0x150000000 ramoops.mem_size=0x200000 ramoops.console_size=0x80000 ramoops.record_size=0x80000 ramoops.dump_oops=1 "
Kernel loaded at 00100000, setup_base=00090000

Starting kernel ...

[    0.000000] Linux version 6.12.18-android16-1-g50eb8d5d443b-ab13257114 (kleaf@build-host) (Android (12833971, +pgo, +bolt, +lto, +mlgo, based on r536225) clang version 19.0.1 (https://android.googlesource.com/toolchain/llvm-project b3a530ec6537146650e42be89f1089e9a3588460), LLD 19.0.1) #1 SMP PREEMPT Fri Mar 21 17:01:42 UTC 2025
[    0.000000] Command line:  printk.devkmsg=on audit=1 panic=-1 8250.nr_uarts=1 cma=0 firmware_class.path=/vendor/etc/ loop.max_part=7 init=/init bootconfig  console=hvc0 earlycon=uart8250,io,0x3f8 pnpacpi=off ramoops.mem_address=0x150000000 ramoops.mem_size=0x200000 ramoops.console_size=0x80000 ramoops.record_size=0x80000 ramoops.dump_oops=1 
[    0.000000] BIOS-provided physical RAM map:
[    0.000000] BIOS-e820: [mem 0x0000000000000000-0x000000000009ffff] usable
[    0.000000] BIOS-e820: [mem 0x00000000000a0000-0x00000000000fffff] reserved
[    0.000000] BIOS-e820: [mem 0x0000000000100000-0x00000000bed74fff] usable
[    0.000000] BIOS-e820: [mem 0x00000000bed75000-0x00000000bfffffff] reserved
[    0.000000] BIOS-e820: [mem 0x00000000e0000000-0x00000000efffffff] reserved
[    0.000000] BIOS-e820: [mem 0x0000000100000000-0x000000013fffffff] usable
[    0.000000] earlycon: uart8250 at I/O port 0x3f8 (options '')
[    0.000000] printk: legacy bootconsole [uart8250] enabled
[    0.000000] NX (Execute Disable) protection: active
[    0.000000] APIC: Static calls initialized
[    0.000000] DMI not present or invalid.
[    0.000000] Hypervisor detected: KVM
[    0.000000] kvm-clock: Using msrs 4b564d01 and 4b564d00
[    0.000001] kvm-clock: using sched offset of 3550564149 cycles
[    0.000954] clocksource: kvm-clock: mask: 0xffffffffffffffff max_cycles: 0x1cd42e4dffb, max_idle_ns: 881590591483 ns
[    0.003927] tsc: Detected 3600.000 MHz processor
[    0.004865] last_pfn = 0x140000 max_arch_pfn = 0x400000000
[    0.005880] MTRR map: 3 entries (3 fixed + 0 variable; max 19), built from 8 variable MTRRs
[    0.007402] x86/PAT: Configuration [0-7]: WB  WC  UC- UC  WB  WP  UC- WT  
[    0.008690] CPU MTRRs all blank - virtualized system.
[    0.009683] last_pfn = 0xbed75 max_arch_pfn = 0x400000000
[    0.010873] found SMP MP-table at [mem 0x000f0040-0x000f004f]
[    0.011965] Using GB pages for direct mapping
[    0.012940] RAMDISK: [mem 0x0e400000-0x0f955fff]
[    0.013776] ACPI: Early table checksum verification disabled
[    0.014795] ACPI: RSDP 0x00000000000F0130 000014 (v00 BOCHS )
[    0.015831] ACPI: RSDT 0x00000000BED7D92C 000040 (v01 BOCHS  BXPC     00000001 BXPC 00000001)
[    0.017376] ACPI: FACP 0x00000000BED7D053 000074 (v01 BOCHS  BXPC     00000001 BXPC 00000001)
[    0.018907] ACPI: DSDT 0x00000000BED7B080 001FD3 (v01 BOCHS  BXPC     00000001 BXPC 00000001)
[    0.020451] ACPI: FACS 0x00000000BED7B040 000040
[    0.021284] ACPI: APIC 0x00000000BED7D0C7 000080 (v03 BOCHS  BXPC     00000001 BXPC 00000001)
[    0.022815] ACPI: HPET 0x00000000BED7D147 000038 (v01 BOCHS  BXPC     00000001 BXPC 00000001)
[    0.024353] ACPI: SRAT 0x00000000BED7D17F 000118 (v01 BOCHS  BXPC     00000001 BXPC 00000001)
[    0.025885] ACPI: SSDT 0x00000000BED7D297 00058D (v01 BOCHS  NVDIMM   00000001 BXPC 00000001)
[    0.027424] ACPI: NFIT 0x00000000BED7D824 0000E0 (v01 BOCHS  BXPC     00000001 BXPC 00000001)
[    0.028961] ACPI: WAET 0x00000000BED7D904 000028 (v01 BOCHS  BXPC     00000001 BXPC 00000001)
[    0.030499] ACPI: Reserving FACP table memory at [mem 0xbed7d053-0xbed7d0c6]
[    0.031767] ACPI: Reserving DSDT table memory at [mem 0xbed7b080-0xbed7d052]
[    0.033032] ACPI: Reserving FACS table memory at [mem 0xbed7b040-0xbed7b07f]
[    0.034305] ACPI: Reserving APIC table memory at [mem 0xbed7d0c7-0xbed7d146]
[    0.035569] ACPI: Reserving HPET table memory at [mem 0xbed7d147-0xbed7d17e]
[    0.036834] ACPI: Reserving SRAT table memory at [mem 0xbed7d17f-0xbed7d296]
[    0.038099] ACPI: Reserving SSDT table memory at [mem 0xbed7d297-0xbed7d823]
[    0.039372] ACPI: Reserving NFIT table memory at [mem 0xbed7d824-0xbed7d903]
[    0.040639] ACPI: Reserving WAET table memory at [mem 0xbed7d904-0xbed7d92b]
[    0.041983] Zone ranges:
[    0.042448]   DMA32    [mem 0x0000000000001000-0x00000000ffffffff]
[    0.043565]   Normal   [mem 0x0000000100000000-0x000000013fffffff]
[    0.044683] Movable zone start for each node
[    0.045468] Early memory node ranges
[    0.046113]   node   0: [mem 0x0000000000001000-0x000000000009ffff]
[    0.047259]   node   0: [mem 0x0000000000100000-0x00000000bed74fff]
[    0.048398]   node   0: [mem 0x0000000100000000-0x000000013fffffff]
[    0.049535] Initmem setup node 0 [mem 0x0000000000001000-0x000000013fffffff]
[    0.050846] On node 0, zone DMA32: 1 pages in unavailable ranges
[    0.072614] On node 0, zone DMA32: 96 pages in unavailable ranges
[    0.080790] On node 0, zone Normal: 4747 pages in unavailable ranges
[    0.082931] ACPI: LAPIC_NMI (acpi_id[0xff] dfl dfl lint[0x1])
[    0.083994] IOAPIC[0]: apic_id 0, version 17, address 0xfec00000, GSI 0-23
[    0.085240] ACPI: INT_SRC_OVR (bus 0 bus_irq 0 global_irq 2 dfl dfl)
[    0.086394] ACPI: INT_SRC_OVR (bus 0 bus_irq 5 global_irq 5 high level)
[    0.087590] ACPI: INT_SRC_OVR (bus 0 bus_irq 9 global_irq 9 high level)
[    0.088786] ACPI: INT_SRC_OVR (bus 0 bus_irq 10 global_irq 10 high level)
[    0.090012] ACPI: INT_SRC_OVR (bus 0 bus_irq 11 global_irq 11 high level)
[    0.091249] ACPI: Using ACPI (MADT) for SMP configuration information
[    0.092416] ACPI: HPET id: 0x8086a201 base: 0xfed00000
[    0.093350] TSC deadline timer available
[    0.094058] CPU topo: Max. logical packages:   1
[    0.094895] CPU topo: Max. logical dies:       1
[    0.095734] CPU topo: Max. dies per package:   1
[    0.096574] CPU topo: Max. threads per core:   1
[    0.097411] CPU topo: Num. cores per package:     2
[    0.098294] CPU topo: Num. threads per package:   2
[    0.099169] CPU topo: Allowing 2 present CPUs plus 0 hotplug CPUs
[    0.100295] kvm-guest: APIC: eoi() replaced with kvm_guest_apic_eoi_write()
[    0.101564] kvm-guest: KVM setup pv remote TLB flush
[    0.102465] kvm-guest: setup PV sched yield
[    0.103227] PM: hibernation: Registered nosave memory: [mem 0x00000000-0x00000fff]
[    0.104593] PM: hibernation: Registered nosave memory: [mem 0x000a0000-0x000fffff]
[    0.106051] PM: hibernation: Registered nosave memory: [mem 0xbed75000-0xbfffffff]
[    0.107545] PM: hibernation: Registered nosave memory: [mem 0xc0000000-0xdfffffff]
[    0.108926] PM: hibernation: Registered nosave memory: [mem 0xe0000000-0xefffffff]
[    0.110320] PM: hibernation: Registered nosave memory: [mem 0xf0000000-0xffffffff]
[    0.111700] [mem 0xc0000000-0xdfffffff] available for PCI devices
[    0.112817] Booting paravirtualized kernel on KVM
[    0.113682] clocksource: refined-jiffies: mask: 0xffffffff max_cycles: 0xffffffff, max_idle_ns: 7645519600211568 ns
[    0.115669] Load bootconfig: 2391 bytes 122 nodes
[    0.116535] setup_percpu: NR_CPUS:32 nr_cpumask_bits:2 nr_cpu_ids:2 nr_node_ids:1
[    0.118755] percpu: Embedded 58 pages/cpu s199832 r8192 d29544 u1048576
[    0.120141] Kernel command line: vmw_vsock_virtio_transport_common.virtio_transport_max_vsock_pkt_buf_size=16384 console=ttynull stack_depot_disable=on cgroup_disable=pressure bootconfig  printk.devkmsg=on audit=1 panic=-1 8250.nr_uarts=1 cma=0 firmware_class.path=/vendor/etc/ loop.max_part=7 init=/init bootconfig  console=hvc0 earlycon=uart8250,io,0x3f8 pnpacpi=off ramoops.mem_address=0x150000000 ramoops.mem_size=0x200000 ramoops.console_size=0x80000 ramoops.record_size=0x80000 ramoops.dump_oops=1 
[    0.128783] cgroup: Disabling pressure control group feature
[    0.129854] audit: enabled (after initialization)
[    0.130807] random: crng init done
[    0.133082] Dentry cache hash table entries: 524288 (order: 10, 4194304 bytes, linear)
[    0.135379] Inode-cache hash table entries: 262144 (order: 9, 2097152 bytes, linear)
[    0.136843] Built 1 zonelists, mobility grouping on.  Total pages: 1043732
[    0.138358] mem auto-init: stack:all(zero), heap alloc:on, heap free:off
[    0.139600] stackdepot: disabled
[    0.140199] software IO TLB: area num 2.
[    0.181561] SLUB: HWalign=64, Order=0-3, MinObjects=0, CPUs=2, Nodes=1
[    0.183030] rcu: Preemptible hierarchical RCU implementation.
[    0.184082] rcu: 	RCU event tracing is enabled.
[    0.184910] rcu: 	RCU restricting CPUs from NR_CPUS=32 to nr_cpu_ids=2.
[    0.186114] rcu: 	RCU priority boosting: priority 1 delay 500 ms.
[    0.187290] 	Trampoline variant of Tasks RCU enabled.
[    0.188222] 	Tracing variant of Tasks RCU enabled.
[    0.189097] rcu: RCU calculated value of scheduler-enlistment delay is 25 jiffies.
[    0.190511] rcu: Adjusting geometry for rcu_fanout_leaf=16, nr_cpu_ids=2
[    0.191762] RCU Tasks: Setting shift to 1 and lim to 1 rcu_task_cb_adjust=1 rcu_task_cpu_ids=2.
[    0.193385] RCU Tasks Trace: Setting shift to 1 and lim to 1 rcu_task_cb_adjust=1 rcu_task_cpu_ids=2.
[    0.196593] NR_IRQS: 4352, nr_irqs: 440, preallocated irqs: 16
[    0.197878] rcu: 	Offload RCU callbacks from CPUs: 0-1.
[    0.198853] rcu: srcu_init: Setting srcu_struct sizes based on contention.
[    0.200184] kfence: initialized - using 524288 bytes for 63 objects at 0x(____ptrval____)-0x(____ptrval____)
[    0.202026] ACPI: Core revision 20240827
[    0.203958] clocksource: hpet: mask: 0xffffffff max_cycles: 0xffffffff, max_idle_ns: 19112604467 ns
[    0.205728] APIC: Switch to symmetric I/O mode setup
[    0.206797] x2apic enabled
[    0.207531] APIC: Switched APIC routing to: physical x2apic
[    0.208556] kvm-guest: APIC: send_IPI_mask() replaced with kvm_send_ipi_mask()
[    0.209891] kvm-guest: APIC: send_IPI_mask_allbutself() replaced with kvm_send_ipi_mask_allbutself()
[    0.211572] kvm-guest: setup PV IPIs
[    0.213014] ..TIMER: vector=0x30 apic1=0 pin1=2 apic2=-1 pin2=-1
[    0.214138] clocksource: tsc-early: mask: 0xffffffffffffffff max_cycles: 0x33e452fbb2f, max_idle_ns: 440795236593 ns
[    0.216048] Calibrating delay loop (skipped) preset value.. 7200.00 BogoMIPS (lpj=14400000)
[    0.217629] x86/cpu: User Mode Instruction Prevention (UMIP) activated
[    0.220060] Last level iTLB entries: 4KB 512, 2MB 255, 4MB 127
[    0.221117] Last level dTLB entries: 4KB 512, 2MB 255, 4MB 127, 1GB 0
[    0.222287] Spectre V1 : Mitigation: usercopy/swapgs barriers and __user pointer sanitization
[    0.224052] Spectre V2 : Mitigation: Retpolines
[    0.224885] Spectre V2 : Spectre v2 / SpectreRSB mitigation: Filling RSB on context switch
[    0.226386] Spectre V2 : Spectre v2 / SpectreRSB : Filling RSB on VMEXIT
[    0.228049] Spectre V2 : Enabling Speculation Barrier for firmware calls
[    0.229261] RETBleed: Mitigation: untrained return thunk
[    0.230224] Spectre V2 : mitigation: Enabling conditional Indirect Branch Prediction Barrier
[    0.232050] Speculative Store Bypass: Mitigation: Speculative Store Bypass disabled via prctl
[    0.233608] Speculative Return Stack Overflow: IBPB-extending microcode not applied!
[    0.235010] Speculative Return Stack Overflow: WARNING: See https://kernel.org/doc/html/latest/admin-guide/hw-vuln/srso.html for mitigation options.
[    0.235011] Speculative Return Stack Overflow: Vulnerable: Safe RET, no microcode
[    0.237422] x86/fpu: Supporting XSAVE feature 0x001: 'x87 floating point registers'
[    0.240048] x86/fpu: Supporting XSAVE feature 0x002: 'SSE registers'
[    0.241210] x86/fpu: Supporting XSAVE feature 0x004: 'AVX registers'
[    0.242362] x86/fpu: xstate_offset[2]:  576, xstate_sizes[2]:  256
[    0.243482] x86/fpu: Enabled xstate features 0x7, context size is 832 bytes, using 'compacted' format.
[    0.256100] SMP alternatives: Using kCFI
[    0.272929] Freeing SMP alternatives memory: 56K
[    0.273769] pid_max: default: 32768 minimum: 301
[    0.274643] LSM: initializing lsm=capability,selinux,bpf
[    0.275628] SELinux:  Initializing.
[    0.276462] LSM support for eBPF active
[    0.277192] Mount-cache hash table entries: 8192 (order: 4, 65536 bytes, linear)
[    0.278545] Mountpoint-cache hash table entries: 8192 (order: 4, 65536 bytes, linear)
[    0.280486] smpboot: CPU0: AMD Ryzen 7 3700X 8-Core Processor (family: 0x17, model: 0x71, stepping: 0x0)
[    0.282538] Performance Events: Fam17h+ core perfctr, AMD PMU driver.
[    0.283729] ... version:                0
[    0.284051] ... bit width:              48
[    0.284782] ... generic registers:      6
[    0.285498] ... value mask:             0000ffffffffffff
[    0.286457] ... max period:             00007fffffffffff
[    0.287408] ... fixed-purpose events:   0
[    0.288051] ... event mask:             000000000000003f
[    0.289136] signal: max sigframe size: 1776
[    0.289959] rcu: Hierarchical SRCU implementation.
[    0.290825] rcu: 	Max phase no-delay instances is 1000.
[    0.291939] Timer migration: 1 hierarchy levels; 8 children per group; 1 crossnode level
[    0.294530] dyndbg: Ignore empty _ddebug table in a CONFIG_DYNAMIC_DEBUG_CORE build
[    0.296013] smp: Bringing up secondary CPUs ...
[    0.296269] smpboot: x86: Booting SMP configuration:
[    0.297178] .... node  #0, CPUs:      #1
[    0.297358] smp: Brought up 1 node, 2 CPUs
[    0.297524] smpboot: Total of 2 processors activated (14400.00 BogoMIPS)
[    0.300176] Memory: 3963404K/4174928K available (22528K kernel code, 2173K rwdata, 15496K rodata, 3096K init, 652K bss, 206716K reserved, 0K cma-reserved)
[    0.302864] x86/mm: Memory block size: 128MB
[    0.304564] clocksource: jiffies: mask: 0xffffffff max_cycles: 0xffffffff, max_idle_ns: 7645041785100000 ns
[    0.306105] futex hash table entries: 512 (order: 3, 32768 bytes, linear)
[    0.309233] NET: Registered PF_NETLINK/PF_ROUTE protocol family
[    0.310651] audit: initializing netlink subsys (enabled)
[    0.311624] audit: type=2000 audit(1762806546.158:1): state=initialized audit_enabled=1 res=1
[    0.311624] ramoops: using module parameters
[    0.314657] pstore: Using crash dump compression: deflate
[    0.315642] printk: legacy console [ramoops-1] enabled
[    0.346339] pstore: Registered ramoops as persistent store backend
[    0.347824] ramoops: using 0x200000@0x150000000, ecc: 0
[    0.348302] thermal_sys: Registered thermal governor 'bang_bang'
[    0.348304] thermal_sys: Registered thermal governor 'step_wise'
[    0.349761] thermal_sys: Registered thermal governor 'user_space'
[    0.352053] cpuidle: using governor menu
[    0.356481] PCI: Using configuration type 1 for base access
[    0.357834] PCI: Using configuration type 1 for extended access
[    0.360443] mtrr: your CPUs had inconsistent fixed MTRR settings
[    0.361892] mtrr: your CPUs had inconsistent MTRRdefType settings
[    0.363392] mtrr: probably your BIOS does not setup all CPUs.
[    0.364212] mtrr: corrected configuration.
[    0.365261] kprobes: kprobe jump-optimization is enabled. All kprobes are optimized if possible.
[    0.368578] cryptd: max_cpu_qlen set to 1000
[    0.376177] ACPI: Added _OSI(Module Device)
[    0.377157] ACPI: Added _OSI(Processor Device)
[    0.378075] ACPI: Added _OSI(3.0 _SCP Extensions)
[    0.379044] ACPI: Added _OSI(Processor Aggregator Device)
[    0.381553] ACPI: 2 ACPI AML tables successfully acquired and loaded
[    0.384927] ACPI: Interpreter enabled
[    0.385704] ACPI: PM: (supports S0 S3 S4 S5)
[    0.385704] ACPI: Using IOAPIC for interrupt routing
[    0.386319] PCI: Using host bridge windows from ACPI; if necessary, use "pci=nocrs" and report a bug
[    0.388272] PCI: Using E820 reservations for host bridge windows
[    0.389859] ACPI: Enabled 4 GPEs in block 00 to 0F
[    0.395293] ACPI: PCI Root Bridge [PCI0] (domain 0000 [bus 00-ff])
[    0.396217] acpi PNP0A03:00: _OSC: OS supports [ExtendedConfig ASPM ClockPM Segments MSI HPX-Type3]
[    0.398583] PCI host bridge to bus 0000:00
[    0.399586] pci_bus 0000:00: root bus resource [io  0x0000-0x0cf7 window]
[    0.400224] pci_bus 0000:00: root bus resource [io  0x0d00-0xffff window]
[    0.401647] pci_bus 0000:00: root bus resource [mem 0x000a0000-0x000bffff window]
[    0.403191] pci_bus 0000:00: root bus resource [mem 0xc0000000-0xfebfffff window]
[    0.404240] pci_bus 0000:00: root bus resource [mem 0x200000000-0x27fffffff window]
[    0.405826] pci_bus 0000:00: root bus resource [bus 00-ff]
[    0.407202] pci 0000:00:00.0: [8086:1237] type 00 class 0x060000 conventional PCI endpoint
[    0.412840] pci 0000:00:01.0: [8086:7000] type 00 class 0x060100 conventional PCI endpoint
[    0.415214] pci 0000:00:01.1: [8086:7010] type 00 class 0x010180 conventional PCI endpoint
[    0.419539] pci 0000:00:01.1: BAR 4 [io  0x2000-0x200f]
[    0.421447] pci 0000:00:01.1: BAR 0 [io  0x01f0-0x01f7]: legacy IDE quirk
[    0.422885] pci 0000:00:01.1: BAR 1 [io  0x03f6]: legacy IDE quirk
[    0.424210] pci 0000:00:01.1: BAR 2 [io  0x0170-0x0177]: legacy IDE quirk
[    0.425639] pci 0000:00:01.1: BAR 3 [io  0x0376]: legacy IDE quirk
[    0.427165] pci 0000:00:01.3: [8086:7113] type 00 class 0x068000 conventional PCI endpoint
[    0.428876] pci 0000:00:01.3: quirk: [io  0xe400-0xe43f] claimed by PIIX4 ACPI
[    0.430384] pci 0000:00:01.3: quirk: [io  0xb100-0xb10f] claimed by PIIX4 SMB
[    0.432300] pci 0000:00:02.0: [1af4:1050] type 00 class 0x038000 conventional PCI endpoint
[    0.435890] pci 0000:00:02.0: BAR 1 [mem 0xc0000000-0xc0000fff]
[    0.439407] pci 0000:00:02.0: BAR 4 [mem 0xd0000000-0xd0003fff 64bit pref]
[    0.446243] pci 0000:00:03.0: [1af4:1043] type 00 class 0x078000 conventional PCI endpoint
[    0.449401] pci 0000:00:03.0: BAR 1 [mem 0xc0001000-0xc0001fff]
[    0.452238] pci 0000:00:03.0: BAR 4 [mem 0xd0004000-0xd0007fff 64bit pref]
[    0.455630] pci 0000:00:04.0: [1af4:1042] type 00 class 0x010000 conventional PCI endpoint
[    0.457617] pci 0000:00:04.0: BAR 1 [mem 0xc0002000-0xc0002fff]
[    0.460052] pci 0000:00:04.0: BAR 4 [mem 0xd0008000-0xd000bfff 64bit pref]
[    0.463496] pci 0000:00:05.0: [1af4:1042] type 00 class 0x010000 conventional PCI endpoint
[    0.466411] pci 0000:00:05.0: BAR 1 [mem 0xc0003000-0xc0003fff]
[    0.468952] pci 0000:00:05.0: BAR 4 [mem 0xd000c000-0xd000ffff 64bit pref]
[    0.472314] pci 0000:00:06.0: [1af4:1042] type 00 class 0x010000 conventional PCI endpoint
[    0.475090] pci 0000:00:06.0: BAR 1 [mem 0xc0004000-0xc0004fff]
[    0.477436] pci 0000:00:06.0: BAR 4 [mem 0xd0010000-0xd0013fff 64bit pref]
[    0.480748] pci 0000:00:07.0: [1af4:105b] type 00 class 0x00ff00 conventional PCI endpoint
[    0.483745] pci 0000:00:07.0: BAR 4 [mem 0xd0014000-0xd0017fff 64bit pref]
[    0.490480] pci 0000:00:08.0: [1af4:105b] type 00 class 0x00ff00 conventional PCI endpoint
[    0.493382] pci 0000:00:08.0: BAR 4 [mem 0xd0018000-0xd001bfff 64bit pref]
[    0.496524] pci 0000:00:09.0: [1af4:1044] type 00 class 0x00ff00 conventional PCI endpoint
[    0.499108] pci 0000:00:09.0: BAR 1 [mem 0xc0005000-0xc0005fff]
[    0.501393] pci 0000:00:09.0: BAR 4 [mem 0xd001c000-0xd001ffff 64bit pref]
[    0.504732] pci 0000:00:0a.0: [1af4:1052] type 00 class 0x090200 conventional PCI endpoint
[    0.507299] pci 0000:00:0a.0: BAR 1 [mem 0xc0006000-0xc0006fff]
[    0.510225] pci 0000:00:0a.0: BAR 4 [mem 0xd0020000-0xd0023fff 64bit pref]
[    0.513567] pci 0000:00:0b.0: [1af4:1052] type 00 class 0x090000 conventional PCI endpoint
[    0.516052] pci 0000:00:0b.0: BAR 1 [mem 0xc0007000-0xc0007fff]
[    0.518685] pci 0000:00:0b.0: BAR 4 [mem 0xd0024000-0xd0027fff 64bit pref]
[    0.522138] pci 0000:00:0c.0: [1af4:1052] type 00 class 0x098000 conventional PCI endpoint
[    0.524658] pci 0000:00:0c.0: BAR 1 [mem 0xc0008000-0xc0008fff]
[    0.527126] pci 0000:00:0c.0: BAR 4 [mem 0xd0028000-0xd002bfff 64bit pref]
[    0.530479] pci 0000:00:0d.0: [1af4:1052] type 00 class 0x098000 conventional PCI endpoint
[    0.532917] pci 0000:00:0d.0: BAR 1 [mem 0xc0009000-0xc0009fff]
[    0.535366] pci 0000:00:0d.0: BAR 4 [mem 0xd002c000-0xd002ffff 64bit pref]
[    0.538117] pci 0000:00:0e.0: [1af4:1045] type 00 class 0x00ff00 conventional PCI endpoint
[    0.541558] pci 0000:00:0e.0: BAR 4 [mem 0xd0030000-0xd0033fff 64bit pref]
[    0.544678] pci 0000:00:0f.0: [1af4:1041] type 00 class 0x020000 conventional PCI endpoint
[    0.547207] pci 0000:00:0f.0: BAR 1 [mem 0xc000a000-0xc000afff]
[    0.549772] pci 0000:00:0f.0: BAR 4 [mem 0xd0034000-0xd0037fff 64bit pref]
[    0.552052] pci 0000:00:0f.0: ROM [mem 0xc0040000-0xc007ffff pref]
[    0.554823] pci 0000:00:10.0: [1af4:1041] type 00 class 0x020000 conventional PCI endpoint
[    0.557134] pci 0000:00:10.0: BAR 1 [mem 0xc0080000-0xc0080fff]
[    0.559583] pci 0000:00:10.0: BAR 4 [mem 0xd0038000-0xd003bfff 64bit pref]
[    0.564607] pci 0000:00:10.0: ROM [mem 0xc00c0000-0xc00fffff pref]
[    0.567671] pci 0000:00:11.0: [1af4:1053] type 00 class 0x078000 conventional PCI endpoint
[    0.569104] pci 0000:00:11.0: BAR 1 [mem 0xc0100000-0xc0100fff]
[    0.571531] pci 0000:00:11.0: BAR 4 [mem 0xd003c000-0xd003ffff 64bit pref]
[    0.573984] pci 0000:00:12.0: [8086:2415] type 00 class 0x040100 conventional PCI endpoint
[    0.576053] pci 0000:00:12.0: BAR 0 [io  0x2400-0x27ff]
[    0.577539] pci 0000:00:12.0: BAR 1 [io  0x2800-0x28ff]
[    0.582026] pci 0000:00:13.0: [1b36:000d] type 00 class 0x0c0330 conventional PCI endpoint
[    0.584052] pci 0000:00:13.0: BAR 0 [mem 0xc0104000-0xc0107fff 64bit]
[    0.587911] ACPI: PCI: Interrupt link LNKA configured for IRQ 0
[    0.588211] ACPI: PCI: Interrupt link LNKA disabled
[    0.589380] ACPI: PCI: Interrupt link LNKB configured for IRQ 0
[    0.590605] ACPI: PCI: Interrupt link LNKB disabled
[    0.591981] ACPI: PCI: Interrupt link LNKC configured for IRQ 10
[    0.596349] ACPI: PCI: Interrupt link LNKD configured for IRQ 6
[    0.597659] ACPI: PCI: Interrupt link LNKS configured for IRQ 9
[    0.599436] iommu: Default domain type: Translated
[    0.600188] iommu: DMA domain TLB invalidation policy: lazy mode
[    0.601586] SCSI subsystem initialized
[    0.602425] ACPI: bus type USB registered
[    0.603291] usbcore: registered new interface driver usbfs
[    0.604225] usbcore: registered new interface driver hub
[    0.605404] usbcore: registered new device driver usb
[    0.606519] mc: Linux media interface: v0.10
[    0.607440] videodev: Linux video capture interface: v2.00
[    0.608218] EDAC MC: Ver: 3.0.0
[    0.609431] Advanced Linux Sound Architecture Driver Initialized.
[    0.609593] PCI: Using ACPI for IRQ routing
[    0.612552] vgaarb: loaded
[    0.613154] hpet0: at MMIO 0xfed00000, IRQs 2, 8, 0
[    0.616194] hpet0: 3 comparators, 64-bit 100.000000 MHz counter
[    0.620051] clocksource: Switched to clocksource kvm-clock
[    0.621487] VFS: Disk quotas dquot_6.6.0
[    0.622410] VFS: Dquot-cache hash table entries: 512 (order 0, 4096 bytes)
[    0.624101] pnp: PnP ACPI: disabled
[    0.625130] NET: Registered PF_INET protocol family
[    0.626520] IP idents hash table entries: 65536 (order: 7, 524288 bytes, linear)
[    0.644274] tcp_listen_portaddr_hash hash table entries: 2048 (order: 3, 32768 bytes, linear)
[    0.646119] Table-perturb hash table entries: 65536 (order: 6, 262144 bytes, linear)
[    0.647738] TCP established hash table entries: 32768 (order: 6, 262144 bytes, linear)
[    0.649858] TCP bind hash table entries: 32768 (order: 8, 1048576 bytes, linear)
[    0.651432] TCP: Hash tables configured (established 32768 bind 32768)
[    0.652825] UDP hash table entries: 2048 (order: 4, 65536 bytes, linear)
[    0.654229] UDP-Lite hash table entries: 2048 (order: 4, 65536 bytes, linear)
[    0.655737] NET: Registered PF_UNIX/PF_LOCAL protocol family
[    0.656928] NET: Registered PF_XDP protocol family
[    0.657955] pci_bus 0000:00: resource 4 [io  0x0000-0x0cf7 window]
[    0.659238] pci_bus 0000:00: resource 5 [io  0x0d00-0xffff window]
[    0.660532] pci_bus 0000:00: resource 6 [mem 0x000a0000-0x000bffff window]
[    0.661966] pci_bus 0000:00: resource 7 [mem 0xc0000000-0xfebfffff window]
[    0.663384] pci_bus 0000:00: resource 8 [mem 0x200000000-0x27fffffff window]
[    0.664890] pci 0000:00:01.0: PIIX3: Enabling Passive Release
[    0.666105] pci 0000:00:00.0: Limiting direct PCI/PCI transfers
[    0.697579] ACPI: \_SB_.LNKC: Enabled at IRQ 10
[    0.728624] pci 0000:00:13.0: quirk_usb_early_handoff+0x0/0x790 took 59624 usecs
[    0.730157] PCI: CLS 32 bytes, default 64
[    0.730998] PCI-DMA: Using software bounce buffering for IO (SWIOTLB)
[    0.731088] Trying to unpack rootfs image as initramfs...
[    0.732177] software IO TLB: mapped [mem 0x00000000bad75000-0x00000000bed75000] (64MB)
[    0.735312] kvm_intel: VMX not supported by CPU 1
[    0.736334] kvm_amd: TSC scaling supported
[    0.737204] kvm_amd: Nested Virtualization enabled
[    0.738200] kvm_amd: Nested Paging enabled
[    0.739057] kvm_amd: LBR virtualization supported
[    0.740059] kvm_amd: Virtual VMLOAD VMSAVE supported
[    0.741101] kvm_amd: Virtual GIF supported
[    0.752016] clocksource: tsc: mask: 0xffffffffffffffff max_cycles: 0x33e452fbb2f, max_idle_ns: 440795236593 ns
[    0.754315] platform rtc_cmos: registered platform RTC device (no PNP device found)
[    0.756342] Initialise system trusted keyrings
[    0.757350] workingset: timestamp_bits=46 max_order=20 bucket_order=0
[    0.758886] fuse: init (API version 7.41)
[    0.779051] Key type asymmetric registered
[    0.779982] Asymmetric key parser 'x509' registered
[    0.781046] Block layer SCSI generic (bsg) driver version 0.4 loaded (major 240)
[    0.782593] io scheduler mq-deadline registered
[    0.783542] io scheduler kyber registered
[    0.784429] io scheduler bfq registered
[    0.785495] input: Power Button as /devices/LNXSYSTM:00/LNXPWRBN:00/input/input0
[    0.792010] ACPI: button: Power Button [PWRF]
[    0.793167] Serial: 8250/16550 driver, 1 ports, IRQ sharing disabled
[    0.794693] serial8250: ttyS0 at I/O 0x3f8 (irq = 4, base_baud = 115200) is a 16550A
[    0.796511] printk: legacy console [ttynull0] enabled
[    0.797648] ACPI: bus type drm_connector registered
[    0.801382] brd: module loaded
[    0.804606] loop: module loaded
[    0.807426] Freeing initrd memory: 21844K
[    0.809766] wireguard: WireGuard 1.0.0 loaded. See www.wireguard.com for information.
[    0.811382] wireguard: Copyright (C) 2015-2019 Jason A. Donenfeld <Jason@zx2c4.com>. All Rights Reserved.
[    0.813694] tun: Universal TUN/TAP device driver, 1.6
[    0.845018] xhci_hcd 0000:00:13.0: xHCI Host Controller
[    0.846260] xhci_hcd 0000:00:13.0: new USB bus registered, assigned bus number 1
[    0.848287] xhci_hcd 0000:00:13.0: hcc params 0x00087001 hci version 0x100 quirks 0x0000000000000010
[    0.850863] xhci_hcd 0000:00:13.0: xHCI Host Controller
[    0.851981] xhci_hcd 0000:00:13.0: new USB bus registered, assigned bus number 2
[    0.853522] xhci_hcd 0000:00:13.0: Host supports USB 3.0 SuperSpeed
[    0.854903] usb usb1: New USB device found, idVendor=1d6b, idProduct=0002, bcdDevice= 6.12
[    0.856619] usb usb1: New USB device strings: Mfr=3, Product=2, SerialNumber=1
[    0.858120] usb usb1: Product: xHCI Host Controller
[    0.859140] usb usb1: Manufacturer: Linux 6.12.18-android16-1-g50eb8d5d443b-ab13257114 xhci-hcd
[    0.860950] usb usb1: SerialNumber: 0000:00:13.0
[    0.862016] hub 1-0:1.0: USB hub found
[    0.862840] hub 1-0:1.0: 4 ports detected
[    0.864019] usb usb2: We don't know the algorithms for LPM for this host, disabling LPM.
[    0.865727] usb usb2: New USB device found, idVendor=1d6b, idProduct=0003, bcdDevice= 6.12
[    0.867436] usb usb2: New USB device strings: Mfr=3, Product=2, SerialNumber=1
[    0.868952] usb usb2: Product: xHCI Host Controller
[    0.869987] usb usb2: Manufacturer: Linux 6.12.18-android16-1-g50eb8d5d443b-ab13257114 xhci-hcd
[    0.871778] usb usb2: SerialNumber: 0000:00:13.0
[    0.872848] hub 2-0:1.0: USB hub found
[    0.873693] hub 2-0:1.0: 4 ports detected
[    0.874928] usbcore: registered new interface driver uas
[    0.876065] usbcore: registered new interface driver usb-storage
[    0.877381] i8042: PNP: No PS/2 controller found.
[    0.878372] i8042: Probing ports directly.
[    0.880025] serio: i8042 KBD port at 0x60,0x64 irq 1
[    0.881111] serio: i8042 AUX port at 0x60,0x64 irq 12
[    0.882283] usbcore: registered new interface driver xpad
[    0.883518] rtc_cmos rtc_cmos: RTC can wake from S4
[    0.885091] rtc_cmos rtc_cmos: registered as rtc0
[    0.886169] rtc_cmos rtc_cmos: setting system clock to 2025-11-10T20:29:05 UTC (1762806545)
[    0.888240] input: AT Raw Set 2 keyboard as /devices/platform/i8042/serio0/input/input1
[    0.890236] rtc_cmos rtc_cmos: alarms up to one day, y3k, 114 bytes nvram, hpet irqs
[    0.891892] gspca_main: v2.14.0 registered
[    0.892792] usbcore: registered new interface driver uvcvideo
[    0.894032] device-mapper: uevent: version 1.0.3
[    0.895056] device-mapper: ioctl: 4.48.0-ioctl (2023-03-01) initialised: dm-devel@lists.linux.dev
[    0.897034] amd_pstate: the _CPC object is not present in SBIOS or ACPI disabled
[    0.898605] sdhci: Secure Digital Host Controller Interface driver
[    0.899894] sdhci: Copyright(c) Pierre Ossman
[    0.900832] sdhci-pltfm: SDHCI platform and OF driver helper
[    0.902062] hid: raw HID events driver (C) Jiri Kosina
[    0.903362] usbcore: registered new interface driver usbhid
[    0.904556] usbhid: USB HID core driver
[    0.905399] ashmem_rust: Using Rust implementation.
[    0.905564] usbcore: registered new interface driver snd-usb-audio
[    0.907974] GACT probability NOT on
[    0.908719] Mirror/redirect action on
[    0.909501] netem: version 1.3
[    0.910142] u32 classifier
[    0.910717]     input device check on
[    0.911471]     Actions configured
[    0.912910] xt_time: kernel timezone is -0000
[    0.913896] ipip: IPv4 and MPLS over IPv4 tunneling driver
[    0.915145] gre: GRE over IPv4 demultiplexor driver
[    0.916194] ip_gre: GRE over IPv4 tunneling driver
[    0.917441] IPv4 over IPsec tunneling driver
[    0.918443] Initializing XFRM netlink socket
[    0.919330] IPsec XFRM device driver
[    0.920107] NET: Registered PF_INET6 protocol family
[    0.921787] Segment Routing with IPv6
[    0.922574] In-situ OAM (IOAM) with IPv6
[    0.923420] mip6: Mobile IPv6
[    0.924196] sit: IPv6, IPv4 and MPLS over IPv4 tunneling driver
[    0.925673] ip6_gre: GRE over IPv6 tunneling driver
[    0.926812] NET: Registered PF_PACKET protocol family
[    0.927858] NET: Registered PF_KEY protocol family
[    0.928997] NET: Registered PF_VSOCK protocol family
[    0.930399] IPI shorthand broadcast: enabled
[    0.931326] AES CTR mode by8 optimization enabled
[    0.935973] sched_clock: Marking stable (920003000, 15914900)->(940583763, -4665863)
[    0.937701] registered taskstats version 1
[    0.938685] Loading compiled-in X.509 certificates
[    0.940171] Loaded X.509 cert 'Build time autogenerated kernel key: 4dcd184ac7973ac97ec937a2f603db90b193326d'
[    0.945860] page_owner is disabled
[    0.946603] Key type .fscrypt registered
[    0.947413] Key type fscrypt-provisioning registered
[    0.965936] ALSA device list:
[    0.966673]   No soundcards found.
[    0.967964] Freeing unused kernel image (initmem) memory: 3096K
[    0.969394] Write protecting the kernel read-only data: 38912k
[    0.970916] Freeing unused kernel image (rodata/data gap) memory: 888K
[    0.972295] Run /init as init process
[    0.973960] init: init first stage started!
[    0.975160] init: Loading module /lib/modules/failover.ko with args ''
[    0.976836] init: Loaded kernel module /lib/modules/failover.ko
[    0.978103] init: Loading module /lib/modules/nd_virtio.ko with args ''
[    0.979671] init: Loaded kernel module /lib/modules/nd_virtio.ko
[    0.980968] init: Loading module /lib/modules/net_failover.ko with args ''
[    0.982722] init: Loaded kernel module /lib/modules/net_failover.ko
[    0.984053] init: Loading module /lib/modules/virtio_dma_buf.ko with args ''
[    0.985662] init: Loaded kernel module /lib/modules/virtio_dma_buf.ko
[    0.987005] init: Loading module /lib/modules/virtio-gpu.ko with args ''
[    0.990021] init: Loaded kernel module /lib/modules/virtio-gpu.ko
[    0.991302] init: Loading module /lib/modules/virtio_input.ko with args ''
[    0.992973] init: Loaded kernel module /lib/modules/virtio_input.ko
[    0.994298] init: Loading module /lib/modules/virtio_net.ko with args ''
[    0.996883] init: Loaded kernel module /lib/modules/virtio_net.ko
[    0.998162] init: Loading module /lib/modules/virtio-rng.ko with args ''
[    0.999742] init: Loaded kernel module /lib/modules/virtio-rng.ko
[    1.001021] init: Loading module /lib/modules/libarc4.ko with args ''
[    1.003197] init: Loaded kernel module /lib/modules/libarc4.ko
[    1.004766] init: Loading module /lib/modules/rfkill.ko with args ''
[    1.007429] init: Loaded kernel module /lib/modules/rfkill.ko
[    1.009293] init: Loading module /lib/modules/cfg80211.ko with args ''
[    1.022137] cfg80211: Loading compiled-in X.509 certificates for regulatory database
[    1.024031] Loaded X.509 cert 'sforshee: 00b28ddf47aef9cea7'
[    1.025439] Loaded X.509 cert 'wens: 61c038651aabdcf94bd0ac7ff06c7248db18c600'
[    1.027103] platform regulatory.0: Direct firmware load for regulatory.db failed with error -2
[    1.029068] cfg80211: failed to load regulatory.db
[    1.033021] init: Loaded kernel module /lib/modules/cfg80211.ko
[    1.034314] init: Loading module /lib/modules/mac80211.ko with args ''
[    1.043954] init: Loaded kernel module /lib/modules/mac80211.ko
[    1.045461] init: Loading module /lib/modules/mac80211_hwsim.ko with args 'radios=0'
[    1.048242] mac80211_hwsim: initializing netlink
[    1.049537] init: Loaded kernel module /lib/modules/mac80211_hwsim.ko
[    1.051097] init: Loading module /lib/modules/virtio_blk.ko with args ''
[    1.053360] init: Loaded kernel module /lib/modules/virtio_blk.ko
[    1.054625] init: Loading module /lib/modules/virtio_console.ko with args ''
[    1.056912] init: Loaded kernel module /lib/modules/virtio_console.ko
[    1.058256] init: Loading module /lib/modules/virtio_pci_modern_dev.ko with args ''
[    1.060604] init: Loaded kernel module /lib/modules/virtio_pci_modern_dev.ko
[    1.062275] init: Loading module /lib/modules/virtio_pci_legacy_dev.ko with args ''
[    1.064603] init: Loaded kernel module /lib/modules/virtio_pci_legacy_dev.ko
[    1.066284] init: Loading module /lib/modules/virtio_pci.ko with args ''
[    1.099285] ACPI: \_SB_.LNKB: Enabled at IRQ 11
[    1.101564] [drm] pci: virtio-gpu-pci detected at 0000:00:02.0
[    1.103115] [drm] features: -virgl +edid -resource_blob -host_visible
[    1.103118] [drm] features: -context_init
[    1.106329] [drm] number of scanouts: 1
[    1.107238] [drm] number of cap sets: 0
[    1.108343] [drm] Initialized virtio_gpu 0.1.0 for 0000:00:02.0 on minor 0
[    1.162308] printk: legacy console [hvc0] enabled
[    1.163398] printk: legacy bootconsole [uart8250] disabled
[    1.186990] ACPI: \_SB_.LNKD: Enabled at IRQ 11
[    1.188300] virtio_blk virtio2: 2/0/0 default/read/poll queues
[    1.189603] virtio_blk virtio2: [vda] 32148608 512-byte logical blocks (16.5 GB/15.3 GiB)
[    1.191035]  vda: vda1 vda2 vda3 vda4 vda5 vda6 vda7 vda8 vda9 vda10 vda11 vda12 vda13 vda14 vda15 vda16 vda17 vda18
[    1.222308] ACPI: \_SB_.LNKA: Enabled at IRQ 10
[    1.223542] virtio_blk virtio3: 2/0/0 default/read/poll queues
[    1.224809] virtio_blk virtio3: [vdb] 2560 512-byte logical blocks (1.31 MB/1.25 MiB)
[    1.229454]  vdb: vdb1 vdb2 vdb3 vdb4
[    1.261073] virtio_blk virtio4: 2/0/0 default/read/poll queues
[    1.262305] virtio_blk virtio4: [vdc] 4194304 512-byte logical blocks (2.15 GB/2.00 GiB)
[    1.263091]  vdc: vdc1
[    1.390042] input: QEMU Virtio Mouse as /devices/pci0000:00/0000:00:0a.0/virtio8/input/input3
[    1.422431] input: QEMU Virtio Keyboard as /devices/pci0000:00/0000:00:0b.0/virtio9/input/input4
[    1.456528] input: Cuttlefish Vhost User Switches 0 as /devices/pci0000:00/0000:00:0c.0/virtio10/input/input5
[    1.490346] input: Cuttlefish Vhost User Rotary 0 as /devices/pci0000:00/0000:00:0d.0/virtio11/input/input6
[    1.616279] init: Loaded kernel module /lib/modules/virtio_pci.ko
[    1.616562] init: Loading module /lib/modules/vmw_vsock_virtio_transport.ko with args ''
[    1.619361] init: Loaded kernel module /lib/modules/vmw_vsock_virtio_transport.ko
[    1.619684] init: Loaded 19 modules from /lib/modules
[    1.619912] init: Loaded 19 kernel modules took 644 ms
[    1.620271] init: Copied ramdisk prop to /second_stage_resources/system/etc/ramdisk/build.prop
[    1.620648] init: Using generic ramdisk copy of snapuserd /system/bin/snapuserd_ramdisk
[    1.620974] init: hard linking /system/bin/snapuserd_ramdisk to /first_stage_ramdisk/system/bin/snapuserd succeeded
[    1.621437] init: Switching root to '/first_stage_ramdisk'
[    1.621768] init: [libfstab] Using Android DT directory /proc/device-tree/firmware/android/
[    1.622118] init: [libfstab] ReadFstabFromDt(): failed to read fstab from dt
[    1.627434] init: [libfs_mgr] Invalid ext4 superblock on '/dev/block/by-name/metadata'
[    1.627851] init: [libfs_mgr] Invalid ext4 superblock on '/dev/block/by-name/metadata'
[    1.633515] init: [libfs_mgr] Created logical partition product_a on device /dev/block/dm-0
[    1.633853] init: [libfs_mgr] Skipping zero-length logical partition: product_b
[    1.634379] init: [libfs_mgr] Created logical partition system_a on device /dev/block/dm-1
[    1.634951] init: [libfs_mgr] Created logical partition system_b on device /dev/block/dm-2
[    1.635478] init: [libfs_mgr] Created logical partition system_ext_a on device /dev/block/dm-3
[    1.635820] init: [libfs_mgr] Skipping zero-length logical partition: system_ext_b
[    1.636331] init: [libfs_mgr] Created logical partition system_dlkm_a on device /dev/block/dm-4
[    1.636689] init: [libfs_mgr] Skipping zero-length logical partition: system_dlkm_b
[    1.637230] init: [libfs_mgr] Created logical partition odm_a on device /dev/block/dm-5
[    1.637550] init: [libfs_mgr] Skipping zero-length logical partition: odm_b
[    1.638033] init: [libfs_mgr] Created logical partition vendor_a on device /dev/block/dm-6
[    1.638352] init: [libfs_mgr] Skipping zero-length logical partition: vendor_b
[    1.638845] init: [libfs_mgr] Created logical partition vendor_dlkm_a on device /dev/block/dm-7
[    1.639193] init: [libfs_mgr] Skipping zero-length logical partition: vendor_dlkm_b
[    1.639732] init: [libfs_mgr] Created logical partition odm_dlkm_a on device /dev/block/dm-8
[    1.640087] init: [libfs_mgr] Skipping zero-length logical partition: odm_dlkm_b
[    1.640389] init: DSU not detected, proceeding with normal boot
[    1.644293] init: [libfs_avb] Returning avb_handle with status: Success
[    1.648644] init: [libfs_avb] : Error verifying vbmeta image: OK_NOT_SIGNED
[    1.648985] init: [libfs_avb] public key data shouldn't be empty for /system
[    1.649273] init: [libfs_avb] Found unknown public key used to sign /system
[    1.649557] init: [libfs_avb] Returning avb_handle for '/system' with status: VerificationError
[    1.649943] init: [libfs_avb] Built verity table: '1 /dev/block/dm-1 /dev/block/dm-1 4096 4096 173472 173472 sha256 50ec6037f9292966eaed3736f967174326e3d01773e2e33b0b51e60d70e5b3bd 580b175bb5dc541fbd6b3432a2e2fec813ebc8851774a9ada7be86ce5d225de5 10 use_fec_from_device /dev/block/dm-1 fec_roots 2 fec_blocks 174840 fec_start 174840 restart_on_corruption ignore_zero_blocks'
[    1.651224] device-mapper: verity: sha256 using shash "sha256-ni" (multibuffer)
[    1.655348] erofs: (device dm-9): mounted with root inode @ nid 56.
[    1.655699] init: [libfs_mgr] __mount(source=/dev/block/dm-9,target=/system,type=erofs)=0: Success
[    1.656260] init: Switching root to '/system'
[    1.659857] init: [libfs_avb] Built verity table: '1 /dev/block/dm-5 /dev/block/dm-5 4096 4096 96 96 sha256 f9b59fa9cbf453f1ec6509b804d580f46f529ed441ecd96830106e6979b92e2f 580b175bb5dc541fbd6b3432a2e2fec813ebc8851774a9ada7be86ce5d225de5 10 use_fec_from_device /dev/block/dm-5 fec_roots 2 fec_blocks 97 fec_start 97 restart_on_corruption ignore_zero_blocks'
[    1.661070] device-mapper: verity: sha256 using shash "sha256-ni" (multibuffer)
[    1.666685] erofs: (device dm-10): mounted with root inode @ nid 38.
[    1.666948] init: [libfs_mgr] __mount(source=/dev/block/dm-10,target=/odm,type=erofs)=0: Success
[    1.667430] init: [libfs_avb] Built verity table: '1 /dev/block/dm-0 /dev/block/dm-0 4096 4096 59262 59262 sha256 fc992826e2222596e1794311e8b87ee5e903ba4c18acdf48526e5b99cb3b5cf8 580b175bb5dc541fbd6b3432a2e2fec813ebc8851774a9ada7be86ce5d225de5 10 use_fec_from_device /dev/block/dm-0 fec_roots 2 fec_blocks 59730 fec_start 59730 restart_on_corruption ignore_zero_blocks'
[    1.668698] device-mapper: verity: sha256 using shash "sha256-ni" (multibuffer)
[    1.674079] erofs: (device dm-11): mounted with root inode @ nid 40.
[    1.674345] init: [libfs_mgr] __mount(source=/dev/block/dm-11,target=/product,type=erofs)=0: Success
[    1.674836] init: [libfs_avb] Built verity table: '1 /dev/block/dm-3 /dev/block/dm-3 4096 4096 77576 77576 blake2b-256 48e1bc464f6388990d2a578df755160c8c813fc5f26747308590d4e4562028d3 580b175bb5dc541fbd6b3432a2e2fec813ebc8851774a9ada7be86ce5d225de5 10 use_fec_from_device /dev/block/dm-3 fec_roots 2 fec_blocks 78189 fec_start 78189 restart_on_corruption ignore_zero_blocks'
[    1.676085] device-mapper: verity: blake2b-256 using shash "blake2b-256-generic"
[    1.681705] erofs: (device dm-12): mounted with root inode @ nid 39.
[    1.681972] init: [libfs_mgr] __mount(source=/dev/block/dm-12,target=/system_ext,type=erofs)=0: Success
[    1.682493] init: [libfs_avb] Built verity table: '1 /dev/block/dm-6 /dev/block/dm-6 4096 4096 57716 57716 sha256 7ee8c5b7553c5846cd840c4a643118d0cfc5a96d19882f253c5cd864a2a2ef92 580b175bb5dc541fbd6b3432a2e2fec813ebc8851774a9ada7be86ce5d225de5 10 use_fec_from_device /dev/block/dm-6 fec_roots 2 fec_blocks 58172 fec_start 58172 restart_on_corruption ignore_zero_blocks'
[    1.683766] device-mapper: verity: sha256 using shash "sha256-ni" (multibuffer)
[    1.689928] erofs: (device dm-13): mounted with root inode @ nid 48.
[    1.690198] init: [libfs_mgr] __mount(source=/dev/block/dm-13,target=/vendor,type=erofs)=0: Success
[    1.690699] init: [libfs_avb] Built verity table: '1 /dev/block/dm-7 /dev/block/dm-7 4096 4096 241 241 sha256 979829de7dcc6920047b7b4f44c0395b9d4e199c8bbaf4d63f4d8be55e744ca8 580b175bb5dc541fbd6b3432a2e2fec813ebc8851774a9ada7be86ce5d225de5 10 use_fec_from_device /dev/block/dm-7 fec_roots 2 fec_blocks 244 fec_start 244 restart_on_corruption ignore_zero_blocks'
[    1.691942] device-mapper: verity: sha256 using shash "sha256-ni" (multibuffer)
[    1.694024] erofs: (device dm-14): mounted with root inode @ nid 39.
[    1.694291] init: [libfs_mgr] __mount(source=/dev/block/dm-14,target=/vendor_dlkm,type=erofs)=0: Success
[    1.694779] init: [libfs_avb] Built verity table: '1 /dev/block/dm-8 /dev/block/dm-8 4096 4096 10 10 sha256 52379ccfc7312c8cc7a559593dc595664182c9bd1250ac8f6c346068b2c93463 580b175bb5dc541fbd6b3432a2e2fec813ebc8851774a9ada7be86ce5d225de5 10 use_fec_from_device /dev/block/dm-8 fec_roots 2 fec_blocks 11 fec_start 11 restart_on_corruption ignore_zero_blocks'
[    1.696002] device-mapper: verity: sha256 using shash "sha256-ni" (multibuffer)
[    1.697790] erofs: (device dm-15): mounted with root inode @ nid 38.
[    1.698055] init: [libfs_mgr] __mount(source=/dev/block/dm-15,target=/odm_dlkm,type=erofs)=0: Success
[    1.698955] init: [libfs_avb] : Error verifying vbmeta image: OK_NOT_SIGNED
[    1.699297] init: [libfs_avb] public key data shouldn't be empty for /system_dlkm
[    1.699603] init: [libfs_avb] Found unknown public key used to sign /system_dlkm
[    1.699897] init: [libfs_avb] Returning avb_handle for '/system_dlkm' with status: VerificationError
[    1.700263] init: Image rollback detected for /system_dlkm, SPL switches from '' to ''
[    1.700605] init: Allowing rollbacked standalone image when the device is unlocked
[    1.700940] init: [libfs_avb] Built verity table: '1 /dev/block/dm-4 /dev/block/dm-4 4096 4096 1926 1926 sha256 dfbfe560f03d43189ae6bd5acc3df6fcc636bc40d878426284659d01e33b2108 580b175bb5dc541fbd6b3432a2e2fec813ebc8851774a9ada7be86ce5d225de5 10 use_fec_from_device /dev/block/dm-4 fec_roots 2 fec_blocks 1943 fec_start 1943 restart_on_corruption ignore_zero_blocks'
[    1.702176] device-mapper: verity: sha256 using shash "sha256-ni" (multibuffer)
[    1.703802] erofs: (device dm-16): mounted with root inode @ nid 38.
[    1.704102] init: [libfs_mgr] __mount(source=/dev/block/dm-16,target=/system_dlkm,type=erofs)=0: Success
[    1.716641] init: Skipped setting INIT_AVB_VERSION (not in recovery mode)
[    1.768356] init: [libfstab] Using Android DT directory /proc/device-tree/firmware/android/
[    1.770977] init: Opening SELinux policy
[    1.774717] init: Loading SELinux policy
[    1.783342] SELinux:  policy capability network_peer_controls=1
[    1.783574] SELinux:  policy capability open_perms=1
[    1.783762] SELinux:  policy capability extended_socket_class=1
[    1.783992] SELinux:  policy capability always_check_network=0
[    1.784202] SELinux:  policy capability cgroup_seclabel=0
[    1.784411] SELinux:  policy capability nnp_nosuid_transition=1
[    1.784645] SELinux:  policy capability genfs_seclabel_symlinks=0
[    1.784882] SELinux:  policy capability ioctl_skip_cloexec=0
[    1.785116] SELinux:  policy capability userspace_initial_context=0
[    1.789772] audit: type=1403 audit(1762806546.384:2): auid=4294967295 ses=4294967295 lsm=selinux res=1
[    1.790115] audit: type=1300 audit(1762806546.384:2): arch=c000003e syscall=1 success=yes exit=779526 a0=4 a1=7eff08d40af0 a2=be506 a3=0 items=0 ppid=0 pid=1 auid=4294967295 uid=0 gid=0 euid=0 suid=0 fsuid=0 egid=0 sgid=0 fsgid=0 tty=(none) ses=4294967295 comm="init" exe="/system/bin/init" subj=u:r:kernel:s0 key=(null)
[    1.791091] audit: type=1327 audit(1762806546.384:2): proctitle=2F73797374656D2F62696E2F696E69740073656C696E75785F7365747570
[    1.791475] audit: type=1404 audit(1762806546.400:3): enforcing=1 old_enforcing=0 auid=4294967295 ses=4294967295 enabled=1 old-enabled=1 lsm=selinux res=1
[    1.791976] audit: type=1300 audit(1762806546.400:3): arch=c000003e syscall=1 success=yes exit=1 a0=4 a1=7ffff42c51c0 a2=1 a3=ffffffff items=0 ppid=0 pid=1 auid=4294967295 uid=0 gid=0 euid=0 suid=0 fsuid=0 egid=0 sgid=0 fsgid=0 tty=(none) ses=4294967295 comm="init" exe="/system/bin/init" subj=u:r:kernel:s0 key=(null)
[    1.792115] selinux: SELinux: Loaded file context from:
[    1.792210] audit: type=1327 audit(1762806546.400:3): proctitle=2F73797374656D2F62696E2F696E69740073656C696E75785F7365747570
[    1.792270] selinux: 		/system/etc/selinux/plat_file_contexts
[    1.793651] selinux: 		/system_ext/etc/selinux/system_ext_file_contexts
[    1.793900] selinux: 		/product/etc/selinux/product_file_contexts
[    1.794140] selinux: 		/vendor/etc/selinux/vendor_file_contexts
[    1.794380] selinux: 		/odm/etc/selinux/odm_file_contexts
[    1.801601] init: init second stage started!
[    1.807720] selinux: SELinux: Loaded file context from:
[    1.807974] selinux: 		/system/etc/selinux/plat_file_contexts
[    1.808232] selinux: 		/system_ext/etc/selinux/system_ext_file_contexts
[    1.808508] selinux: 		/product/etc/selinux/product_file_contexts
[    1.808765] selinux: 		/vendor/etc/selinux/vendor_file_contexts
[    1.809016] selinux: 		/odm/etc/selinux/odm_file_contexts
[    1.824003] init: [libfstab] Using Android DT directory /proc/device-tree/firmware/android/
[    1.826821] init: Overriding previous property 'ro.config.notification_sound':'OnTheHunt.ogg' with new value 'pixiedust.ogg'
[    1.827272] init: Overriding previous property 'ro.com.android.dataroaming':'false' with new value 'true'
[    1.828440] init: Setting product property ro.product.brand to 'generic' (from ro.product.product.brand)
[    1.828813] init: Setting product property ro.product.device to 'vsoc_x86_64_only' (from ro.product.product.device)
[    1.829238] init: Setting product property ro.product.manufacturer to 'Google' (from ro.product.product.manufacturer)
[    1.829657] init: Setting product property ro.product.model to 'Cuttlefish x86_64 phone 64-bit only' (from ro.product.product.model)
[    1.830109] init: Setting product property ro.product.name to 'aosp_cf_x86_64_only_phone' (from ro.product.product.name)
[    1.830536] init: Setting property 'ro.build.fingerprint' to 'generic/aosp_cf_x86_64_only_phone/vsoc_x86_64_only:16/BP2A.250605.031.A2.dd3c58ec/14085914:userdebug/test-keys'
[    1.831129] init: Setting property 'ro.build.legacy.fingerprint' to 'generic/aosp_cf_x86_64_only_phone/vsoc_x86_64_only:16/BP2A.250605.031.A2/14085914:userdebug/test-keys'
[    1.831709] init: Setting property 'ro.product.cpu.abilist' to 'x86_64,arm64-v8a'
[    1.832031] init: Setting property 'ro.product.cpu.abilist32' to ''
[    1.832299] init: Setting property 'ro.product.cpu.abilist64' to 'x86_64,arm64-v8a'
[    1.832755] init: Running restorecon...
[    1.839939] init: Created socket '/dev/socket/property_service_for_system', mode 660, user 0, group 1000
[    1.840421] init: Created socket '/dev/socket/property_service', mode 666, user 0, group 0
[    1.841089] init: [libfs_mgr] vendor overlay: vndk version not defined
[    1.841878] init: SetupMountNamespaces done
[    1.842615] init: Forked subcontext for 'u:r:vendor_init:s0' with pid 99
[    1.843423] init: Parsing file /system/etc/init/hw/init.rc...
[    1.844154] init: Added '/init.environ.rc' to import list
[    1.844383] init: Added '/system/etc/init/hw/init.usb.rc' to import list
[    1.844656] init: Added '/init.cutf_cvm.rc' to import list
[    1.844884] init: Added '/vendor/etc/init/hw/init.cutf_cvm.rc' to import list
[    1.845190] init: Added '/system/etc/init/hw/init.usb.configfs.rc' to import list
[    1.845553] init: Added '/system/etc/init/hw/init.zygote64.rc' to import list
[    1.846116] init: Added '/system/etc/init/hw/init.boringssl.zygote64.rc' to import list
[    1.846781] init: Parsing file /init.environ.rc...
[    1.847042] init: Parsing file /system/etc/init/hw/init.usb.rc...
[    1.847531] init: Parsing file /init.cutf_cvm.rc...
[    1.847763] init: Unable to read config file '/init.cutf_cvm.rc': open() failed: No such file or directory
[    1.848396] init: Parsing file /vendor/etc/init/hw/init.cutf_cvm.rc...
[    1.848680] init: Unable to read config file '/vendor/etc/init/hw/init.cutf_cvm.rc': open() failed: No such file or directory
[    1.849163] init: Parsing file /system/etc/init/hw/init.usb.configfs.rc...
[    1.849673] init: Parsing file /system/etc/init/hw/init.zygote64.rc...
[    1.849991] init: Parsing file /system/etc/init/hw/init.boringssl.zygote64.rc...
[    1.850326] init: Parsing directory /system/etc/init...
[    1.850601] init: Parsing file /system/etc/init/aconfigd.rc...
[    1.851106] init: Parsing file /system/etc/init/android.system.suspend-service.rc...
[    1.851444] init: Parsing file /system/etc/init/apexd.rc...
[    1.851721] init: Parsing file /system/etc/init/atrace.rc...
[    1.852447] init: Parsing file /system/etc/init/atrace_userdebug.rc...
[    1.852966] init: Parsing file /system/etc/init/audioserver.rc...
[    1.853304] init: Parsing file /system/etc/init/blank_screen.rc...
[    1.853601] init: Parsing file /system/etc/init/bootanim.rc...
[    1.854103] init: Parsing file /system/etc/init/bootstat-debug.rc...
[    1.854390] init: Parsing file /system/etc/init/bootstat.rc...
[    1.854801] init: Parsing file /system/etc/init/cameraserver.rc...
[    1.855096] init: Parsing file /system/etc/init/clean_scratch_files.rc...
[    1.855398] init: Parsing file /system/etc/init/cppreopts.rc...
[    1.855709] init: Parsing file /system/etc/init/credstore.rc...
[    1.856032] init: Parsing file /system/etc/init/dmesgd.rc...
[    1.856329] init: Parsing file /system/etc/init/drmserver.rc...
[    1.856636] init: Parsing file /system/etc/init/dumpstate.rc...
[    1.856944] init: Parsing file /system/etc/init/flags_health_check.rc...
[    1.857255] init: Parsing file /system/etc/init/gatekeeperd.rc...
[    1.857556] init: Parsing file /system/etc/init/gpuservice.rc...
[    1.857848] init: Parsing file /system/etc/init/gsid.rc...
[    1.858125] init: Parsing file /system/etc/init/heapprofd.rc...
[    1.858569] init: Parsing file /system/etc/init/idmap2d.rc...
[    1.858858] init: Parsing file /system/etc/init/incidentd.rc...
[    1.859161] init: Parsing file /system/etc/init/init-debug.rc...
[    1.859462] init: Parsing file /system/etc/init/init-mmd-prop.rc...
[    1.859865] init: Parsing file /system/etc/init/installd.rc...
[    1.860326] init: Parsing file /system/etc/init/kcmdlinectrl.rc...
[    1.860624] init: Parsing file /system/etc/init/keystore2.rc...
[    1.860926] init: Parsing file /system/etc/init/llkd-debuggable.rc...
[    1.861241] init: Parsing file /system/etc/init/llkd.rc...
[    1.861525] init: Parsing file /system/etc/init/lmkd.rc...
[    1.861917] init: Parsing file /system/etc/init/logcatd.rc...
[    1.862324] init: Parsing file /system/etc/init/logd.rc...
[    1.862636] init: Parsing file /system/etc/init/logtagd.rc...
[    1.862920] init: Parsing file /system/etc/init/lpdumpd.rc...
[    1.863222] init: Parsing file /system/etc/init/mdnsd.rc...
[    1.863494] init: Parsing file /system/etc/init/mediaextractor.rc...
[    1.863882] init: Parsing file /system/etc/init/mediametrics.rc...
[    1.864230] init: Parsing file /system/etc/init/mediaserver.rc...
[    1.864529] init: Parsing file /system/etc/init/misctrl.rc...
[    1.864810] init: Parsing file /system/etc/init/mtectrl.rc...
[    1.865117] init: Parsing file /system/etc/init/netbpfload.rc...
[    1.865497] init: Parsing file /system/etc/init/netd.rc...
[    1.865851] init: Parsing file /system/etc/init/odsign.rc...
[    1.866128] init: Parsing file /system/etc/init/otapreopt.rc...
[    1.866413] init: Parsing file /system/etc/init/perfetto.rc...
[    1.866905] init: Parsing file /system/etc/init/prefetch.rc...
[    1.867195] init: Parsing file /system/etc/init/prng_seeder.rc...
[    1.867492] init: Parsing file /system/etc/init/profcollectd.rc...
[    1.867889] init: Parsing file /system/etc/init/recovery-persist.rc...
[    1.868195] init: Parsing file /system/etc/init/recovery-refresh.rc...
[    1.868490] init: Parsing file /system/etc/init/rss_hwm_reset.rc...
[    1.868794] init: Parsing file /system/etc/init/servicemanager.rc...
[    1.869099] init: Parsing file /system/etc/init/simpleperf.rc...
[    1.869378] init: Parsing file /system/etc/init/snapuserd.rc...
[    1.869680] init: Parsing file /system/etc/init/storaged.rc...
[    1.869962] init: Parsing file /system/etc/init/surfaceflinger.rc...
[    1.870255] init: Parsing file /system/etc/init/tombstoned.rc...
[    1.870661] init: Parsing file /system/etc/init/traced_perf.rc...
[    1.870972] init: Parsing file /system/etc/init/tradeinmode.rc...
[    1.871256] init: Parsing file /system/etc/init/uncrypt.rc...
[    1.871551] init: Parsing file /system/etc/init/update_engine.rc...
[    1.871851] init: Parsing file /system/etc/init/update_verifier.rc...
[    1.872239] init: Parsing file /system/etc/init/usbd.rc...
[    1.872498] init: Parsing file /system/etc/init/virtual_camera.hal.rc...
[    1.872798] init: Parsing file /system/etc/init/vold.rc...
[    1.873055] init: Parsing file /system/etc/init/wifi.rc...
[    1.873439] init: Parsing file /system/etc/init/wificond.rc...
[    1.873731] init: Parsing directory /system_ext/etc/init...
[    1.873979] init: Parsing file /system_ext/etc/init/aidl_lazy_cb_test_server.rc...
[    1.874525] init: Parsing file /system_ext/etc/init/aidl_lazy_test_server.rc...
[    1.874869] init: Parsing file /system_ext/etc/init/android.hardware.audio.parameter_parser.example_service.rc...
[    1.875305] init: Parsing file /system_ext/etc/init/android.hardware.security.keymint-service.trusty_system_vm.rc...
[    1.875747] init: Parsing file /system_ext/etc/init/android.hidl.allocator@1.0-service.rc...
[    1.876146] init: Parsing file /system_ext/etc/init/hwservicemanager.rc...
[    1.876723] init: Parsing file /system_ext/etc/init/rpmb_dev.system.rc...
[    1.877051] init: Parsing file /system_ext/etc/init/rpmb_dev.test.system.rc...
[    1.877520] init: Parsing file /system_ext/etc/init/trusty_security_vm_launcher.rc...
[    1.877874] init: Parsing directory /vendor/etc/init...
[    1.878114] init: Parsing file /vendor/etc/init/android.hardware.security.keymint-service.trusty_tee.cpp.rc...
[    1.878753] init: Parsing file /vendor/etc/init/android.hardware.security.keymint-service.trusty_tee.rc...
[    1.879151] init: Parsing file /vendor/etc/init/boringssl_self_test.rc...
[    1.879653] init: Added '/vendor/etc/boringssl_self_test.zygote64.rc' to import list
[    1.880014] init: Parsing file /vendor/etc/boringssl_self_test.zygote64.rc...
[    1.880550] init: Parsing file /vendor/etc/init/face-default.rc...
[    1.880841] init: Parsing file /vendor/etc/init/fingerprint-default.rc...
[    1.881160] init: Parsing file /vendor/etc/init/init.cutf_cvm.rc...
[    1.881916] init: Parsing file /vendor/etc/init/init_graphics.vendor.rc...
[    1.882356] init: Parsing file /vendor/etc/init/seriallogging.rc...
[    1.882661] init: Parsing file /odm/etc/init...
[    1.882889] init: Unable to read config file '/odm/etc/init': open() failed: No such file or directory
[    1.883266] init: Parsing directory /product/etc/init...
[    1.883503] init: Parsing file /product/etc/init/init.rc...
[    1.884189] init: processing action (SetupCgroups) from (<Builtin Action>:0)
[    1.885323] libprocessgroup: Failed to mount controller cpuset: No such device
[    1.885633] libprocessgroup: Failed to setup cpuset cgroup
[    1.885886] libprocessgroup: Using system/app isolation under: /sys/fs/cgroup
[    1.891160] init: processing action (SetKptrRestrict) from (<Builtin Action>:0)
[    1.891569] init: processing action (TestPerfEventSelinux) from (<Builtin Action>:0)
[    1.892043] init: processing action (early-init) from (/system/etc/init/hw/init.rc:15)
[    1.893832] init: starting service 'ueventd'...
[    1.896820] libprocessgroup: A JoinCgroup action in the SystemMemoryProcess profile is used for controller memory in the cgroup v2 hierarchy and will be ignored
[    1.897821] init: ... started service 'ueventd' has pid 100
[    1.898727] init: starting service 'apexd-bootstrap'...
[    1.900290] init: ... started service 'apexd-bootstrap' has pid 101
[    1.900599] init: SVC_EXEC service 'apexd-bootstrap' pid 101 (uid 0 gid 1000+0 context default) started; waiting...
[    1.904780] ueventd: ueventd started!
[    1.905925] selinux: SELinux: Loaded file context from:
[    1.906187] selinux: 		/system/etc/selinux/plat_file_contexts
[    1.906473] selinux: 		/system_ext/etc/selinux/system_ext_file_contexts
[    1.906759] selinux: 		/product/etc/selinux/product_file_contexts
[    1.907040] selinux: 		/vendor/etc/selinux/vendor_file_contexts
[    1.907314] selinux: 		/odm/etc/selinux/odm_file_contexts
[    1.907805] ueventd: Parsing file /system/etc/ueventd.rc...
[    1.908115] ueventd: Added '/vendor/etc/ueventd.rc' to import list
[    1.908394] ueventd: Added '/odm/etc/ueventd.rc' to import list
[    1.908791] ueventd: Parsing file /vendor/etc/ueventd.rc...
[    1.909184] ueventd: Parsing file /odm/etc/ueventd.rc...
[    1.909438] ueventd: Unable to read config file '/odm/etc/ueventd.rc': open() failed: No such file or directory
[    1.925405] apexd: Started. subcommand = --bootstrap
[    1.926097] apexd-bootstrap: Scanning /odm/apex for pre-installed ApexFiles
[    1.926389] apexd-bootstrap: /odm/apex does not exist. Skipping
[    1.926656] apexd-bootstrap: Scanning /vendor/apex for pre-installed ApexFiles
[    1.927075] apexd-bootstrap: Found pre-installed APEX /vendor/apex/com.android.hardware.audio.apex
[    1.927432] apexd-bootstrap: Found pre-installed APEX /vendor/apex/com.android.hardware.authsecret.apex
[    1.927805] apexd-bootstrap: Found pre-installed APEX /vendor/apex/com.android.hardware.boot.apex
[    1.928179] apexd-bootstrap: Found pre-installed APEX /vendor/apex/com.android.hardware.cas.apex
[    1.928528] apexd-bootstrap: Found pre-installed APEX /vendor/apex/com.android.hardware.contexthub.apex
[    1.928896] apexd-bootstrap: Found pre-installed APEX /vendor/apex/com.android.hardware.drm.clearkey.apex
[    1.929269] apexd-bootstrap: Found pre-installed APEX /vendor/apex/com.android.hardware.dumpstate.apex
[    1.929635] apexd-bootstrap: Found pre-installed APEX /vendor/apex/com.android.hardware.gatekeeper.cf_remote.apex
[    1.930036] apexd-bootstrap: Found pre-installed APEX /vendor/apex/com.android.hardware.gatekeeper.nonsecure.apex
[    1.930466] apexd-bootstrap: Found pre-installed APEX /vendor/apex/com.android.hardware.gnss.apex
[    1.930822] apexd-bootstrap: Found pre-installed APEX /vendor/apex/com.android.hardware.graphics.composer.drm_hwcomposer.apex
[    1.931259] apexd-bootstrap: Found pre-installed APEX /vendor/apex/com.android.hardware.graphics.composer.ranchu.apex
[    1.931672] apexd-bootstrap: Found pre-installed APEX /vendor/apex/com.android.hardware.input.processor.apex
[    1.932084] apexd-bootstrap: Found pre-installed APEX /vendor/apex/com.android.hardware.keymint.rust_cf_guest_trusty_nonsecure.apex
[    1.932557] apexd-bootstrap: Found pre-installed APEX /vendor/apex/com.android.hardware.keymint.rust_cf_remote.apex
[    1.932966] apexd-bootstrap: Found pre-installed APEX /vendor/apex/com.android.hardware.keymint.rust_nonsecure.apex
[    1.933371] apexd-bootstrap: Found pre-installed APEX /vendor/apex/com.android.hardware.memtrack.apex
[    1.933738] apexd-bootstrap: Found pre-installed APEX /vendor/apex/com.android.hardware.net.nlinterceptor.apex
[    1.934129] apexd-bootstrap: Found pre-installed APEX /vendor/apex/com.android.hardware.neuralnetworks.apex
[    1.934510] apexd-bootstrap: Found pre-installed APEX /vendor/apex/com.android.hardware.power.apex
[    1.934866] apexd-bootstrap: Found pre-installed APEX /vendor/apex/com.android.hardware.rebootescrow.apex
[    1.935233] apexd-bootstrap: Found pre-installed APEX /vendor/apex/com.android.hardware.secure_element.apex
[    1.935614] apexd-bootstrap: Found pre-installed APEX /vendor/apex/com.android.hardware.security.authgraph.apex
[    1.936027] apexd-bootstrap: Found pre-installed APEX /vendor/apex/com.android.hardware.security.secretkeeper.apex
[    1.936426] apexd-bootstrap: Found pre-installed APEX /vendor/apex/com.android.hardware.sensors.apex
[    1.936786] apexd-bootstrap: Found pre-installed APEX /vendor/apex/com.android.hardware.tetheroffload.apex
[    1.937164] apexd-bootstrap: Found pre-installed APEX /vendor/apex/com.android.hardware.thermal.apex
[    1.937523] apexd-bootstrap: Found pre-installed APEX /vendor/apex/com.android.hardware.threadnetwork.apex
[    1.937894] apexd-bootstrap: Found pre-installed APEX /vendor/apex/com.android.hardware.usb.apex
[    1.938239] apexd-bootstrap: Found pre-installed APEX /vendor/apex/com.android.hardware.uwb.apex
[    1.938590] apexd-bootstrap: Found pre-installed APEX /vendor/apex/com.android.hardware.vibrator.apex
[    1.938952] apexd-bootstrap: Found pre-installed APEX /vendor/apex/com.android.hardware.wifi.apex
[    1.939310] apexd-bootstrap: Found pre-installed APEX /vendor/apex/com.google.cf.bt.apex
[    1.939649] apexd-bootstrap: Found pre-installed APEX /vendor/apex/com.google.cf.confirmationui.apex
[    1.940028] apexd-bootstrap: Found pre-installed APEX /vendor/apex/com.google.cf.gralloc.apex
[    1.940392] apexd-bootstrap: Found pre-installed APEX /vendor/apex/com.google.cf.health.apex
[    1.940737] apexd-bootstrap: Found pre-installed APEX /vendor/apex/com.google.cf.health.storage.apex
[    1.941103] apexd-bootstrap: Found pre-installed APEX /vendor/apex/com.google.cf.identity.apex
[    1.941448] apexd-bootstrap: Found pre-installed APEX /vendor/apex/com.google.cf.input.config.apex
[    1.941809] apexd-bootstrap: Found pre-installed APEX /vendor/apex/com.google.cf.ir.apex
[    1.942123] apexd-bootstrap: Found pre-installed APEX /vendor/apex/com.google.cf.light.apex
[    1.942451] apexd-bootstrap: Found pre-installed APEX /vendor/apex/com.google.cf.nfc.apex
[    1.942781] apexd-bootstrap: Found pre-installed APEX /vendor/apex/com.google.cf.oemlock.apex
[    1.943126] apexd-bootstrap: Found pre-installed APEX /vendor/apex/com.google.cf.rild.apex
[    1.943447] apexd-bootstrap: Found pre-installed APEX /vendor/apex/com.google.cf.vulkan.apex
[    1.943792] apexd-bootstrap: Found pre-installed APEX /vendor/apex/com.google.cf.wifi.apex
[    1.967877] apexd-bootstrap: Found pre-installed APEX /vendor/apex/com.google.cf.wpa_supplicant.apex
[    1.968290] apexd-bootstrap: Found pre-installed APEX /vendor/apex/com.google.emulated.camera.provider.hal.apex
[    1.968732] apexd-bootstrap: Found pre-installed APEX /vendor/apex/com.google.emulated.camera.provider.hal.fastscenecycle.apex
[    1.969228] apexd-bootstrap: Scanning /product/apex for pre-installed ApexFiles
[    1.969553] apexd-bootstrap: /product/apex does not exist. Skipping
[    1.969824] apexd-bootstrap: Scanning /system_ext/apex for pre-installed ApexFiles
[    1.970166] apexd-bootstrap: Found pre-installed APEX /system_ext/apex/com.android.compos.apex
[    1.970518] apexd-bootstrap: Found pre-installed APEX /system_ext/apex/com.android.hardware.biometrics.face.virtual.apex
[    1.970932] apexd-bootstrap: Found pre-installed APEX /system_ext/apex/com.android.hardware.biometrics.fingerprint.virtual.apex
[    1.971383] apexd-bootstrap: Found pre-installed APEX /system_ext/apex/com.android.vndk.v30.apex
[    1.971734] apexd-bootstrap: Found pre-installed APEX /system_ext/apex/com.android.vndk.v31.apex
[    1.972103] apexd-bootstrap: Found pre-installed APEX /system_ext/apex/com.android.vndk.v32.apex
[    1.972534] apexd-bootstrap: Found pre-installed APEX /system_ext/apex/com.android.vndk.v33.apex
[    1.972882] apexd-bootstrap: Found pre-installed APEX /system_ext/apex/com.android.vndk.v34.apex
[    1.973242] apexd-bootstrap: Scanning /system/apex for pre-installed ApexFiles
[    1.973594] apexd-bootstrap: Found pre-installed APEX /system/apex/com.android.adbd.capex
[    1.973919] apexd-bootstrap: Found pre-installed APEX /system/apex/com.android.adservices.capex
[    1.974276] apexd-bootstrap: Found pre-installed APEX /system/apex/com.android.apex.cts.shim.apex
[    1.974636] apexd-bootstrap: Found pre-installed APEX /system/apex/com.android.appsearch.capex
[    1.974985] apexd-bootstrap: Found pre-installed APEX /system/apex/com.android.art.capex
[    1.975304] apexd-bootstrap: Found pre-installed APEX /system/apex/com.android.bt.apex
[    1.975624] apexd-bootstrap: Found pre-installed APEX /system/apex/com.android.cellbroadcast.capex
[    1.976092] apexd-bootstrap: Found pre-installed APEX /system/apex/com.android.configinfrastructure.capex
[    1.976469] apexd-bootstrap: Found pre-installed APEX /system/apex/com.android.conscrypt.capex
[    1.976817] apexd-bootstrap: Found pre-installed APEX /system/apex/com.android.crashrecovery.capex
[    1.977187] apexd-bootstrap: Found pre-installed APEX /system/apex/com.android.devicelock.apex
[    1.977539] apexd-bootstrap: Found pre-installed APEX /system/apex/com.android.extservices.capex
[    1.977886] apexd-bootstrap: Found pre-installed APEX /system/apex/com.android.healthfitness.apex
[    1.978238] apexd-bootstrap: Found pre-installed APEX /system/apex/com.android.i18n.apex
[    1.978559] apexd-bootstrap: Found pre-installed APEX /system/apex/com.android.ipsec.capex
[    1.978882] apexd-bootstrap: Found pre-installed APEX /system/apex/com.android.media.capex
[    1.979203] apexd-bootstrap: Found pre-installed APEX /system/apex/com.android.media.swcodec.capex
[    1.979562] apexd-bootstrap: Found pre-installed APEX /system/apex/com.android.mediaprovider.capex
[    1.979940] apexd-bootstrap: Found pre-installed APEX /system/apex/com.android.neuralnetworks.capex
[    1.980470] apexd-bootstrap: Found pre-installed APEX /system/apex/com.android.nfcservices.capex
[    1.980818] apexd-bootstrap: Found pre-installed APEX /system/apex/com.android.ondevicepersonalization.capex
[    1.981214] apexd-bootstrap: Found pre-installed APEX /system/apex/com.android.os.statsd.apex
[    1.981566] apexd-bootstrap: Found pre-installed APEX /system/apex/com.android.permission.capex
[    1.981921] apexd-bootstrap: Found pre-installed APEX /system/apex/com.android.profiling.capex
[    1.982266] apexd-bootstrap: Found pre-installed APEX /system/apex/com.android.resolv.capex
[    1.982600] apexd-bootstrap: Found pre-installed APEX /system/apex/com.android.rkpd.apex
[    1.982916] apexd-bootstrap: Found pre-installed APEX /system/apex/com.android.runtime.apex
[    1.983250] apexd-bootstrap: Found pre-installed APEX /system/apex/com.android.scheduling.capex
[    1.983609] apexd-bootstrap: Found pre-installed APEX /system/apex/com.android.sdkext.apex
[    1.983944] apexd-bootstrap: Found pre-installed APEX /system/apex/com.android.tethering.capex
[    1.984289] apexd-bootstrap: Found pre-installed APEX /system/apex/com.android.tzdata.apex
[    1.984615] apexd-bootstrap: Found pre-installed APEX /system/apex/com.android.uprobestats.capex
[    1.984963] apexd-bootstrap: Found pre-installed APEX /system/apex/com.android.uwb.capex
[    1.985276] apexd-bootstrap: Found pre-installed APEX /system/apex/com.android.virt.apex
[    1.985596] apexd-bootstrap: Found pre-installed APEX /system/apex/com.android.wifi.capex
[    2.031660] apexd-bootstrap: Skipping APEX at path /vendor/apex/com.android.hardware.gatekeeper.cf_remote.apex because it does not match expected multi-install APEX property for com.android.hardware.gatekeeper
[    2.032350] apexd-bootstrap: Found APEX at path /vendor/apex/com.android.hardware.gatekeeper.nonsecure.apex for multi-install APEX com.android.hardware.gatekeeper
[    2.032914] apexd-bootstrap: Skipping APEX at path /vendor/apex/com.android.hardware.graphics.composer.drm_hwcomposer.apex because it does not match expected multi-install APEX property for com.android.hardware.graphics.composer
[    2.033658] apexd-bootstrap: Found APEX at path /vendor/apex/com.android.hardware.graphics.composer.ranchu.apex for multi-install APEX com.android.hardware.graphics.composer
[    2.034257] apexd-bootstrap: Skipping APEX at path /vendor/apex/com.android.hardware.keymint.rust_cf_guest_trusty_nonsecure.apex because it does not match expected multi-install APEX property for com.android.hardware.keymint
[    2.034995] apexd-bootstrap: Skipping APEX at path /vendor/apex/com.android.hardware.keymint.rust_cf_remote.apex because it does not match expected multi-install APEX property for com.android.hardware.keymint
[    2.035782] apexd-bootstrap: Found APEX at path /vendor/apex/com.android.hardware.keymint.rust_nonsecure.apex for multi-install APEX com.android.hardware.keymint
[    2.036446] apexd-bootstrap: Found APEX at path /vendor/apex/com.google.emulated.camera.provider.hal.apex for multi-install APEX com.google.emulated.camera.provider.hal
[    2.037099] apexd-bootstrap: Skipping APEX at path /vendor/apex/com.google.emulated.camera.provider.hal.fastscenecycle.apex because it does not match expected multi-install APEX property for com.google.emulated.camera.provider.hal
[    2.037933] apexd-bootstrap: Found bootstrap APEX /system/apex/com.android.tzdata.apex
[    2.038254] apexd-bootstrap: Found bootstrap APEX /vendor/apex/com.google.cf.vulkan.apex
[    2.038576] apexd-bootstrap: Found bootstrap APEX /system/apex/com.android.runtime.apex
[    2.038900] apexd-bootstrap: Found bootstrap APEX /vendor/apex/com.google.cf.gralloc.apex
[    2.039222] apexd-bootstrap: Found bootstrap APEX /system/apex/com.android.virt.apex
[    2.039534] apexd-bootstrap: Found bootstrap APEX /vendor/apex/com.android.hardware.boot.apex
[    2.039881] apexd-bootstrap: Found bootstrap APEX /vendor/apex/com.android.hardware.gatekeeper.nonsecure.apex
[    2.040299] apexd-bootstrap: Found bootstrap APEX /system/apex/com.android.i18n.apex
[    2.040614] apexd-bootstrap: Found bootstrap APEX /vendor/apex/com.android.hardware.keymint.rust_nonsecure.apex
[    2.041016] apexd-bootstrap: Found bootstrap APEX /vendor/apex/com.android.hardware.graphics.composer.ranchu.apex
[    2.041418] apexd-bootstrap: Need to pre-allocate 97 loop devices
[    2.058563] apexd-bootstrap: Found 16 idle loopback devices that were pre-allocated by kernel. Allocated 81 more.
[    2.100037] ueventd: Coldboot took 0.189 seconds
[    2.115680] loop0: detected capacity change from 0 to 1672
[    2.116544] loop1: detected capacity change from 0 to 65424
[    2.116973] loop2: detected capacity change from 0 to 9776
[    2.117390] loop3: detected capacity change from 0 to 5984
[    2.117816] loop4: detected capacity change from 0 to 175296
[    2.118246] loop5: detected capacity change from 0 to 904
[    2.118677] loop6: detected capacity change from 0 to 8744
[    2.119048] loop7: detected capacity change from 0 to 73464
[    2.119414] loop8: detected capacity change from 0 to 20384
[    2.119783] loop9: detected capacity change from 0 to 13416
[    2.169975] EXT4-fs (loop0): mounted filesystem 7d1522e1-9dfa-5edb-a43e-98e3a4d20250 ro without journal. Quota mode: none.
[    2.170363] apexd-bootstrap: Successfully mounted package /system/apex/com.android.tzdata.apex on /apex/com.android.tzdata@360499999 duration=54
[    2.174113] EXT4-fs (loop5): mounted filesystem 7d1522e1-9dfa-5edb-a43e-98e3a4d20250 ro without journal. Quota mode: none.
[    2.174661] EXT4-fs (loop3): mounted filesystem 7d1522e1-9dfa-5edb-a43e-98e3a4d20250 ro without journal. Quota mode: none.
[    2.175151] apexd-bootstrap: Successfully mounted package /vendor/apex/com.google.cf.gralloc.apex on /apex/com.google.cf.gralloc@1 duration=58
[    2.175672] apexd-bootstrap: Successfully mounted package /vendor/apex/com.android.hardware.boot.apex on /apex/com.android.hardware.boot@1 duration=59
[    2.176376] EXT4-fs (loop4): mounted filesystem 7d1522e1-9dfa-5edb-a43e-98e3a4d20250 ro without journal. Quota mode: none.
[    2.176407] EXT4-fs (loop7): mounted filesystem 7d1522e1-9dfa-5edb-a43e-98e3a4d20250 ro without journal. Quota mode: none.
[    2.176545] apexd-bootstrap: Successfully mounted package /system/apex/com.android.virt.apex on /apex/com.android.virt@3 duration=60
[    2.176617] apexd-bootstrap: Successfully mounted package /system/apex/com.android.i18n.apex on /apex/com.android.i18n@1 duration=60
[    2.180009] EXT4-fs (loop6): mounted filesystem 7d1522e1-9dfa-5edb-a43e-98e3a4d20250 ro without journal. Quota mode: none.
[    2.180441] apexd-bootstrap: Successfully mounted package /vendor/apex/com.android.hardware.gatekeeper.nonsecure.apex on /apex/com.android.hardware.gatekeeper@1 duration=64
[    2.181020] EXT4-fs (loop1): mounted filesystem 7d1522e1-9dfa-5edb-a43e-98e3a4d20250 ro without journal. Quota mode: none.
[    2.181175] EXT4-fs (loop8): mounted filesystem 7d1522e1-9dfa-5edb-a43e-98e3a4d20250 ro without journal. Quota mode: none.
[    2.181417] apexd-bootstrap: Successfully mounted package /vendor/apex/com.google.cf.vulkan.apex on /apex/com.google.cf.vulkan@1 duration=65
[    2.181636] apexd-bootstrap: Successfully mounted package /vendor/apex/com.android.hardware.keymint.rust_nonsecure.apex on /apex/com.android.hardware.keymint@1 duration=65
[    2.181751] EXT4-fs (loop2): mounted filesystem 7d1522e1-9dfa-5edb-a43e-98e3a4d20250 ro without journal. Quota mode: none.
[    2.183267] apexd-bootstrap: Successfully mounted package /system/apex/com.android.runtime.apex on /apex/com.android.runtime@1 duration=67
[    2.188209] EXT4-fs (loop9): mounted filesystem 7d1522e1-9dfa-5edb-a43e-98e3a4d20250 ro without journal. Quota mode: none.
[    2.188674] apexd-bootstrap: Successfully mounted package /vendor/apex/com.android.hardware.graphics.composer.ranchu.apex on /apex/com.android.hardware.graphics.composer@1 duration=72
[    2.192261] apexd-bootstrap: Activated 10 packages.
[    2.194952] SELinux: SELinux: Loaded file context from:
[    2.195534] SELinux: 		/system/etc/selinux/plat_file_contexts
[    2.200151] SELinux: 		/system_ext/etc/selinux/system_ext_file_contexts
[    2.200755] SELinux: 		/product/etc/selinux/product_file_contexts
[    2.201357] SELinux: 		/vendor/etc/selinux/vendor_file_contexts
[    2.201932] SELinux: 		/odm/etc/selinux/odm_file_contexts
[    2.203596] apexd-bootstrap: OnBootstrap done, duration=277
[    2.227513] init: Service 'apexd-bootstrap' (pid 101) exited with status 0 waiting took 0.328000 seconds
[    2.227855] init: Sending signal 9 to service 'apexd-bootstrap' (pid 101) process group...
[    2.228293] libprocessgroup: Removed cgroup /sys/fs/cgroup/system/uid_0/pid_101
[    2.239580] init: Parsing file /apex/com.android.hardware.boot/etc/android.hardware.boot-service.default.rc...
[    2.240229] init: Parsing file /apex/com.android.hardware.gatekeeper/etc/android.hardware.gatekeeper-service.nonsecure.rc...
[    2.240869] init: Parsing file /apex/com.android.hardware.graphics.composer/etc/hwc3-apex.rc...
[    2.241416] init: Parsing file /apex/com.android.hardware.keymint/etc/android.hardware.security.keymint-service.nonsecure.apex.rc...
[    2.242082] init: Parsing file /apex/com.android.virt/etc/vfio_handler.rc...
[    2.242566] init: Parsing file /apex/com.android.virt/etc/virtualizationservice.rc...
[    2.243056] init: Parsing file /apex/com.android.virt/etc/vmnic.rc...
[    2.243519] init: Parsing file /apex/com.google.cf.gralloc/etc/com.google.cf.gralloc.rc...
[    2.244019] init: Parsing file /apex/com.google.cf.vulkan/etc/com.google.cf.vulkan.rc...
[    2.264343] init: linkerconfig generated /linkerconfig with mounted APEX modules info
[    2.265653] init: processing action (early-init) from (/init.environ.rc:2)
[    2.266009] init: processing action (ro.product.debugfs_restrictions.enabled=true && early-init) from (/system/etc/init/init-debug.rc:10)
[    2.266787] init: processing action (early-init) from (/system/etc/init/prng_seeder.rc:5)
[    2.267395] init: starting service 'prng_seeder'...
[    2.267727] init: Created socket '/dev/socket/prng_seeder', mode 666, user 1092, group 1092
[    2.270240] init: ... started service 'prng_seeder' has pid 305
[    2.270575] init: processing action (ro.product.cpu.abilist64=* && early-init) from (/vendor/etc/boringssl_self_test.zygote64.rc:1)
[    2.271216] init: starting service 'boringssl_self_test64_vendor'...
[    2.273754] init: ... started service 'boringssl_self_test64_vendor' has pid 306
[    2.274097] init: SVC_EXEC service 'boringssl_self_test64_vendor' pid 306 (uid 0 gid 0+0 context default) started; waiting...
[    2.289322] init: Service 'boringssl_self_test64_vendor' (pid 306) exited with status 0 waiting took 0.016000 seconds
[    2.289779] init: Sending signal 9 to service 'boringssl_self_test64_vendor' (pid 306) process group...
[    2.290260] libprocessgroup: Removed cgroup /sys/fs/cgroup/system/uid_0/pid_306
[    2.290759] init: processing action (early-init) from (/vendor/etc/init/init.cutf_cvm.rc:1)
[    2.291884] init: starting service 'vendor.dlkm_loader'...
[    2.294211] init: ... started service 'vendor.dlkm_loader' has pid 307
[    2.294949] init: starting service 'exec 1 (/system/bin/modprobe -a -d /system/lib/modules zram.ko)'...
[    2.297277] init: ... started service 'exec 1 (/system/bin/modprobe -a -d /system/lib/modules zram.ko)' has pid 308
[    2.298420] init: SVC_EXEC service 'exec 1 (/system/bin/modprobe -a -d /system/lib/modules zram.ko)' pid 308 (uid 0 gid 0+0 context u:r:modprobe:s0) started; waiting...
[    2.300377] dlkm_loader: dlkm loader successfully initialized
[    2.303839] dlkm_loader: Loading module /vendor/lib/modules/dummy-cpufreq.ko with args ''
[    2.305046] dlkm_loader: Loaded kernel module /vendor/lib/modules/dummy-cpufreq.ko
[    2.305401] dlkm_loader: Loading module /vendor/lib/modules/dummy_hcd.ko with args ''
[    2.306401] dummy_hcd dummy_hcd.0: USB Host+Gadget Emulator, driver 02 May 2005
[    2.306708] dummy_hcd dummy_hcd.0: Dummy host controller
[    2.306927] dummy_hcd dummy_hcd.0: new USB bus registered, assigned bus number 3
[    2.307320] usb usb3: New USB device found, idVendor=1d6b, idProduct=0002, bcdDevice= 6.12
[    2.307638] usb usb3: New USB device strings: Mfr=3, Product=2, SerialNumber=1
[    2.307943] usb usb3: Product: Dummy host controller
[    2.308291] usb usb3: Manufacturer: Linux 6.12.18-android16-1-g50eb8d5d443b-ab13257114 dummy_hcd
[    2.308637] usb usb3: SerialNumber: dummy_hcd.0
[    2.309570] zram: Added device: zram0
[    2.310181] init: Service 'exec 1 (/system/bin/modprobe -a -d /system/lib/modules zram.ko)' (pid 308) exited with status 0 waiting took 0.013000 seconds
[    2.310257] hub 3-0:1.0: USB hub found
[    2.310362] init: Sending signal 9 to service 'exec 1 (/system/bin/modprobe -a -d /system/lib/modules zram.ko)' (pid 308) process group...
[    2.310415] hub 3-0:1.0: 1 port detected
[    2.310677] libprocessgroup: Removed cgroup /sys/fs/cgroup/system/uid_0/pid_308
[    2.311293] dlkm_loader: Loaded kernel module /vendor/lib/modules/dummy_hcd.ko
[    2.311710] init: wait for '/dev/dri/card0' took 0ms
[    2.312617] dlkm_loader: Loading module /vendor/lib/modules/goldfish_address_space.ko with args ''
[    2.313015] init: starting service 'exec 2 (/vendor/bin/modprobe -d /vendor/lib/modules vkms.ko create_default_dev=0)'...
[    2.313285] goldfish_address_space: loading out-of-tree module taints kernel.
[    2.313949] dlkm_loader: Loaded kernel module /vendor/lib/modules/goldfish_address_space.ko
[    2.314320] dlkm_loader: Loading module /vendor/lib/modules/goldfish_battery.ko with args ''
[    2.315072] dlkm_loader: Loaded kernel module /vendor/lib/modules/goldfish_battery.ko
[    2.315447] dlkm_loader: Loading module /vendor/lib/modules/goldfish_pipe.ko with args ''
[    2.315706] init: ... started service 'exec 2 (/vendor/bin/modprobe -d /vendor/lib/modules vkms.ko create_default_dev=0)' has pid 311
[    2.316734] dlkm_loader: Loaded kernel module /vendor/lib/modules/goldfish_pipe.ko
[    2.317051] init: SVC_EXEC service 'exec 2 (/vendor/bin/modprobe -d /vendor/lib/modules vkms.ko create_default_dev=0)' pid 311 (uid 0 gid 0+0 context u:r:vendor_modprobe:s0) started; waiting...
[    2.317100] dlkm_loader: Loading module /vendor/lib/modules/goldfish_sync.ko with args ''
[    2.318794] dlkm_loader: Loaded kernel module /vendor/lib/modules/goldfish_sync.ko
[    2.319293] dlkm_loader: Loading module /system/lib/modules/can-dev.ko with args ''
[    2.320922] CAN device driver interface
[    2.321366] dlkm_loader: Loaded kernel module /system/lib/modules/can-dev.ko
[    2.321681] dlkm_loader: Loading module /vendor/lib/modules/gs_usb.ko with args ''
[    2.322758] usbcore: registered new interface driver gs_usb
[    2.323223] dlkm_loader: Loaded kernel module /vendor/lib/modules/gs_usb.ko
[    2.323599] dlkm_loader: Loading module /system/lib/modules/rfkill.ko with args ''
[    2.324679] dlkm_loader: Loading module /system/lib/modules/bluetooth.ko with args ''
[    2.326190] init: Service 'exec 2 (/vendor/bin/modprobe -d /vendor/lib/modules vkms.ko create_default_dev=0)' (pid 311) exited with status 0 waiting took 0.012000 seconds
[    2.326780] init: Sending signal 9 to service 'exec 2 (/vendor/bin/modprobe -d /vendor/lib/modules vkms.ko create_default_dev=0)' (pid 311) process group...
[    2.327507] libprocessgroup: Removed cgroup /sys/fs/cgroup/system/uid_0/pid_311
[    2.327866] init: processing action (early-init) from (/vendor/etc/init/init.cutf_cvm.rc:135)
[    2.328921] init: processing action (early-init) from (/vendor/etc/init/init_graphics.vendor.rc:1)
[    2.329872] init: Command 'setprop ro.vendor.hwcomposer.mode ${ro.boot.hardware.hwcomposer.mode}' action=early-init (/vendor/etc/init/init_graphics.vendor.rc:11) took 0ms and failed: property 'ro.boot.hardware.hwcomposer.mode' doesn't exist while expanding '${ro.boot.hardware.hwcomposer.mode}'
[    2.331285] init: Command 'setprop debug.hwui.renderer ${ro.boot.hardware.guest_hwui_renderer}' action=early-init (/vendor/etc/init/init_graphics.vendor.rc:17) took 0ms and failed: property 'ro.boot.hardware.guest_hwui_renderer' doesn't exist while expanding '${ro.boot.hardware.guest_hwui_renderer}'
[    2.332277] init: Command 'setprop ro.zygote.disable_gl_preload ${ro.boot.hardware.guest_disable_renderer_preload}' action=early-init (/vendor/etc/init/init_graphics.vendor.rc:18) took 0ms and failed: property 'ro.boot.hardware.guest_disable_renderer_preload' doesn't exist while expanding '${ro.boot.hardware.guest_disable_renderer_preload}'
[    2.333250] init: processing action (ConnectEarlyStageSnapuserd) from (<Builtin Action>:0)
[    2.333581] init: processing action (wait_for_coldboot_done) from (<Builtin Action>:0)
[    2.333874] init: start_waiting_for_property("ro.cold_boot_done", "true"): already set
[    2.334050] Bluetooth: Core ver 2.22
[    2.334168] init: processing action (CheckTradeInModeStatus) from (<Builtin Action>:0)
[    2.334436] NET: Registered PF_BLUETOOTH protocol family
[    2.334595] init: processing action (SetMmapRndBits) from (<Builtin Action>:0)
[    2.334637] Bluetooth: HCI device and connection manager initialized
[    2.334640] Bluetooth: HCI socket layer initialized
[    2.335196] init: processing action (KeychordInit) from (<Builtin Action>:0)
[    2.335329] Bluetooth: L2CAP socket layer initialized
[    2.335456] init: EVIOCSMASK not supported: Invalid argument
[    2.335481] Bluetooth: SCO socket layer initialized
[    2.336577] init: processing action (init) from (/system/etc/init/hw/init.rc:103)
[    2.336723] dlkm_loader: Loaded kernel module /system/lib/modules/bluetooth.ko
[    2.337247] dlkm_loader: Loading module /vendor/lib/modules/hci_vhci.ko with args ''
[    2.338491] dlkm_loader: Loaded kernel module /vendor/lib/modules/hci_vhci.ko
[    2.338907] dlkm_loader: Loading module /vendor/lib/modules/mt76.ko with args ''
[    2.339286] init: Command 'write /dev/blkio/blkio.weight 1000' action=init (/system/etc/init/hw/init.rc:204) took 0ms and failed: Unable to write to file '/dev/blkio/blkio.weight': open() failed: Permission denied
[    2.340097] init: Command 'write /dev/blkio/background/blkio.weight 200' action=init (/system/etc/init/hw/init.rc:205) took 0ms and failed: Unable to write to file '/dev/blkio/background/blkio.weight': open() failed: Permission denied
[    2.341013] init: Command 'write /dev/blkio/blkio.group_idle 0' action=init (/system/etc/init/hw/init.rc:207) took 0ms and failed: Unable to write to file '/dev/blkio/blkio.group_idle': open() failed: Permission denied
[    2.341865] init: Command 'write /dev/blkio/background/blkio.group_idle 0' action=init (/system/etc/init/hw/init.rc:208) took 0ms and failed: Unable to write to file '/dev/blkio/background/blkio.group_idle': open() failed: Permission denied
[    2.342675] dlkm_loader: Loaded kernel module /vendor/lib/modules/mt76.ko
[    2.342989] dlkm_loader: Loading module /vendor/lib/modules/mt76-usb.ko with args ''
[    2.344310] dlkm_loader: Loaded kernel module /vendor/lib/modules/mt76-usb.ko
[    2.344723] dlkm_loader: Loading module /vendor/lib/modules/mt76x02-lib.ko with args ''
[    2.346730] init: Command 'copy /dev/cpuset/cpus /dev/cpuset/foreground/cpus' action=init (/system/etc/init/hw/init.rc:314) took 0ms and failed: Could not read input file '/dev/cpuset/cpus': open() failed: No such file or directory
[    2.347525] init: Command 'copy /dev/cpuset/mems /dev/cpuset/foreground/mems' action=init (/system/etc/init/hw/init.rc:315) took 0ms and failed: Could not read input file '/dev/cpuset/mems': open() failed: No such file or directory
[    2.348420] init: Command 'copy /dev/cpuset/cpus /dev/cpuset/foreground_window/cpus' action=init (/system/etc/init/hw/init.rc:317) took 0ms and failed: Could not read input file '/dev/cpuset/cpus': open() failed: No such file or directory
[    2.349242] dlkm_loader: Loaded kernel module /vendor/lib/modules/mt76x02-lib.ko
[    2.349266] init: Command 'copy /dev/cpuset/mems /dev/cpuset/foreground_window/mems' action=init (/system/etc/init/hw/init.rc:318) took 0ms and failed: Could not read input file '/dev/cpuset/mems': open() failed: No such file or directory
