

U-Boot 2024.04-gc8fc3d1d8ce6-ab13197479 (Mar 10 2025 - 22:48:14 +0000)

DRAM:  4 GiB
Core:  10 devices, 10 uclasses, devicetree: separate
Warning: MP init failure
         x86_mp_init() returning err=-96
Net:         eth_initialize() No ethernet found.
Driver                    uid uclass               Devices
----------------------------------------------------------
blk_partition             083 partition            virtio-blk#2:1           
                                                   virtio-blk#2:2           
                                                   virtio-blk#2:3           
                                                   virtio-blk#2:4           
                                                   virtio-blk#2:5           
                                                   virtio-blk#2:6           
                                                   virtio-blk#2:7           
                                                   virtio-blk#2:8           
                                                   virtio-blk#2:9           
                                                   virtio-blk#2:10          
                                                   virtio-blk#2:11          
                                                   virtio-blk#2:12          
                                                   virtio-blk#2:13          
                                                   virtio-blk#2:14          
                                                   virtio-blk#2:15          
                                                   virtio-blk#2:16          
                                                   virtio-blk#2:17          
                                                   virtio-blk#2:18          
                                                   virtio-blk#3:1           
                                                   virtio-blk#3:2           
                                                   virtio-blk#3:3           
                                                   virtio-blk#3:4           
                                                   virtio-blk#4:1           
bootmeth_qfw              026 <no uclass>          
cpu_bus                   109 <no uclass>          
cpu_qemu                  031 <no uclass>          
cpu_x86                   031 <no uclass>          
efi_blk                   022 blk                  <none>
EFI block driver          038 efi                  <none>
syscon                    117 syscon               <none>
intel_irq                 061 irq                  irq-router               
motorola_mc146818         104 rtc                  rtc                      
ns16550_serial            108 serial               serial                   
intel-pch7                084 pch                  pch@1,0                  
intel-pch9                084 pch                  <none>
pci_bridge_drv            085 pci                  <none>
pci_generic_drv           087 pci_generic          pci_0:0.0                
                                                   pci_0:1.1                
                                                   pci_0:1.3                
                                                   pci_0:12.0               
                                                   pci_0:13.0               
pci_x86                   085 pci                  pci                      
qfw_bootdev               025 <no uclass>          
qfw_pio                   096 qfw                  qfw_pio                  
root_driver               000 root                 root_driver              
sysinfo_smbios            118 sysinfo              smbios                   
vidconsole0               131 vidconsole0          <none>
virtio-blk                022 blk                  virtio-blk#2             
                                                   virtio-blk#3             
                                                   virtio-blk#4             
virtio_bootdev            025 <no uclass>          
virtio-console            108 serial               virtio-console#1         
virtio-console-port       108 serial               virtio_console_port      
                                                   virtio_console_port      
                                                   virtio_console_port      
                                                   virtio_console_port      
                                                   virtio_console_port      
                                                   virtio_console_port      
                                                   virtio_console_port      
                                                   virtio_console_port      
                                                   virtio_console_port      
                                                   virtio_console_port      
                                                   virtio_console_port      
                                                   virtio_console_port      
                                                   virtio_console_port      
                                                   virtio_console_port      
                                                   virtio_console_port      
                                                   virtio_console_port      
                                                   virtio_console_port      
                                                   virtio_console_port      
                                                   virtio_console_port      
                                                   virtio_console_port      
                                                   virtio_console_port      
                                                   virtio_console_port      
                                                   virtio_console_port      
                                                   virtio_console_port      
                                                   virtio_console_port      
                                                   virtio_console_port      
                                                   virtio_console_port      
                                                   virtio_console_port      
                                                   virtio_console_port      
                                                   virtio_console_port      
virtio-net                040 ethernet             virtio-net#13            
                                                   virtio-net#14            
virtio-pci.m              133 virtio               virtio-pci.m#0           
                                                   virtio-pci.m#1           
                                                   virtio-pci.m#2           
                                                   virtio-pci.m#3           
                                                   virtio-pci.m#4           
                                                   virtio-pci.m#5           
                                                   virtio-pci.m#6           
                                                   virtio-pci.m#7           
                                                   virtio-pci.m#8           
                                                   virtio-pci.m#9           
                                                   virtio-pci.m#10          
                                                   virtio-pci.m#11          
                                                   virtio-pci.m#12          
                                                   virtio-pci.m#13          
                                                   virtio-pci.m#14          
                                                   virtio-pci.m#15          
x86_reset                 119 sysreset             reset                    
x86_tsc_timer             122 timer                tsc-timer                
## Android Verified Boot 2.0 version 1.2.0
Writing 8 bytes to virtio_console_port console
Reading 8 bytes from virtio_console_port console
Writing 8 bytes to virtio_console_port console
Reading 8 bytes from virtio_console_port console
Verification passed successfully
Imported supplementary environment
Cannot find boot CPU, APIC ID 0
        mp_first_cpu() bsp: returning err=-2
Invalid CPU (err=-2)
ANDROID: reboot reason: "(none)"
      ab_select_slot() ANDROID: Invalid CRC-32 (expected 807077e9, found 00000000),re-initializing A/B metadata.
      ab_select_slot() ANDROID: Attempting slot a, tries remaining 3
## Android Verified Boot 2.0 version 1.2.0
Writing 8 bytes to virtio_console_port console
Reading 8 bytes from virtio_console_port console
Writing 8 bytes to virtio_console_port console
Reading 8 bytes from virtio_console_port console
Verification passed successfully
## Android Verified Boot 2.0 version 1.2.0
Writing 8 bytes to virtio_console_port console
Reading 8 bytes from virtio_console_port console
Writing 8 bytes to virtio_console_port console
Reading 8 bytes from virtio_console_port console
Verification passed successfully
ANDROID: Loading ramdisk from "init_boot_a", partition 4.
ANDROID: Loading kernel from "boot_a", partition 2.
ANDROID: Loading vendor ramdisk from "vendor_boot_a", partition 6.
Booting kernel at 0x02400000 with fdt at <NULL> ramdisk 0x0e400000 (0x01555672 bytes)...


Valid Boot Flag
Magic signature found
Linux kernel version 6.12.18-android16-1-g50eb8d5d443b-ab13257114 (kleaf@build-host) #1 SMP PREEMPT Fri Mar 21 17:01:42 UTC 2025
Building boot_params at 0x00090000
Loading bzImage at address 100000 (21623808 bytes)
Initial RAM disk at linear address 0x0e400000, size 22369906 bytes
Kernel command line: " printk.devkmsg=on audit=1 panic=-1 8250.nr_uarts=1 cma=0 firmware_class.path=/vendor/etc/ loop.max_part=7 init=/init bootconfig  console=hvc0 earlycon=uart8250,io,0x3f8 pnpacpi=off ramoops.mem_address=0x150000000 ramoops.mem_size=0x200000 ramoops.console_size=0x80000 ramoops.record_size=0x80000 ramoops.dump_oops=1 console=ttyS0,115200"
Kernel loaded at 00100000, setup_base=00090000

Starting kernel ...

[    0.000000] Linux version 6.12.18-android16-1-g50eb8d5d443b-ab13257114 (kleaf@build-host) (Android (12833971, +pgo, +bolt, +lto, +mlgo, based on r536225) clang version 19.0.1 (https://android.googlesource.com/toolchain/llvm-project b3a530ec6537146650e42be89f1089e9a3588460), LLD 19.0.1) #1 SMP PREEMPT Fri Mar 21 17:01:42 UTC 2025
[    0.000000] Command line:  printk.devkmsg=on audit=1 panic=-1 8250.nr_uarts=1 cma=0 firmware_class.path=/vendor/etc/ loop.max_part=7 init=/init bootconfig  console=hvc0 earlycon=uart8250,io,0x3f8 pnpacpi=off ramoops.mem_address=0x150000000 ramoops.mem_size=0x200000 ramoops.console_size=0x80000 ramoops.record_size=0x80000 ramoops.dump_oops=1 console=ttyS0,115200
[    0.000000] BIOS-provided physical RAM map:
[    0.000000] BIOS-e820: [mem 0x0000000000000000-0x000000000009ffff] usable
[    0.000000] BIOS-e820: [mem 0x00000000000a0000-0x00000000000fffff] reserved
[    0.000000] BIOS-e820: [mem 0x0000000000100000-0x00000000bed74fff] usable
[    0.000000] BIOS-e820: [mem 0x00000000bed75000-0x00000000bfffffff] reserved
[    0.000000] BIOS-e820: [mem 0x00000000e0000000-0x00000000efffffff] reserved
[    0.000000] BIOS-e820: [mem 0x0000000100000000-0x000000013fffffff] usable
[    0.000000] earlycon: uart8250 at I/O port 0x3f8 (options '')
[    0.000000] printk: legacy bootconsole [uart8250] enabled
[    0.000000] NX (Execute Disable) protection: active
[    0.000000] APIC: Static calls initialized
[    0.000000] DMI not present or invalid.
[    0.000000] Hypervisor detected: KVM
[    0.000000] kvm-clock: Using msrs 4b564d01 and 4b564d00
[    0.000001] kvm-clock: using sched offset of 4410848499 cycles
[    0.000951] clocksource: kvm-clock: mask: 0xffffffffffffffff max_cycles: 0x1cd42e4dffb, max_idle_ns: 881590591483 ns
[    0.003911] tsc: Detected 3600.000 MHz processor
[    0.004838] last_pfn = 0x140000 max_arch_pfn = 0x400000000
[    0.005872] MTRR map: 3 entries (3 fixed + 0 variable; max 19), built from 8 variable MTRRs
[    0.007397] x86/PAT: Configuration [0-7]: WB  WC  UC- UC  WB  WP  UC- WT  
[    0.008688] CPU MTRRs all blank - virtualized system.
[    0.009610] last_pfn = 0xbed75 max_arch_pfn = 0x400000000
[    0.010622] found SMP MP-table at [mem 0x000f0040-0x000f004f]
[    0.011691] Using GB pages for direct mapping
[    0.012545] RAMDISK: [mem 0x0e400000-0x0f955fff]
[    0.013388] ACPI: Early table checksum verification disabled
[    0.014420] ACPI: RSDP 0x00000000000F0130 000014 (v00 BOCHS )
[    0.015470] ACPI: RSDT 0x00000000BED7D92C 000040 (v01 BOCHS  BXPC     00000001 BXPC 00000001)
[    0.017039] ACPI: FACP 0x00000000BED7D053 000074 (v01 BOCHS  BXPC     00000001 BXPC 00000001)
[    0.018594] ACPI: DSDT 0x00000000BED7B080 001FD3 (v01 BOCHS  BXPC     00000001 BXPC 00000001)
[    0.020181] ACPI: FACS 0x00000000BED7B040 000040
[    0.021118] ACPI: APIC 0x00000000BED7D0C7 000080 (v03 BOCHS  BXPC     00000001 BXPC 00000001)
[    0.022697] ACPI: HPET 0x00000000BED7D147 000038 (v01 BOCHS  BXPC     00000001 BXPC 00000001)
[    0.024349] ACPI: SRAT 0x00000000BED7D17F 000118 (v01 BOCHS  BXPC     00000001 BXPC 00000001)
[    0.025920] ACPI: SSDT 0x00000000BED7D297 00058D (v01 BOCHS  NVDIMM   00000001 BXPC 00000001)
[    0.027476] ACPI: NFIT 0x00000000BED7D824 0000E0 (v01 BOCHS  BXPC     00000001 BXPC 00000001)
[    0.029040] ACPI: WAET 0x00000000BED7D904 000028 (v01 BOCHS  BXPC     00000001 BXPC 00000001)
[    0.030590] ACPI: Reserving FACP table memory at [mem 0xbed7d053-0xbed7d0c6]
[    0.031892] ACPI: Reserving DSDT table memory at [mem 0xbed7b080-0xbed7d052]
[    0.033165] ACPI: Reserving FACS table memory at [mem 0xbed7b040-0xbed7b07f]
[    0.034444] ACPI: Reserving APIC table memory at [mem 0xbed7d0c7-0xbed7d146]
[    0.035721] ACPI: Reserving HPET table memory at [mem 0xbed7d147-0xbed7d17e]
[    0.037012] ACPI: Reserving SRAT table memory at [mem 0xbed7d17f-0xbed7d296]
[    0.038298] ACPI: Reserving SSDT table memory at [mem 0xbed7d297-0xbed7d823]
[    0.039578] ACPI: Reserving NFIT table memory at [mem 0xbed7d824-0xbed7d903]
[    0.040874] ACPI: Reserving WAET table memory at [mem 0xbed7d904-0xbed7d92b]
[    0.042238] Zone ranges:
[    0.042699]   DMA32    [mem 0x0000000000001000-0x00000000ffffffff]
[    0.043824]   Normal   [mem 0x0000000100000000-0x000000013fffffff]
[    0.044956] Movable zone start for each node
[    0.045721] Early memory node ranges
[    0.046376]   node   0: [mem 0x0000000000001000-0x000000000009ffff]
[    0.047514]   node   0: [mem 0x0000000000100000-0x00000000bed74fff]
[    0.048647]   node   0: [mem 0x0000000100000000-0x000000013fffffff]
[    0.049813] Initmem setup node 0 [mem 0x0000000000001000-0x000000013fffffff]
[    0.051111] On node 0, zone DMA32: 1 pages in unavailable ranges
[    0.073254] On node 0, zone DMA32: 96 pages in unavailable ranges
[    0.081508] On node 0, zone Normal: 4747 pages in unavailable ranges
[    0.083714] ACPI: LAPIC_NMI (acpi_id[0xff] dfl dfl lint[0x1])
[    0.084783] IOAPIC[0]: apic_id 0, version 17, address 0xfec00000, GSI 0-23
[    0.086043] ACPI: INT_SRC_OVR (bus 0 bus_irq 0 global_irq 2 dfl dfl)
[    0.087202] ACPI: INT_SRC_OVR (bus 0 bus_irq 5 global_irq 5 high level)
[    0.088396] ACPI: INT_SRC_OVR (bus 0 bus_irq 9 global_irq 9 high level)
[    0.089596] ACPI: INT_SRC_OVR (bus 0 bus_irq 10 global_irq 10 high level)
[    0.090934] ACPI: INT_SRC_OVR (bus 0 bus_irq 11 global_irq 11 high level)
[    0.092171] ACPI: Using ACPI (MADT) for SMP configuration information
[    0.093336] ACPI: HPET id: 0x8086a201 base: 0xfed00000
[    0.094273] TSC deadline timer available
[    0.094990] CPU topo: Max. logical packages:   1
[    0.095820] CPU topo: Max. logical dies:       1
[    0.096667] CPU topo: Max. dies per package:   1
[    0.097509] CPU topo: Max. threads per core:   1
[    0.098352] CPU topo: Num. cores per package:     2
[    0.099236] CPU topo: Num. threads per package:   2
[    0.100115] CPU topo: Allowing 2 present CPUs plus 0 hotplug CPUs
[    0.101239] kvm-guest: APIC: eoi() replaced with kvm_guest_apic_eoi_write()
[    0.102523] kvm-guest: KVM setup pv remote TLB flush
[    0.103424] kvm-guest: setup PV sched yield
[    0.104188] PM: hibernation: Registered nosave memory: [mem 0x00000000-0x00000fff]
[    0.105558] PM: hibernation: Registered nosave memory: [mem 0x000a0000-0x000fffff]
[    0.106944] PM: hibernation: Registered nosave memory: [mem 0xbed75000-0xbfffffff]
[    0.108313] PM: hibernation: Registered nosave memory: [mem 0xc0000000-0xdfffffff]
[    0.109678] PM: hibernation: Registered nosave memory: [mem 0xe0000000-0xefffffff]
[    0.111057] PM: hibernation: Registered nosave memory: [mem 0xf0000000-0xffffffff]
[    0.112436] [mem 0xc0000000-0xdfffffff] available for PCI devices
[    0.113542] Booting paravirtualized kernel on KVM
[    0.114395] clocksource: refined-jiffies: mask: 0xffffffff max_cycles: 0xffffffff, max_idle_ns: 7645519600211568 ns
[    0.116359] Load bootconfig: 2391 bytes 122 nodes
[    0.117222] setup_percpu: NR_CPUS:32 nr_cpumask_bits:2 nr_cpu_ids:2 nr_node_ids:1
[    0.119430] percpu: Embedded 58 pages/cpu s199832 r8192 d29544 u1048576
[    0.120663] Kernel command line: vmw_vsock_virtio_transport_common.virtio_transport_max_vsock_pkt_buf_size=16384 console=ttynull stack_depot_disable=on cgroup_disable=pressure bootconfig  printk.devkmsg=on audit=1 panic=-1 8250.nr_uarts=1 cma=0 firmware_class.path=/vendor/etc/ loop.max_part=7 init=/init bootconfig  console=hvc0 earlycon=uart8250,io,0x3f8 pnpacpi=off ramoops.mem_address=0x150000000 ramoops.mem_size=0x200000 ramoops.console_size=0x80000 ramoops.record_size=0x80000 ramoops.dump_oops=1 console=ttyS0,115200
[    0.129346] cgroup: Disabling pressure control group feature
[    0.130418] audit: enabled (after initialization)
[    0.131393] random: crng init done
[    0.133703] Dentry cache hash table entries: 524288 (order: 10, 4194304 bytes, linear)
[    0.136028] Inode-cache hash table entries: 262144 (order: 9, 2097152 bytes, linear)
[    0.137505] Built 1 zonelists, mobility grouping on.  Total pages: 1043732
[    0.139038] mem auto-init: stack:all(zero), heap alloc:on, heap free:off
[    0.140290] stackdepot: disabled
[    0.140898] software IO TLB: area num 2.
[    0.183224] SLUB: HWalign=64, Order=0-3, MinObjects=0, CPUs=2, Nodes=1
[    0.184851] rcu: Preemptible hierarchical RCU implementation.
[    0.186046] rcu: 	RCU event tracing is enabled.
[    0.186979] rcu: 	RCU restricting CPUs from NR_CPUS=32 to nr_cpu_ids=2.
[    0.188334] rcu: 	RCU priority boosting: priority 1 delay 500 ms.
[    0.189577] 	Trampoline variant of Tasks RCU enabled.
[    0.190617] 	Tracing variant of Tasks RCU enabled.
[    0.191594] rcu: RCU calculated value of scheduler-enlistment delay is 25 jiffies.
[    0.193154] rcu: Adjusting geometry for rcu_fanout_leaf=16, nr_cpu_ids=2
[    0.194533] RCU Tasks: Setting shift to 1 and lim to 1 rcu_task_cb_adjust=1 rcu_task_cpu_ids=2.
[    0.196327] RCU Tasks Trace: Setting shift to 1 and lim to 1 rcu_task_cb_adjust=1 rcu_task_cpu_ids=2.
[    0.199717] NR_IRQS: 4352, nr_irqs: 440, preallocated irqs: 16
[    0.201154] rcu: 	Offload RCU callbacks from CPUs: 0-1.
[    0.202230] rcu: srcu_init: Setting srcu_struct sizes based on contention.
[    0.203694] kfence: initialized - using 524288 bytes for 63 objects at 0x(____ptrval____)-0x(____ptrval____)
[    0.205794] printk: legacy console [ttyS0] enabled
[    0.205794] printk: legacy console [ttyS0] enabled
[    0.207641] printk: legacy bootconsole [uart8250] disabled
[    0.207641] printk: legacy bootconsole [uart8250] disabled
[    0.209892] ACPI: Core revision 20240827
[    0.211912] clocksource: hpet: mask: 0xffffffff max_cycles: 0xffffffff, max_idle_ns: 19112604467 ns
[    0.213947] APIC: Switch to symmetric I/O mode setup
[    0.215133] x2apic enabled
[    0.215969] APIC: Switched APIC routing to: physical x2apic
[    0.217126] kvm-guest: APIC: send_IPI_mask() replaced with kvm_send_ipi_mask()
[    0.218629] kvm-guest: APIC: send_IPI_mask_allbutself() replaced with kvm_send_ipi_mask_allbutself()
[    0.220513] kvm-guest: setup PV IPIs
[    0.222071] ..TIMER: vector=0x30 apic1=0 pin1=2 apic2=-1 pin2=-1
[    0.223328] clocksource: tsc-early: mask: 0xffffffffffffffff max_cycles: 0x33e452fbb2f, max_idle_ns: 440795236593 ns
[    0.225363] Calibrating delay loop (skipped) preset value.. 7200.00 BogoMIPS (lpj=14400000)
[    0.229425] x86/cpu: User Mode Instruction Prevention (UMIP) activated
[    0.230655] Last level iTLB entries: 4KB 512, 2MB 255, 4MB 127
[    0.231745] Last level dTLB entries: 4KB 512, 2MB 255, 4MB 127, 1GB 0
[    0.233370] Spectre V1 : Mitigation: usercopy/swapgs barriers and __user pointer sanitization
[    0.235082] Spectre V2 : Mitigation: Retpolines
[    0.236024] Spectre V2 : Spectre v2 / SpectreRSB mitigation: Filling RSB on context switch
[    0.237363] Spectre V2 : Spectre v2 / SpectreRSB : Filling RSB on VMEXIT
[    0.238748] Spectre V2 : Enabling Speculation Barrier for firmware calls
[    0.240144] RETBleed: Mitigation: untrained return thunk
[    0.241365] Spectre V2 : mitigation: Enabling conditional Indirect Branch Prediction Barrier
[    0.243105] Speculative Store Bypass: Mitigation: Speculative Store Bypass disabled via prctl
[    0.245363] Speculative Return Stack Overflow: IBPB-extending microcode not applied!
[    0.246969] Speculative Return Stack Overflow: WARNING: See https://kernel.org/doc/html/latest/admin-guide/hw-vuln/srso.html for mitigation options.
[    0.246970] Speculative Return Stack Overflow: Vulnerable: Safe RET, no microcode
[    0.250924] x86/fpu: Supporting XSAVE feature 0x001: 'x87 floating point registers'
[    0.253363] x86/fpu: Supporting XSAVE feature 0x002: 'SSE registers'
[    0.254680] x86/fpu: Supporting XSAVE feature 0x004: 'AVX registers'
[    0.256016] x86/fpu: xstate_offset[2]:  576, xstate_sizes[2]:  256
[    0.257362] x86/fpu: Enabled xstate features 0x7, context size is 832 bytes, using 'compacted' format.
[    0.270194] SMP alternatives: Using kCFI
[    0.287626] Freeing SMP alternatives memory: 56K
[    0.288498] pid_max: default: 32768 minimum: 301
[    0.289410] LSM: initializing lsm=capability,selinux,bpf
[    0.290441] SELinux:  Initializing.
[    0.291512] LSM support for eBPF active
[    0.292285] Mount-cache hash table entries: 8192 (order: 4, 65536 bytes, linear)
[    0.293395] Mountpoint-cache hash table entries: 8192 (order: 4, 65536 bytes, linear)
[    0.295554] smpboot: CPU0: AMD Ryzen 7 3700X 8-Core Processor (family: 0x17, model: 0x71, stepping: 0x0)
[    0.297360] Performance Events: Fam17h+ core perfctr, AMD PMU driver.
[    0.297360] ... version:                0
[    0.297369] ... bit width:              48
[    0.298131] ... generic registers:      6
[    0.298908] ... value mask:             0000ffffffffffff
[    0.299922] ... max period:             00007fffffffffff
[    0.300922] ... fixed-purpose events:   0
[    0.301365] ... event mask:             000000000000003f
[    0.302519] signal: max sigframe size: 1776
[    0.303422] rcu: Hierarchical SRCU implementation.
[    0.304317] rcu: 	Max phase no-delay instances is 1000.
[    0.305471] Timer migration: 1 hierarchy levels; 8 children per group; 1 crossnode level
[    0.309487] dyndbg: Ignore empty _ddebug table in a CONFIG_DYNAMIC_DEBUG_CORE build
[    0.311053] smp: Bringing up secondary CPUs ...
[    0.312128] smpboot: x86: Booting SMP configuration:
[    0.313197] .... node  #0, CPUs:      #1
[    0.313406] smp: Brought up 1 node, 2 CPUs
[    0.315244] smpboot: Total of 2 processors activated (14400.00 BogoMIPS)
[    0.316930] Memory: 3963408K/4174928K available (22528K kernel code, 2173K rwdata, 15496K rodata, 3096K init, 652K bss, 206716K reserved, 0K cma-reserved)
[    0.317574] x86/mm: Memory block size: 128MB
[    0.319416] clocksource: jiffies: mask: 0xffffffff max_cycles: 0xffffffff, max_idle_ns: 7645041785100000 ns
[    0.321383] futex hash table entries: 512 (order: 3, 32768 bytes, linear)
[    0.324197] NET: Registered PF_NETLINK/PF_ROUTE protocol family
[    0.325722] audit: initializing netlink subsys (enabled)
[    0.326868] audit: type=2000 audit(1762826138.510:1): state=initialized audit_enabled=1 res=1
[    0.326868] ramoops: using module parameters
[    0.330217] pstore: Using crash dump compression: deflate
[    0.331231] printk: legacy console [ramoops-1] enabled
[    0.363414] pstore: Registered ramoops as persistent store backend
[    0.364827] ramoops: using 0x200000@0x150000000, ecc: 0
[    0.365636] thermal_sys: Registered thermal governor 'bang_bang'
[    0.365637] thermal_sys: Registered thermal governor 'step_wise'
[    0.366925] thermal_sys: Registered thermal governor 'user_space'
[    0.369366] cpuidle: using governor menu
[    0.373823] PCI: Using configuration type 1 for base access
[    0.375135] PCI: Using configuration type 1 for extended access
[    0.376349] mtrr: your CPUs had inconsistent fixed MTRR settings
[    0.376349] mtrr: your CPUs had inconsistent MTRRdefType settings
[    0.376510] mtrr: probably your BIOS does not setup all CPUs.
[    0.377521] mtrr: corrected configuration.
[    0.381369] kprobes: kprobe jump-optimization is enabled. All kprobes are optimized if possible.
[    0.383172] cryptd: max_cpu_qlen set to 1000
[    0.383172] ACPI: Added _OSI(Module Device)
[    0.385490] ACPI: Added _OSI(Processor Device)
[    0.386612] ACPI: Added _OSI(3.0 _SCP Extensions)
[    0.387790] ACPI: Added _OSI(Processor Aggregator Device)
[    0.390659] ACPI: 2 ACPI AML tables successfully acquired and loaded
[    0.394244] ACPI: Interpreter enabled
[    0.395076] ACPI: PM: (supports S0 S3 S4 S5)
[    0.396006] ACPI: Using IOAPIC for interrupt routing
[    0.397082] PCI: Using host bridge windows from ACPI; if necessary, use "pci=nocrs" and report a bug
[    0.397592] PCI: Using E820 reservations for host bridge windows
[    0.398902] ACPI: Enabled 4 GPEs in block 00 to 0F
[    0.404501] ACPI: PCI Root Bridge [PCI0] (domain 0000 [bus 00-ff])
[    0.405531] acpi PNP0A03:00: _OSC: OS supports [ExtendedConfig ASPM ClockPM Segments MSI HPX-Type3]
[    0.407834] PCI host bridge to bus 0000:00
[    0.408804] pci_bus 0000:00: root bus resource [io  0x0000-0x0cf7 window]
[    0.409543] pci_bus 0000:00: root bus resource [io  0x0d00-0xffff window]
[    0.411096] pci_bus 0000:00: root bus resource [mem 0x000a0000-0x000bffff window]
[    0.412821] pci_bus 0000:00: root bus resource [mem 0xc0000000-0xfebfffff window]
[    0.413556] pci_bus 0000:00: root bus resource [mem 0x200000000-0x27fffffff window]
[    0.415323] pci_bus 0000:00: root bus resource [bus 00-ff]
[    0.416819] pci 0000:00:00.0: [8086:1237] type 00 class 0x060000 conventional PCI endpoint
[    0.418158] pci 0000:00:01.0: [8086:7000] type 00 class 0x060100 conventional PCI endpoint
[    0.420712] pci 0000:00:01.1: [8086:7010] type 00 class 0x010180 conventional PCI endpoint
[    0.428768] pci 0000:00:01.1: BAR 4 [io  0x2000-0x200f]
[    0.431120] pci 0000:00:01.1: BAR 0 [io  0x01f0-0x01f7]: legacy IDE quirk
[    0.432679] pci 0000:00:01.1: BAR 1 [io  0x03f6]: legacy IDE quirk
[    0.433525] pci 0000:00:01.1: BAR 2 [io  0x0170-0x0177]: legacy IDE quirk
[    0.434985] pci 0000:00:01.1: BAR 3 [io  0x0376]: legacy IDE quirk
[    0.436615] pci 0000:00:01.3: [8086:7113] type 00 class 0x068000 conventional PCI endpoint
[    0.438174] pci 0000:00:01.3: quirk: [io  0xe400-0xe43f] claimed by PIIX4 ACPI
[    0.439765] pci 0000:00:01.3: quirk: [io  0xb100-0xb10f] claimed by PIIX4 SMB
[    0.441762] pci 0000:00:02.0: [1af4:1050] type 00 class 0x038000 conventional PCI endpoint
[    0.444691] pci 0000:00:02.0: BAR 1 [mem 0xc0000000-0xc0000fff]
[    0.448621] pci 0000:00:02.0: BAR 4 [mem 0xd0000000-0xd0003fff 64bit pref]
[    0.450898] pci 0000:00:03.0: [1af4:1043] type 00 class 0x078000 conventional PCI endpoint
[    0.457636] pci 0000:00:03.0: BAR 1 [mem 0xc0001000-0xc0001fff]
[    0.461106] pci 0000:00:03.0: BAR 4 [mem 0xd0004000-0xd0007fff 64bit pref]
[    0.464317] pci 0000:00:04.0: [1af4:1042] type 00 class 0x010000 conventional PCI endpoint
[    0.466490] pci 0000:00:04.0: BAR 1 [mem 0xc0002000-0xc0002fff]
[    0.469280] pci 0000:00:04.0: BAR 4 [mem 0xd0008000-0xd000bfff 64bit pref]
[    0.472419] pci 0000:00:05.0: [1af4:1042] type 00 class 0x010000 conventional PCI endpoint
[    0.474461] pci 0000:00:05.0: BAR 1 [mem 0xc0003000-0xc0003fff]
[    0.477045] pci 0000:00:05.0: BAR 4 [mem 0xd000c000-0xd000ffff 64bit pref]
[    0.483521] pci 0000:00:06.0: [1af4:1042] type 00 class 0x010000 conventional PCI endpoint
[    0.486440] pci 0000:00:06.0: BAR 1 [mem 0xc0004000-0xc0004fff]
[    0.489138] pci 0000:00:06.0: BAR 4 [mem 0xd0010000-0xd0013fff 64bit pref]
[    0.491685] pci 0000:00:07.0: [1af4:105b] type 00 class 0x00ff00 conventional PCI endpoint
[    0.494990] pci 0000:00:07.0: BAR 4 [mem 0xd0014000-0xd0017fff 64bit pref]
[    0.498337] pci 0000:00:08.0: [1af4:105b] type 00 class 0x00ff00 conventional PCI endpoint
[    0.501544] pci 0000:00:08.0: BAR 4 [mem 0xd0018000-0xd001bfff 64bit pref]
[    0.505262] pci 0000:00:09.0: [1af4:1044] type 00 class 0x00ff00 conventional PCI endpoint
[    0.510443] pci 0000:00:09.0: BAR 1 [mem 0xc0005000-0xc0005fff]
[    0.513076] pci 0000:00:09.0: BAR 4 [mem 0xd001c000-0xd001ffff 64bit pref]
[    0.516316] pci 0000:00:0a.0: [1af4:1052] type 00 class 0x090200 conventional PCI endpoint
[    0.518488] pci 0000:00:0a.0: BAR 1 [mem 0xc0006000-0xc0006fff]
[    0.521321] pci 0000:00:0a.0: BAR 4 [mem 0xd0020000-0xd0023fff 64bit pref]
[    0.524107] pci 0000:00:0b.0: [1af4:1052] type 00 class 0x090000 conventional PCI endpoint
[    0.530556] pci 0000:00:0b.0: BAR 1 [mem 0xc0007000-0xc0007fff]
[    0.533191] pci 0000:00:0b.0: BAR 4 [mem 0xd0024000-0xd0027fff 64bit pref]
[    0.536092] pci 0000:00:0c.0: [1af4:1052] type 00 class 0x098000 conventional PCI endpoint
[    0.538665] pci 0000:00:0c.0: BAR 1 [mem 0xc0008000-0xc0008fff]
[    0.541366] pci 0000:00:0c.0: BAR 4 [mem 0xd0028000-0xd002bfff 64bit pref]
[    0.544886] pci 0000:00:0d.0: [1af4:1052] type 00 class 0x098000 conventional PCI endpoint
[    0.546596] pci 0000:00:0d.0: BAR 1 [mem 0xc0009000-0xc0009fff]
[    0.549336] pci 0000:00:0d.0: BAR 4 [mem 0xd002c000-0xd002ffff 64bit pref]
[    0.555580] pci 0000:00:0e.0: [1af4:1045] type 00 class 0x00ff00 conventional PCI endpoint
[    0.559006] pci 0000:00:0e.0: BAR 4 [mem 0xd0030000-0xd0033fff 64bit pref]
[    0.562422] pci 0000:00:0f.0: [1af4:1041] type 00 class 0x020000 conventional PCI endpoint
[    0.565326] pci 0000:00:0f.0: BAR 1 [mem 0xc000a000-0xc000afff]
[    0.567441] pci 0000:00:0f.0: BAR 4 [mem 0xd0034000-0xd0037fff 64bit pref]
[    0.569588] pci 0000:00:0f.0: ROM [mem 0xc0040000-0xc007ffff pref]
[    0.572423] pci 0000:00:10.0: [1af4:1041] type 00 class 0x020000 conventional PCI endpoint
[    0.574447] pci 0000:00:10.0: BAR 1 [mem 0xc0080000-0xc0080fff]
[    0.577366] pci 0000:00:10.0: BAR 4 [mem 0xd0038000-0xd003bfff 64bit pref]
[    0.579236] pci 0000:00:10.0: ROM [mem 0xc00c0000-0xc00fffff pref]
[    0.582153] pci 0000:00:11.0: [1af4:1053] type 00 class 0x078000 conventional PCI endpoint
[    0.584789] pci 0000:00:11.0: BAR 1 [mem 0xc0100000-0xc0100fff]
[    0.591385] pci 0000:00:11.0: BAR 4 [mem 0xd003c000-0xd003ffff 64bit pref]
[    0.594926] pci 0000:00:12.0: [8086:2415] type 00 class 0x040100 conventional PCI endpoint
[    0.597259] pci 0000:00:12.0: BAR 0 [io  0x2400-0x27ff]
[    0.597968] pci 0000:00:12.0: BAR 1 [io  0x2800-0x28ff]
[    0.602979] pci 0000:00:13.0: [1b36:000d] type 00 class 0x0c0330 conventional PCI endpoint
[    0.605088] pci 0000:00:13.0: BAR 0 [mem 0xc0104000-0xc0107fff 64bit]
[    0.608377] ACPI: PCI: Interrupt link LNKA configured for IRQ 0
[    0.609526] ACPI: PCI: Interrupt link LNKA disabled
[    0.610829] ACPI: PCI: Interrupt link LNKB configured for IRQ 0
[    0.612143] ACPI: PCI: Interrupt link LNKB disabled
[    0.613333] ACPI: PCI: Interrupt link LNKC configured for IRQ 10
[    0.617672] ACPI: PCI: Interrupt link LNKD configured for IRQ 6
[    0.619022] ACPI: PCI: Interrupt link LNKS configured for IRQ 9
[    0.620823] iommu: Default domain type: Translated
[    0.621495] iommu: DMA domain TLB invalidation policy: lazy mode
[    0.623010] SCSI subsystem initialized
[    0.623923] ACPI: bus type USB registered
[    0.624815] usbcore: registered new interface driver usbfs
[    0.625518] usbcore: registered new interface driver hub
[    0.626657] usbcore: registered new device driver usb
[    0.627802] mc: Linux media interface: v0.10
[    0.628723] videodev: Linux video capture interface: v2.00
[    0.629559] EDAC MC: Ver: 3.0.0
[    0.630765] Advanced Linux Sound Architecture Driver Initialized.
[    0.630931] PCI: Using ACPI for IRQ routing
[    0.633879] vgaarb: loaded
[    0.634496] hpet0: at MMIO 0xfed00000, IRQs 2, 8, 0
[    0.637506] hpet0: 3 comparators, 64-bit 100.000000 MHz counter
[    0.641398] clocksource: Switched to clocksource kvm-clock
[    0.643428] VFS: Disk quotas dquot_6.6.0
[    0.644439] VFS: Dquot-cache hash table entries: 512 (order 0, 4096 bytes)
[    0.646030] pnp: PnP ACPI: disabled
[    0.647027] NET: Registered PF_INET protocol family
[    0.648380] IP idents hash table entries: 65536 (order: 7, 524288 bytes, linear)
[    0.666081] tcp_listen_portaddr_hash hash table entries: 2048 (order: 3, 32768 bytes, linear)
[    0.667930] Table-perturb hash table entries: 65536 (order: 6, 262144 bytes, linear)
[    0.669703] TCP established hash table entries: 32768 (order: 6, 262144 bytes, linear)
[    0.672072] TCP bind hash table entries: 32768 (order: 8, 1048576 bytes, linear)
[    0.673831] TCP: Hash tables configured (established 32768 bind 32768)
[    0.675366] UDP hash table entries: 2048 (order: 4, 65536 bytes, linear)
[    0.676923] UDP-Lite hash table entries: 2048 (order: 4, 65536 bytes, linear)
[    0.678518] NET: Registered PF_UNIX/PF_LOCAL protocol family
[    0.679785] NET: Registered PF_XDP protocol family
[    0.680821] pci_bus 0000:00: resource 4 [io  0x0000-0x0cf7 window]
[    0.682166] pci_bus 0000:00: resource 5 [io  0x0d00-0xffff window]
[    0.683479] pci_bus 0000:00: resource 6 [mem 0x000a0000-0x000bffff window]
[    0.684914] pci_bus 0000:00: resource 7 [mem 0xc0000000-0xfebfffff window]
[    0.686383] pci_bus 0000:00: resource 8 [mem 0x200000000-0x27fffffff window]
[    0.687908] pci 0000:00:01.0: PIIX3: Enabling Passive Release
[    0.689170] pci 0000:00:00.0: Limiting direct PCI/PCI transfers
[    0.720987] ACPI: \_SB_.LNKC: Enabled at IRQ 10
[    0.752408] pci 0000:00:13.0: quirk_usb_early_handoff+0x0/0x790 took 60238 usecs
[    0.754236] PCI: CLS 32 bytes, default 64
[    0.755237] PCI-DMA: Using software bounce buffering for IO (SWIOTLB)
[    0.755357] Trying to unpack rootfs image as initramfs...
[    0.756643] software IO TLB: mapped [mem 0x00000000bad75000-0x00000000bed75000] (64MB)
[    0.760135] kvm_intel: VMX not supported by CPU 1
[    0.761185] kvm_amd: TSC scaling supported
[    0.762100] kvm_amd: Nested Virtualization enabled
[    0.763126] kvm_amd: Nested Paging enabled
[    0.764012] kvm_amd: LBR virtualization supported
[    0.765018] kvm_amd: Virtual VMLOAD VMSAVE supported
[    0.766105] kvm_amd: Virtual GIF supported
[    0.778064] clocksource: tsc: mask: 0xffffffffffffffff max_cycles: 0x33e452fbb2f, max_idle_ns: 440795236593 ns
[    0.780175] platform rtc_cmos: registered platform RTC device (no PNP device found)
[    0.782268] Initialise system trusted keyrings
[    0.783318] workingset: timestamp_bits=46 max_order=20 bucket_order=0
[    0.784881] fuse: init (API version 7.41)
[    0.805149] Key type asymmetric registered
[    0.806245] Asymmetric key parser 'x509' registered
[    0.807481] Block layer SCSI generic (bsg) driver version 0.4 loaded (major 240)
[    0.809260] io scheduler mq-deadline registered
[    0.810432] io scheduler kyber registered
[    0.811420] io scheduler bfq registered
[    0.812582] input: Power Button as /devices/LNXSYSTM:00/LNXPWRBN:00/input/input0
[    0.817782] ACPI: button: Power Button [PWRF]
[    0.819062] Serial: 8250/16550 driver, 1 ports, IRQ sharing disabled
[    0.820831] serial8250: ttyS0 at I/O 0x3f8 (irq = 4, base_baud = 115200) is a 16550A
[    0.822744] printk: legacy console [ttynull0] enabled
[    0.823884] ACPI: bus type drm_connector registered
[    0.827684] brd: module loaded
[    0.830726] Freeing initrd memory: 21844K
[    0.830953] loop: module loaded
[    0.844895] wireguard: WireGuard 1.0.0 loaded. See www.wireguard.com for information.
[    0.846591] wireguard: Copyright (C) 2015-2019 Jason A. Donenfeld <Jason@zx2c4.com>. All Rights Reserved.
[    0.848957] tun: Universal TUN/TAP device driver, 1.6
[    0.880574] xhci_hcd 0000:00:13.0: xHCI Host Controller
[    0.881708] xhci_hcd 0000:00:13.0: new USB bus registered, assigned bus number 1
[    0.883560] xhci_hcd 0000:00:13.0: hcc params 0x00087001 hci version 0x100 quirks 0x0000000000000010
[    0.886196] xhci_hcd 0000:00:13.0: xHCI Host Controller
[    0.887297] xhci_hcd 0000:00:13.0: new USB bus registered, assigned bus number 2
[    0.888832] xhci_hcd 0000:00:13.0: Host supports USB 3.0 SuperSpeed
[    0.890268] usb usb1: New USB device found, idVendor=1d6b, idProduct=0002, bcdDevice= 6.12
[    0.891977] usb usb1: New USB device strings: Mfr=3, Product=2, SerialNumber=1
[    0.893509] usb usb1: Product: xHCI Host Controller
[    0.894584] usb usb1: Manufacturer: Linux 6.12.18-android16-1-g50eb8d5d443b-ab13257114 xhci-hcd
[    0.896405] usb usb1: SerialNumber: 0000:00:13.0
[    0.897497] hub 1-0:1.0: USB hub found
[    0.898364] hub 1-0:1.0: 4 ports detected
[    0.899540] usb usb2: We don't know the algorithms for LPM for this host, disabling LPM.
[    0.901268] usb usb2: New USB device found, idVendor=1d6b, idProduct=0003, bcdDevice= 6.12
[    0.903028] usb usb2: New USB device strings: Mfr=3, Product=2, SerialNumber=1
[    0.904554] usb usb2: Product: xHCI Host Controller
[    0.905624] usb usb2: Manufacturer: Linux 6.12.18-android16-1-g50eb8d5d443b-ab13257114 xhci-hcd
[    0.907461] usb usb2: SerialNumber: 0000:00:13.0
[    0.908524] hub 2-0:1.0: USB hub found
[    0.909396] hub 2-0:1.0: 4 ports detected
[    0.914686] usbcore: registered new interface driver uas
[    0.915894] usbcore: registered new interface driver usb-storage
[    0.917249] i8042: PNP: No PS/2 controller found.
[    0.918285] i8042: Probing ports directly.
[    0.919916] serio: i8042 KBD port at 0x60,0x64 irq 1
[    0.921005] serio: i8042 AUX port at 0x60,0x64 irq 12
[    0.922430] usbcore: registered new interface driver xpad
[    0.923689] rtc_cmos rtc_cmos: RTC can wake from S4
[    0.925301] rtc_cmos rtc_cmos: registered as rtc0
[    0.926487] rtc_cmos rtc_cmos: setting system clock to 2025-11-11T01:55:38 UTC (1762826138)
[    0.928572] rtc_cmos rtc_cmos: alarms up to one day, y3k, 114 bytes nvram, hpet irqs
[    0.930462] input: AT Raw Set 2 keyboard as /devices/platform/i8042/serio0/input/input1
[    0.932620] gspca_main: v2.14.0 registered
[    0.933617] usbcore: registered new interface driver uvcvideo
[    0.934929] device-mapper: uevent: version 1.0.3
[    0.936014] device-mapper: ioctl: 4.48.0-ioctl (2023-03-01) initialised: dm-devel@lists.linux.dev
[    0.938009] amd_pstate: the _CPC object is not present in SBIOS or ACPI disabled
[    0.939817] sdhci: Secure Digital Host Controller Interface driver
[    0.941146] sdhci: Copyright(c) Pierre Ossman
[    0.942132] sdhci-pltfm: SDHCI platform and OF driver helper
[    0.943389] hid: raw HID events driver (C) Jiri Kosina
[    0.944709] usbcore: registered new interface driver usbhid
[    0.945934] usbhid: USB HID core driver
[    0.946820] ashmem_rust: Using Rust implementation.
[    0.946983] usbcore: registered new interface driver snd-usb-audio
[    0.949407] GACT probability NOT on
[    0.950193] Mirror/redirect action on
[    0.950987] netem: version 1.3
[    0.951668] u32 classifier
[    0.952282]     input device check on
[    0.953072]     Actions configured
[    0.954556] xt_time: kernel timezone is -0000
[    0.955566] ipip: IPv4 and MPLS over IPv4 tunneling driver
[    0.956870] gre: GRE over IPv4 demultiplexor driver
[    0.957955] ip_gre: GRE over IPv4 tunneling driver
[    0.959226] IPv4 over IPsec tunneling driver
[    0.960351] Initializing XFRM netlink socket
[    0.961375] IPsec XFRM device driver
[    0.962272] NET: Registered PF_INET6 protocol family
[    0.964052] Segment Routing with IPv6
[    0.964928] In-situ OAM (IOAM) with IPv6
[    0.965871] mip6: Mobile IPv6
[    0.966677] sit: IPv6, IPv4 and MPLS over IPv4 tunneling driver
[    0.968287] ip6_gre: GRE over IPv6 tunneling driver
[    0.969592] NET: Registered PF_PACKET protocol family
[    0.970802] NET: Registered PF_KEY protocol family
[    0.972071] NET: Registered PF_VSOCK protocol family
[    0.973629] IPI shorthand broadcast: enabled
[    0.974754] AES CTR mode by8 optimization enabled
[    0.979765] sched_clock: Marking stable (956003350, 21714870)->(986394996, -8676776)
[    0.981826] registered taskstats version 1
[    0.982882] Loading compiled-in X.509 certificates
[    0.984383] Loaded X.509 cert 'Build time autogenerated kernel key: 4dcd184ac7973ac97ec937a2f603db90b193326d'
[    0.990229] page_owner is disabled
[    0.991013] Key type .fscrypt registered
[    0.991869] Key type fscrypt-provisioning registered
[    1.010311] ALSA device list:
[    1.010996]   No soundcards found.
[    1.012663] Freeing unused kernel image (initmem) memory: 3096K


U-Boot 2024.04-gc8fc3d1d8ce6-ab13197479 (Mar 10 2025 - 22:48:14 +0000)







DRAM:  4 GiB



Core:  10 devices, 10 uclasses, devicetree: separate



Warning: MP init failure



         x86_mp_init() returning err=-96



Net:         eth_initialize() No ethernet found.



Driver                    uid uclass               Devices



----------------------------------------------------------



blk_partition             083 partition            virtio-blk#2:1           



                                                   virtio-blk#2:2           



                                                   virtio-blk#2:3           



                                                   virtio-blk#2:4           



                                                   virtio-blk#2:5           



                                                   virtio-blk#2:6           



                                                   virtio-blk#2:7           



                                                   virtio-blk#2:8           



                                                   virtio-blk#2:9           



                                                   virtio-blk#2:10          



                                                   virtio-blk#2:11          



                                                   virtio-blk#2:12          



                                                   virtio-blk#2:13          



                                                   virtio-blk#2:14          



                                                   virtio-blk#2:15          



                                                   virtio-blk#2:16          



                                                   virtio-blk#2:17          



                                                   virtio-blk#2:18          



                                                   virtio-blk#3:1           



                                                   virtio-blk#3:2           



                                                   virtio-blk#3:3           



                                                   virtio-blk#3:4           



                                                   virtio-blk#4:1           



bootmeth_qfw              026 <no uclass>          



cpu_bus                   109 <no uclass>          



cpu_qemu                  031 <no uclass>          



cpu_x86                   031 <no uclass>          



efi_blk                   022 blk                  <none>



EFI block driver          038 efi                  <none>



syscon                    117 syscon               <none>



intel_irq                 061 irq                  irq-router               



motorola_mc146818         104 rtc                  rtc                      



ns16550_serial            108 serial               serial                   



intel-pch7                084 pch                  pch@1,0                  



intel-pch9                084 pch                  <none>



pci_bridge_drv            085 pci                  <none>



pci_generic_drv           087 pci_generic          pci_0:0.0                



                                                   pci_0:1.1                



                                                   pci_0:1.3                



                                                   pci_0:12.0               



                                                   pci_0:13.0               



pci_x86                   085 pci                  pci                      



qfw_bootdev               025 <no uclass>          



qfw_pio                   096 qfw                  qfw_pio                  



root_driver               000 root                 root_driver              



sysinfo_smbios            118 sysinfo              smbios                   



vidconsole0               131 vidconsole0          <none>



virtio-blk                022 blk                  virtio-blk#2             



                                                   virtio-blk#3             



              [    1.226215] Write protecting the kernel read-only data: 38912k
[    1.227567] Freeing unused kernel image (rodata/data gap) memory: 888K
[    1.228777] Run /init as init process
[    1.230561] init: init first stage started!
[    1.231533] init: Loading module /lib/modules/failover.ko with args ''
[    1.232882] init: Loaded kernel module /lib/modules/failover.ko
[    1.233943] init: Loading module /lib/modules/nd_virtio.ko with args ''
[    1.235203] init: Loaded kernel module /lib/modules/nd_virtio.ko
[    1.236194] init: Loading module /lib/modules/net_failover.ko with args ''
[    1.237633] init: Loaded kernel module /lib/modules/net_failover.ko
[    1.238689] init: Loading module /lib/modules/virtio_dma_buf.ko with args ''
[    1.240000] init: Loaded kernel module /lib/modules/virtio_dma_buf.ko
[    1.241060] init: Loading module /lib/modules/virtio-gpu.ko with args ''
[    1.244307] init: Loaded kernel module /lib/modules/virtio-gpu.ko
[    1.245336] init: Loading module /lib/modules/virtio_input.ko with args ''
[    1.246718] init: Loaded kernel module /lib/modules/virtio_input.ko
[    1.247853] init: Loading module /lib/modules/virtio_net.ko with args ''
[    1.250407] init: Loaded kernel module /lib/modules/virtio_net.ko
[    1.251413] init: Loading module /lib/modules/virtio-rng.ko with args ''
[    1.252658] init: Loaded kernel module /lib/modules/virtio-rng.ko
[    1.253664] init: Loading module /lib/modules/libarc4.ko with args ''
[    1.255856] init: Loaded kernel module /lib/modules/libarc4.ko
[    1.256855] init: Loading module /lib/modules/rfkill.ko with args ''
[    1.258736] init: Loaded kernel module /lib/modules/rfkill.ko
[    1.259825] init: Loading module /lib/modules/cfg80211.ko with args ''
[    1.271458] cfg80211: Loading compiled-in X.509 certificates for regulatory database
[    1.272924] Loaded X.509 cert 'sforshee: 00b28ddf47aef9cea7'
[    1.274062] Loaded X.509 cert 'wens: 61c038651aabdcf94bd0ac7ff06c7248db18c600'
[    1.275349] platform regulatory.0: Direct firmware load for regulatory.db failed with error -2
[    1.276838] cfg80211: failed to load regulatory.db
[    1.278099] init: Loaded kernel module /lib/modules/cfg80211.ko
[    1.279183] init: Loading module /lib/modules/mac80211.ko with args ''
[    1.291289] init: Loaded kernel module /lib/modules/mac80211.ko
[    1.292345] init: Loading module /lib/modules/mac80211_hwsim.ko with args 'radios=0'
[    1.294804] mac80211_hwsim: initializing netlink
[    1.295798] init: Loaded kernel module /lib/modules/mac80211_hwsim.ko
[    1.296909] init: Loading module /lib/modules/virtio_blk.ko with args ''
[    1.298801] init: Loaded kernel module /lib/modules/virtio_blk.ko
[    1.299818] init: Loading module /lib/modules/virtio_console.ko with args ''
[    1.302179] init: Loaded kernel module /lib/modules/virtio_console.ko
[    1.303304] init: Loading module /lib/modules/virtio_pci_modern_dev.ko with args ''
[    1.305094] init: Loaded kernel module /lib/modules/virtio_pci_modern_dev.ko
[    1.306312] init: Loading module /lib/modules/virtio_pci_legacy_dev.ko with args ''
[    1.308041] init: Loaded kernel module /lib/modules/virtio_pci_legacy_dev.ko
[    1.309225] init: Loading module /lib/modules/virtio_pci.ko with args ''
[    1.342446] ACPI: \_SB_.LNKB: Enabled at IRQ 11
[    1.344497] [drm] pci: virtio-gpu-pci detected at 0000:00:02.0
[    1.345851] [drm] features: -virgl +edid -resource_blob -host_visible
[    1.345854] [drm] features: -context_init
[    1.348348] [drm] number of scanouts: 1
[    1.348985] [drm] number of cap sets: 0
[    1.349915] [drm] Initialized virtio_gpu 0.1.0 for 0000:00:02.0 on minor 0
[    1.404436] printk: legacy console [hvc0] enabled
[    1.429989] ACPI: \_SB_.LNKD: Enabled at IRQ 11
[    1.429989] ACPI: \_SB_.LNKD: Enabled at IRQ 11
[    1.431898] virtio_blk virtio2: 2/0/0 default/read/poll queues
[    1.431898] virtio_blk virtio2: 2/0/0 default/read/poll queues
[    1.434016] virtio_blk virtio2: [vda] 32148608 512-byte logical blocks (16.5 GB/15.3 GiB)
[    1.434016] virtio_blk virtio2: [vda] 32148608 512-byte logical blocks (16.5 GB/15.3 GiB)
[    1.436470]  vda: vda1 vda2 vda3 vda4 vda5 vda6 vda7 vda8 vda9 vda10 vda11 vda12 vda13 vda14 vda15 vda16 vda17 vda18
[    1.436470]  vda: vda1 vda2 vda3 vda4 vda5 vda6 vda7 vda8 vda9 vda10 vda11 vda12 vda13 vda14 vda15 vda16 vda17 vda18
[    1.468734] ACPI: \_SB_.LNKA: Enabled at IRQ 10
[    1.468734] ACPI: \_SB_.LNKA: Enabled at IRQ 10
[    1.470625] virtio_blk virtio3: 2/0/0 default/read/poll queues
[    1.470625] virtio_blk virtio3: 2/0/0 default/read/poll queues
[    1.472673] virtio_blk virtio3: [vdb] 2560 512-byte logical blocks (1.31 MB/1.25 MiB)
[    1.472673] virtio_blk virtio3: [vdb] 2560 512-byte logical blocks (1.31 MB/1.25 MiB)
[    1.475316]  vdb: vdb1 vdb2 vdb3 vdb4
[    1.475316]  vdb: vdb1 vdb2 vdb3 vdb4
[    1.507004] virtio_blk virtio4: 2/0/0 default/read/poll queues
[    1.507004] virtio_blk virtio4: 2/0/0 default/read/poll queues
[    1.509217] virtio_blk virtio4: [vdc] 4194304 512-byte logical blocks (2.15 GB/2.00 GiB)
[    1.509217] virtio_blk virtio4: [vdc] 4194304 512-byte logical blocks (2.15 GB/2.00 GiB)
[    1.511286]  vdc: vdc1
[    1.511286]  vdc: vdc1
[    1.637864] input: QEMU Virtio Mouse as /devices/pci0000:00/0000:00:0a.0/virtio8/input/input3
[    1.637864] input: QEMU Virtio Mouse as /devices/pci0000:00/0000:00:0a.0/virtio8/input/input3
[    1.671726] input: QEMU Virtio Keyboard as /devices/pci0000:00/0000:00:0b.0/virtio9/input/input4
[    1.671726] input: QEMU Virtio Keyboard as /devices/pci0000:00/0000:00:0b.0/virtio9/input/input4
[    1.707341] input: Cuttlefish Vhost User Switches 0 as /devices/pci0000:00/0000:00:0c.0/virtio10/input/input5
[    1.707341] input: Cuttlefish Vhost User Switches 0 as /devices/pci0000:00/0000:00:0c.0/virtio10/input/input5
[    1.743228] input: Cuttlefish Vhost User Rotary 0 as /devices/pci0000:00/0000:00:0d.0/virtio11/input/input6
[    1.743228] input: Cuttlefish Vhost User Rotary 0 as /devices/pci0000:00/0000:00:0d.0/virtio11/input/input6
[    1.871492] init: Loaded kernel module /lib/modules/virtio_pci.ko
[    1.871492] init: Loaded kernel module /lib/modules/virtio_pci.ko
[    1.872611] init: Loading module /lib/modules/vmw_vsock_virtio_transport.ko with args ''
[    1.872611] init: Loading module /lib/modules/vmw_vsock_virtio_transport.ko with args ''
[    1.876659] init: Loaded kernel module /lib/modules/vmw_vsock_virtio_transport.ko
[    1.876659] init: Loaded kernel module /lib/modules/vmw_vsock_virtio_transport.ko
[    1.878050] init: Loaded 19 modules from /lib/modules
[    1.878050] init: Loaded 19 modules from /lib/modules
[    1.879013] init: Loaded 19 kernel modules took 647 ms
[    1.879013] init: Loaded 19 kernel modules took 647 ms
[    1.880068] init: Copied ramdisk prop to /second_stage_resources/system/etc/ramdisk/build.prop
[    1.880068] init: Copied ramdisk prop to /second_stage_resources/system/etc/ramdisk/build.prop
[    1.881579] init: Using generic ramdisk copy of snapuserd /system/bin/snapuserd_ramdisk
[    1.881579] init: Using generic ramdisk copy of snapuserd /system/bin/snapuserd_ramdisk
[    1.882976] init: hard linking /system/bin/snapuserd_ramdisk to /first_stage_ramdisk/system/bin/snapuserd succeeded
[    1.882976] init: hard linking /system/bin/snapuserd_ramdisk to /first_stage_ramdisk/system/bin/snapuserd succeeded
[    1.884839] init: Switching root to '/first_stage_ramdisk'
[    1.884839] init: Switching root to '/first_stage_ramdisk'
[    1.885952] init: [libfstab] Using Android DT directory /proc/device-tree/firmware/android/
[    1.885952] init: [libfstab] Using Android DT directory /proc/device-tree/firmware/android/
[    1.887421] init: [libfstab] ReadFstabFromDt(): failed to read fstab from dt
[    1.887421] init: [libfstab] ReadFstabFromDt(): failed to read fstab from dt
[    1.893799] init: [libfs_mgr] Invalid ext4 superblock on '/dev/block/by-name/metadata'
[    1.893799] init: [libfs_mgr] Invalid ext4 superblock on '/dev/block/by-name/metadata'
[    1.895430] init: [libfs_mgr] Invalid ext4 superblock on '/dev/block/by-name/metadata'
[    1.895430] init: [libfs_mgr] Invalid ext4 superblock on '/dev/block/by-name/metadata'
[    1.903731] init: [libfs_mgr] Created logical partition product_a on device /dev/block/dm-0
[    1.903731] init: [libfs_mgr] Created logical partition product_a on device /dev/block/dm-0
[    1.905179] init: [libfs_mgr] Skipping zero-length logical partition: product_b
[    1.905179] init: [libfs_mgr] Skipping zero-length logical partition: product_b
[    1.906808] init: [libfs_mgr] Created logical partition system_a on device /dev/block/dm-1
[    1.906808] init: [libfs_mgr] Created logical partition system_a on device /dev/block/dm-1
[    1.908503] init: [libfs_mgr] Created logical partition system_b on device /dev/block/dm-2
[    1.908503] init: [libfs_mgr] Created logical partition system_b on device /dev/block/dm-2
[    1.910232] init: [libfs_mgr] Created logical partition system_ext_a on device /dev/block/dm-3
[    1.910232] init: [libfs_mgr] Created logical partition system_ext_a on device /dev/block/dm-3
[    1.911723] init: [libfs_mgr] Skipping zero-length logical partition: system_ext_b
[    1.911723] init: [libfs_mgr] Skipping zero-length logical partition: system_ext_b
[    1.913291] init: [libfs_mgr] Created logical partition system_dlkm_a on device /dev/block/dm-4
[    1.913291] init: [libfs_mgr] Created logical partition system_dlkm_a on device /dev/block/dm-4
[    1.914827] init: [libfs_mgr] Skipping zero-length logical partition: system_dlkm_b
[    1.914827] init: [libfs_mgr] Skipping zero-length logical partition: system_dlkm_b
[    1.916397] init: [libfs_mgr] Created logical partition odm_a on device /dev/block/dm-5
[    1.916397] init: [libfs_mgr] Created logical partition odm_a on device /dev/block/dm-5
[    1.918133] init: [libfs_mgr] Skipping zero-length logical partition: odm_b
[    1.918133] init: [libfs_mgr] Skipping zero-length logical partition: odm_b
[    1.919707] init: [libfs_mgr] Created logical partition vendor_a on device /dev/block/dm-6
[    1.919707] init: [libfs_mgr] Created logical partition vendor_a on device /dev/block/dm-6
[    1.921130] init: [libfs_mgr] Skipping zero-length logical partition: vendor_b
[    1.921130] init: [libfs_mgr] Skipping zero-length logical partition: vendor_b
[    1.922687] init: [libfs_mgr] Created logical partition vendor_dlkm_a on device /dev/block/dm-7
[    1.922687] init: [libfs_mgr] Created logical partition vendor_dlkm_a on device /dev/block/dm-7
[    1.924383] init: [libfs_mgr] Skipping zero-length logical partition: vendor_dlkm_b
[    1.924383] init: [libfs_mgr] Skipping zero-length logical partition: vendor_dlkm_b
[    1.926154] init: [libfs_mgr] Created logical partition odm_dlkm_a on device /dev/block/dm-8
[    1.926154] init: [libfs_mgr] Created logical partition odm_dlkm_a on device /dev/block/dm-8
[    1.927648] init: [libfs_mgr] Skipping zero-length logical partition: odm_dlkm_b
[    1.927648] init: [libfs_mgr] Skipping zero-length logical partition: odm_dlkm_b
[    1.928969] init: DSU not detected, proceeding with normal boot
[    1.928969] init: DSU not detected, proceeding with normal boot
[    1.934035] init: [libfs_avb] Returning avb_handle with status: Success
[    1.934035] init: [libfs_avb] Returning avb_handle with status: Success
[    1.938789] init: [libfs_avb] : Error verifying vbmeta image: OK_NOT_SIGNED
[    1.938789] init: [libfs_avb] : Error verifying vbmeta image: OK_NOT_SIGNED
[    1.940035] init: [libfs_avb] public key data shouldn't be empty for /system
[    1.940035] init: [libfs_avb] public key data shouldn't be empty for /system
[    1.941277] init: [libfs_avb] Found unknown public key used to sign /system
[    1.941277] init: [libfs_avb] Found unknown public key used to sign /system
[    1.942498] init: [libfs_avb] Returning avb_handle for '/system' with status: VerificationError
[    1.942498] init: [libfs_avb] Returning avb_handle for '/system' with status: VerificationError
[    1.944060] init: [libfs_avb] Built verity table: '1 /dev/block/dm-1 /dev/block/dm-1 4096 4096 173472 173472 sha256 50ec6037f9292966eaed3736f967174326e3d01773e2e33b0b51e60d70e5b3bd 580b175bb5dc541fbd6b3432a2e2fec813ebc8851774a9ada7be86ce5d225de5 10 use_fec_from_device /dev/block/dm-1 fec_roots 2 fec_blocks 174840 fec_start 174840 restart_on_corruption ignore_zero_blocks'
[    1.944060] init: [libfs_avb] Built verity table: '1 /dev/block/dm-1 /dev/block/dm-1 4096 4096 173472 173472 sha256 50ec6037f9292966eaed3736f967174326e3d01773e2e33b0b51e60d70e5b3bd 580b175bb5dc541fbd6b3432a2e2fec813ebc8851774a9ada7be86ce5d225de5 10 use_fec_from_device /dev/block/dm-1 fec_roots 2 fec_blocks 174840 fec_start 174840 restart_on_corruption ignore_zero_blocks'
[    1.949754] device-mapper: verity: sha256 using shash "sha256-ni" (multibuffer)
[    1.949754] device-mapper: verity: sha256 using shash "sha256-ni" (multibuffer)
[    1.955604] erofs: (device dm-9): mounted with root inode @ nid 56.
[    1.955604] erofs: (device dm-9): mounted with root inode @ nid 56.
[    1.956727] init: [libfs_mgr] __mount(source=/dev/block/dm-9,target=/system,type=erofs)=0: Success
[    1.956727] init: [libfs_mgr] __mount(source=/dev/block/dm-9,target=/system,type=erofs)=0: Success
[    1.958423] init: Switching root to '/system'
[    1.958423] init: Switching root to '/system'
[    1.959800] init: [libfs_avb] Built verity table: '1 /dev/block/dm-5 /dev/block/dm-5 4096 4096 96 96 sha256 f9b59fa9cbf453f1ec6509b804d580f46f529ed441ecd96830106e6979b92e2f 580b175bb5dc541fbd6b3432a2e2fec813ebc8851774a9ada7be86ce5d225de5 10 use_fec_from_device /dev/block/dm-5 fec_roots 2 fec_blocks 97 fec_start 97 restart_on_corruption ignore_zero_blocks'
[    1.959800] init: [libfs_avb] Built verity table: '1 /dev/block/dm-5 /dev/block/dm-5 4096 4096 96 96 sha256 f9b59fa9cbf453f1ec6509b804d580f46f529ed441ecd96830106e6979b92e2f 580b175bb5dc541fbd6b3432a2e2fec813ebc8851774a9ada7be86ce5d225de5 10 use_fec_from_device /dev/block/dm-5 fec_roots 2 fec_blocks 97 fec_start 97 restart_on_corruption ignore_zero_blocks'
[    1.965086] device-mapper: verity: sha256 using shash "sha256-ni" (multibuffer)
[    1.965086] device-mapper: verity: sha256 using shash "sha256-ni" (multibuffer)
[    1.967569] erofs: (device dm-10): mounted with root inode @ nid 38.
[    1.967569] erofs: (device dm-10): mounted with root inode @ nid 38.
[    1.968717] init: [libfs_mgr] __mount(source=/dev/block/dm-10,target=/odm,type=erofs)=0: Success
[    1.968717] init: [libfs_mgr] __mount(source=/dev/block/dm-10,target=/odm,type=erofs)=0: Success
[    1.970641] init: [libfs_avb] Built verity table: '1 /dev/block/dm-0 /dev/block/dm-0 4096 4096 59262 59262 sha256 fc992826e2222596e1794311e8b87ee5e903ba4c18acdf48526e5b99cb3b5cf8 580b175bb5dc541fbd6b3432a2e2fec813ebc8851774a9ada7be86ce5d225de5 10 use_fec_from_device /dev/block/dm-0 fec_roots 2 fec_blocks 59730 fec_start 59730 restart_on_corruption ignore_zero_blocks'
[    1.970641] init: [libfs_avb] Built verity table: '1 /dev/block/dm-0 /dev/block/dm-0 4096 4096 59262 59262 sha256 fc992826e2222596e1794311e8b87ee5e903ba4c18acdf48526e5b99cb3b5cf8 580b175bb5dc541fbd6b3432a2e2fec813ebc8851774a9ada7be86ce5d225de5 10 use_fec_from_device /dev/block/dm-0 fec_roots 2 fec_blocks 59730 fec_start 59730 restart_on_corruption ignore_zero_blocks'
[    1.976930] device-mapper: verity: sha256 using shash "sha256-ni" (multibuffer)
[    1.976930] device-mapper: verity: sha256 using shash "sha256-ni" (multibuffer)
[    1.979761] erofs: (device dm-11): mounted with root inode @ nid 40.
[    1.979761] erofs: (device dm-11): mounted with root inode @ nid 40.
[    1.980948] init: [libfs_mgr] __mount(source=/dev/block/dm-11,target=/product,type=erofs)=0: Success
[    1.980948] init: [libfs_mgr] __mount(source=/dev/block/dm-11,target=/product,type=erofs)=0: Success
[    1.982759] init: [libfs_avb] Built verity table: '1 /dev/block/dm-3 /dev/block/dm-3 4096 4096 77576 77576 blake2b-256 48e1bc464f6388990d2a578df755160c8c813fc5f26747308590d4e4562028d3 580b175bb5dc541fbd6b3432a2e2fec813ebc8851774a9ada7be86ce5d225de5 10 use_fec_from_device /dev/block/dm-3 fec_roots 2 fec_blocks 78189 fec_start 78189 restart_on_corruption ignore_zero_blocks'
[    1.982759] init: [libfs_avb] Built verity table: '1 /dev/block/dm-3 /dev/block/dm-3 4096 4096 77576 77576 blake2b-256 48e1bc464f6388990d2a578df755160c8c813fc5f26747308590d4e4562028d3 580b175bb5dc541fbd6b3432a2e2fec813ebc8851774a9ada7be86ce5d225de5 10 use_fec_from_device /dev/block/dm-3 fec_roots 2 fec_blocks 78189 fec_start 78189 restart_on_corruption ignore_zero_blocks'
[    1.988637] device-mapper: verity: blake2b-256 using shash "blake2b-256-generic"
[    1.988637] device-mapper: verity: blake2b-256 using shash "blake2b-256-generic"
[    1.991339] erofs: (device dm-12): mounted with root inode @ nid 39.
[    1.991339] erofs: (device dm-12): mounted with root inode @ nid 39.
[    1.992485] init: [libfs_mgr] __mount(source=/dev/block/dm-12,target=/system_ext,type=erofs)=0: Success
[    1.992485] init: [libfs_mgr] __mount(source=/dev/block/dm-12,target=/system_ext,type=erofs)=0: Success
[    1.994310] init: [libfs_avb] Built verity table: '1 /dev/block/dm-6 /dev/block/dm-6 4096 4096 57716 57716 sha256 7ee8c5b7553c5846cd840c4a643118d0cfc5a96d19882f253c5cd864a2a2ef92 580b175bb5dc541fbd6b3432a2e2fec813ebc8851774a9ada7be86ce5d225de5 10 use_fec_from_device /dev/block/dm-6 fec_roots 2 fec_blocks 58172 fec_start 58172 restart_on_corruption ignore_zero_blocks'
[    1.994310] init: [libfs_avb] Built verity table: '1 /dev/block/dm-6 /dev/block/dm-6 4096 4096 57716 57716 sha256 7ee8c5b7553c5846cd840c4a643118d0cfc5a96d19882f253c5cd864a2a2ef92 580b175bb5dc541fbd6b3432a2e2fec813ebc8851774a9ada7be86ce5d225de5 10 use_fec_from_device /dev/block/dm-6 fec_roots 2 fec_blocks 58172 fec_start 58172 restart_on_corruption ignore_zero_blocks'
[    1.999820] device-mapper: verity: sha256 using shash "sha256-ni" (multibuffer)
[    1.999820] device-mapper: verity: sha256 using shash "sha256-ni" (multibuffer)
[    2.002031] erofs: (device dm-13): mounted with root inode @ nid 48.
[    2.002031] erofs: (device dm-13): mounted with root inode @ nid 48.
[    2.003173] init: [libfs_mgr] __mount(source=/dev/block/dm-13,target=/vendor,type=erofs)=0: Success
[    2.003173] init: [libfs_mgr] __mount(source=/dev/block/dm-13,target=/vendor,type=erofs)=0: Success
[    2.005062] init: [libfs_avb] Built verity table: '1 /dev/block/dm-7 /dev/block/dm-7 4096 4096 241 241 sha256 979829de7dcc6920047b7b4f44c0395b9d4e199c8bbaf4d63f4d8be55e744ca8 580b175bb5dc541fbd6b3432a2e2fec813ebc8851774a9ada7be86ce5d225de5 10 use_fec_from_device /dev/block/dm-7 fec_roots 2 fec_blocks 244 fec_start 244 restart_on_corruption ignore_zero_blocks'
[    2.005062] init: [libfs_avb] Built verity table: '1 /dev/block/dm-7 /dev/block/dm-7 4096 4096 241 241 sha256 979829de7dcc6920047b7b4f44c0395b9d4e199c8bbaf4d63f4d8be55e744ca8 580b175bb5dc541fbd6b3432a2e2fec813ebc8851774a9ada7be86ce5d225de5 10 use_fec_from_device /dev/block/dm-7 fec_roots 2 fec_blocks 244 fec_start 244 restart_on_corruption ignore_zero_blocks'
[    2.011202] device-mapper: verity: sha256 using shash "sha256-ni" (multibuffer)
[    2.011202] device-mapper: verity: sha256 using shash "sha256-ni" (multibuffer)
[    2.013529] erofs: (device dm-14): mounted with root inode @ nid 39.
[    2.013529] erofs: (device dm-14): mounted with root inode @ nid 39.
[    2.014815] init: [libfs_mgr] __mount(source=/dev/block/dm-14,target=/vendor_dlkm,type=erofs)=0: Success
[    2.014815] init: [libfs_mgr] __mount(source=/dev/block/dm-14,target=/vendor_dlkm,type=erofs)=0: Success
[    2.016759] init: [libfs_avb] Built verity table: '1 /dev/block/dm-8 /dev/block/dm-8 4096 4096 10 10 sha256 52379ccfc7312c8cc7a559593dc595664182c9bd1250ac8f6c346068b2c93463 580b175bb5dc541fbd6b3432a2e2fec813ebc8851774a9ada7be86ce5d225de5 10 use_fec_from_device /dev/block/dm-8 fec_roots 2 fec_blocks 11 fec_start 11 restart_on_corruption ignore_zero_blocks'
[    2.016759] init: [libfs_avb] Built verity table: '1 /dev/block/dm-8 /dev/block/dm-8 4096 4096 10 10 sha256 52379ccfc7312c8cc7a559593dc595664182c9bd1250ac8f6c346068b2c93463 580b175bb5dc541fbd6b3432a2e2fec813ebc8851774a9ada7be86ce5d225de5 10 use_fec_from_device /dev/block/dm-8 fec_roots 2 fec_blocks 11 fec_start 11 restart_on_corruption ignore_zero_blocks'
[    2.022178] device-mapper: verity: sha256 using shash "sha256-ni" (multibuffer)
[    2.022178] device-mapper: verity: sha256 using shash "sha256-ni" (multibuffer)
[    2.024491] erofs: (device dm-15): mounted with root inode @ nid 38.
[    2.024491] erofs: (device dm-15): mounted with root inode @ nid 38.
[    2.025613] init: [libfs_mgr] __mount(source=/dev/block/dm-15,target=/odm_dlkm,type=erofs)=0: Success
[    2.025613] init: [libfs_mgr] __mount(source=/dev/block/dm-15,target=/odm_dlkm,type=erofs)=0: Success
[    2.027733] init: [libfs_avb] : Error verifying vbmeta image: OK_NOT_SIGNED
[    2.027733] init: [libfs_avb] : Error verifying vbmeta image: OK_NOT_SIGNED
[    2.029009] init: [libfs_avb] public key data shouldn't be empty for /system_dlkm
[    2.029009] init: [libfs_avb] public key data shouldn't be empty for /system_dlkm
[    2.030481] init: [libfs_avb] Found unknown public key used to sign /system_dlkm
[    2.030481] init: [libfs_avb] Found unknown public key used to sign /system_dlkm
[    2.031799] init: [libfs_avb] Returning avb_handle for '/system_dlkm' with status: VerificationError
[    2.031799] init: [libfs_avb] Returning avb_handle for '/system_dlkm' with status: VerificationError
[    2.033433] init: Image rollback detected for /system_dlkm, SPL switches from '' to ''
[    2.033433] init: Image rollback detected for /system_dlkm, SPL switches from '' to ''
[    2.034871] init: Allowing rollbacked standalone image when the device is unlocked
[    2.034871] init: Allowing rollbacked standalone image when the device is unlocked
[    2.036270] init: [libfs_avb] Built verity table: '1 /dev/block/dm-4 /dev/block/dm-4 4096 4096 1926 1926 sha256 dfbfe560f03d43189ae6bd5acc3df6fcc636bc40d878426284659d01e33b2108 580b175bb5dc541fbd6b3432a2e2fec813ebc8851774a9ada7be86ce5d225de5 10 use_fec_from_device /dev/block/dm-4 fec_roots 2 fec_blocks 1943 fec_start 1943 restart_on_corruption ignore_zero_blocks'
[    2.036270] init: [libfs_avb] Built verity table: '1 /dev/block/dm-4 /dev/block/dm-4 4096 4096 1926 1926 sha256 dfbfe560f03d43189ae6bd5acc3df6fcc636bc40d878426284659d01e33b2108 580b175bb5dc541fbd6b3432a2e2fec813ebc8851774a9ada7be86ce5d225de5 10 use_fec_from_device /dev/block/dm-4 fec_roots 2 fec_blocks 1943 fec_start 1943 restart_on_corruption ignore_zero_blocks'
[    2.041975] device-mapper: verity: sha256 using shash "sha256-ni" (multibuffer)
[    2.041975] device-mapper: verity: sha256 using shash "sha256-ni" (multibuffer)
[    2.044498] erofs: (device dm-16): mounted with root inode @ nid 38.
[    2.044498] erofs: (device dm-16): mounted with root inode @ nid 38.
[    2.045646] init: [libfs_mgr] __mount(source=/dev/block/dm-16,target=/system_dlkm,type=erofs)=0: Success
[    2.045646] init: [libfs_mgr] __mount(source=/dev/block/dm-16,target=/system_dlkm,type=erofs)=0: Success
[    2.056992] init: Skipped setting INIT_AVB_VERSION (not in recovery mode)
[    2.056992] init: Skipped setting INIT_AVB_VERSION (not in recovery mode)
[    2.104429] init: [libfstab] Using Android DT directory /proc/device-tree/firmware/android/
[    2.104429] init: [libfstab] Using Android DT directory /proc/device-tree/firmware/android/
[    2.107861] init: Opening SELinux policy
[    2.107861] init: Opening SELinux policy
[    2.112402] init: Loading SELinux policy
[    2.112402] init: Loading SELinux policy
[    2.122179] SELinux:  policy capability network_peer_controls=1
[    2.122179] SELinux:  policy capability network_peer_controls=1
[    2.123313] SELinux:  policy capability open_perms=1
[    2.123313] SELinux:  policy capability open_perms=1
[    2.124209] SELinux:  policy capability extended_socket_class=1
[    2.124209] SELinux:  policy capability extended_socket_class=1
[    2.125305] SELinux:  policy capability always_check_network=0
[    2.125305] SELinux:  policy capability always_check_network=0
[    2.126355] SELinux:  policy capability cgroup_seclabel=0
[    2.126355] SELinux:  policy capability cgroup_seclabel=0
[    2.127327] SELinux:  policy capability nnp_nosuid_transition=1
[    2.127327] SELinux:  policy capability nnp_nosuid_transition=1
[    2.128504] SELinux:  policy capability genfs_seclabel_symlinks=0
[    2.128504] SELinux:  policy capability genfs_seclabel_symlinks=0
[    2.129689] SELinux:  policy capability ioctl_skip_cloexec=0
[    2.129689] SELinux:  policy capability ioctl_skip_cloexec=0
[    2.130749] SELinux:  policy capability userspace_initial_context=0
[    2.130749] SELinux:  policy capability userspace_initial_context=0
[    2.136547] audit: type=1403 audit(1762826139.680:2): auid=4294967295 ses=4294967295 lsm=selinux res=1
[    2.136547] audit: type=1403 audit(1762826139.680:2): auid=4294967295 ses=4294967295 lsm=selinux res=1
[    2.138268] audit: type=1300 audit(1762826139.680:2): arch=c000003e syscall=1 success=yes exit=779526 a0=4 a1=7f8c3890aaf0 a2=be506 a3=0 items=0 ppid=0 pid=1 auid=4294967295 uid=0 gid=0 euid=0 suid=0 fsuid=0 egid=0 sgid=0 fsgid=0 tty=(none) ses=4294967295 comm="init" exe="/system/bin/init" subj=u:r:kernel:s0 key=(null)
[    2.140454] selinux: SELinux: Loaded file context from:
[    2.142256] audit: type=1327 audit(1762826139.680:2): proctitle=2F73797374656D2F62696E2F696E69740073656C696E75785F7365747570
[    2.142963] selinux: 		/system/etc/selinux/plat_file_contexts
[    2.144466] audit: type=1404 audit(1762826139.704:3): enforcing=1 old_enforcing=0 auid=4294967295 ses=4294967295 enabled=1 old-enabled=1 lsm=selinux res=1
[    2.145265] selinux: 		/system_ext/etc/selinux/system_ext_file_contexts
[    2.147289] audit: type=1300 audit(1762826139.704:3): arch=c000003e syscall=1 success=yes exit=1 a0=4 a1=7ffd679ce030 a2=1 a3=ffffffff items=0 ppid=0 pid=1 auid=4294967295 uid=0 gid=0 euid=0 suid=0 fsuid=0 egid=0 sgid=0 fsgid=0 tty=(none) ses=4294967295 comm="init" exe="/system/bin/init" subj=u:r:kernel:s0 key=(null)
[    2.148191] selinux: 		/product/etc/selinux/product_file_contexts
[    2.153185] audit: type=1327 audit(1762826139.704:3): proctitle=2F73797374656D2F62696E2F696E69740073656C696E75785F7365747570
[    2.154064] selinux: 		/vendor/etc/selinux/vendor_file_contexts
[    2.138268] audit: type=1300 audit(1762826139.680:2): arch=c000003e syscall=1 success=yes exit=779526 a0=4 a1=7f8c3890aaf0 a2=be506 a3=0 items=0 ppid=0 pid=1 auid=4294967295 uid=0 gid=0 euid=0 suid=0 fsuid=0 egid=0 sgid=0 fsgid=0 tty=(none) ses=4294967295 comm="init" exe="/system/bin/init" subj=u:r:kernel:s0 key=(null)
[    2.140454] selinux: SELinux: Loaded file context from:
[    2.142256] audit: type=1327 audit(1762826139.680:2): proctitle=2F73797374656D2F62696E2F696E69740073656C696E75785F7365747570
[    2.142963] selinux: 		/system/etc/selinux/plat_file_contexts
[    2.144466] audit: type=1404 audit(1762826139.704:3): enforcing=1 old_enforcing=0 auid=4294967295 ses=4294967295 enabled=1 old-enabled=1 lsm=selinux res=1
[    2.145265] selinux: 		/system_ext/etc/selinux/system_ext_file_contexts
[    2.147289] audit: type=1300 audit(1762826139.704:3): arch=c000003e syscall=1 success=yes exit=1 a0=4 a1=7ffd679ce030 a2=1 a3=ffffffff items=0 ppid=0 pid=1 auid=4294967295 uid=0 gid=0 euid=0 suid=0 fsuid=0 egid=0 sgid=0 fsgid=0 tty=(none) ses=4294967295 comm="init" exe="/system/bin/init" subj=u:r:kernel:s0 key=(null)
[    2.148191] selinux: 		/product/etc/selinux/product_file_contexts
[    2.153185] audit: type=1327 audit(1762826139.704:3): proctitle=2F73797374656D2F62696E2F696E69740073656C696E75785F7365747570
[    2.154064] selinux: 		/vendor/etc/selinux/vendor_file_contexts
[    2.161394] selinux: 		/odm/etc/selinux/odm_file_contexts
[    2.161394] selinux: 		/odm/etc/selinux/odm_file_contexts
[    2.169865] init: init second stage started!
[    2.169865] init: init second stage started!
[    2.177110] selinux: SELinux: Loaded file context from:
[    2.177110] selinux: SELinux: Loaded file context from:
[    2.178139] selinux: 		/system/etc/selinux/plat_file_contexts
[    2.178139] selinux: 		/system/etc/selinux/plat_file_contexts
[    2.179198] selinux: 		/system_ext/etc/selinux/system_ext_file_contexts
[    2.179198] selinux: 		/system_ext/etc/selinux/system_ext_file_contexts
[    2.180386] selinux: 		/product/etc/selinux/product_file_contexts
[    2.180386] selinux: 		/product/etc/selinux/product_file_contexts
[    2.181481] selinux: 		/vendor/etc/selinux/vendor_file_contexts
[    2.181481] selinux: 		/vendor/etc/selinux/vendor_file_contexts
[    2.182575] selinux: 		/odm/etc/selinux/odm_file_contexts
[    2.182575] selinux: 		/odm/etc/selinux/odm_file_contexts
[    2.198911] init: [libfstab] Using Android DT directory /proc/device-tree/firmware/android/
[    2.198911] init: [libfstab] Using Android DT directory /proc/device-tree/firmware/android/
[    2.203025] init: Overriding previous property 'ro.config.notification_sound':'OnTheHunt.ogg' with new value 'pixiedust.ogg'
[    2.203025] init: Overriding previous property 'ro.config.notification_sound':'OnTheHunt.ogg' with new value 'pixiedust.ogg'
[    2.205198] init: Overriding previous property 'ro.com.android.dataroaming':'false' with new value 'true'
[    2.205198] init: Overriding previous property 'ro.com.android.dataroaming':'false' with new value 'true'
[    2.208055] init: Setting product property ro.product.brand to 'generic' (from ro.product.product.brand)
[    2.208055] init: Setting product property ro.product.brand to 'generic' (from ro.product.product.brand)
[    2.209782] init: Setting product property ro.product.device to 'vsoc_x86_64_only' (from ro.product.product.device)
[    2.209782] init: Setting product property ro.product.device to 'vsoc_x86_64_only' (from ro.product.product.device)
[    2.211594] init: Setting product property ro.product.manufacturer to 'Google' (from ro.product.product.manufacturer)
[    2.211594] init: Setting product property ro.product.manufacturer to 'Google' (from ro.product.product.manufacturer)
[    2.213439] init: Setting product property ro.product.model to 'Cuttlefish x86_64 phone 64-bit only' (from ro.product.product.model)
[    2.213439] init: Setting product property ro.product.model to 'Cuttlefish x86_64 phone 64-bit only' (from ro.product.product.model)
[    2.215508] init: Setting product property ro.product.name to 'aosp_cf_x86_64_only_phone' (from ro.product.product.name)
[    2.215508] init: Setting product property ro.product.name to 'aosp_cf_x86_64_only_phone' (from ro.product.product.name)
[    2.217410] init: Setting property 'ro.build.fingerprint' to 'generic/aosp_cf_x86_64_only_phone/vsoc_x86_64_only:16/BP2A.250605.031.A2.dd3c58ec/14085914:userdebug/test-keys'
[    2.217410] init: Setting property 'ro.build.fingerprint' to 'generic/aosp_cf_x86_64_only_phone/vsoc_x86_64_only:16/BP2A.250605.031.A2.dd3c58ec/14085914:userdebug/test-keys'
[    2.220045] init: Setting property 'ro.build.legacy.fingerprint' to 'generic/aosp_cf_x86_64_only_phone/vsoc_x86_64_only:16/BP2A.250605.031.A2/14085914:userdebug/test-keys'
[    2.220045] init: Setting property 'ro.build.legacy.fingerprint' to 'generic/aosp_cf_x86_64_only_phone/vsoc_x86_64_only:16/BP2A.250605.031.A2/14085914:userdebug/test-keys'
[    2.222674] init: Setting property 'ro.product.cpu.abilist' to 'x86_64,arm64-v8a'
[    2.222674] init: Setting property 'ro.product.cpu.abilist' to 'x86_64,arm64-v8a'
[    2.223990] init: Setting property 'ro.product.cpu.abilist32' to ''
[    2.223990] init: Setting property 'ro.product.cpu.abilist32' to ''
[    2.225106] init: Setting property 'ro.product.cpu.abilist64' to 'x86_64,arm64-v8a'
[    2.225106] init: Setting property 'ro.product.cpu.abilist64' to 'x86_64,arm64-v8a'
[    2.226648] init: Running restorecon...
[    2.226648] init: Running restorecon...
[    2.234559] init: Created socket '/dev/socket/property_service_for_system', mode 660, user 0, group 1000
[    2.234559] init: Created socket '/dev/socket/property_service_for_system', mode 660, user 0, group 1000
[    2.236278] init: Created socket '/dev/socket/property_service', mode 666, user 0, group 0
[    2.236278] init: Created socket '/dev/socket/property_service', mode 666, user 0, group 0
[    2.238176] init: [libfs_mgr] vendor overlay: vndk version not defined
[    2.238176] init: [libfs_mgr] vendor overlay: vndk version not defined
[    2.239852] init: SetupMountNamespaces done
[    2.239852] init: SetupMountNamespaces done
[    2.241268] init: Forked subcontext for 'u:r:vendor_init:s0' with pid 98
[    2.241268] init: Forked subcontext for 'u:r:vendor_init:s0' with pid 98
[    2.243324] init: Parsing file /system/etc/init/hw/init.rc...
[    2.243324] init: Parsing file /system/etc/init/hw/init.rc...
[    2.244905] init: Added '/init.environ.rc' to import list
[    2.244905] init: Added '/init.environ.rc' to import list
[    2.245911] init: Added '/system/etc/init/hw/init.usb.rc' to import list
[    2.245911] init: Added '/system/etc/init/hw/init.usb.rc' to import list
[    2.247065] init: Added '/init.cutf_cvm.rc' to import list
[    2.247065] init: Added '/init.cutf_cvm.rc' to import list
[    2.248029] init: Added '/vendor/etc/init/hw/init.cutf_cvm.rc' to import list
[    2.248029] init: Added '/vendor/etc/init/hw/init.cutf_cvm.rc' to import list
[    2.249228] init: Added '/system/etc/init/hw/init.usb.configfs.rc' to import list
[    2.249228] init: Added '/system/etc/init/hw/init.usb.configfs.rc' to import list
[    2.250519] init: Added '/system/etc/init/hw/init.zygote64.rc' to import list
[    2.250519] init: Added '/system/etc/init/hw/init.zygote64.rc' to import list
[    2.251895] init: Added '/system/etc/init/hw/init.boringssl.zygote64.rc' to import list
[    2.251895] init: Added '/system/etc/init/hw/init.boringssl.zygote64.rc' to import list
[    2.253566] init: Parsing file /init.environ.rc...
[    2.253566] init: Parsing file /init.environ.rc...
[    2.254482] init: Parsing file /system/etc/init/hw/init.usb.rc...
[    2.254482] init: Parsing file /system/etc/init/hw/init.usb.rc...
[    2.255724] init: Parsing file /init.cutf_cvm.rc...
[    2.255724] init: Parsing file /init.cutf_cvm.rc...
[    2.256608] init: Unable to read config file '/init.cutf_cvm.rc': open() failed: No such file or directory
[    2.256608] init: Unable to read config file '/init.cutf_cvm.rc': open() failed: No such file or directory
[    2.258404] init: Parsing file /vendor/etc/init/hw/init.cutf_cvm.rc...
[    2.258404] init: Parsing file /vendor/etc/init/hw/init.cutf_cvm.rc...
[    2.259552] init: Unable to read config file '/vendor/etc/init/hw/init.cutf_cvm.rc': open() failed: No such file or directory
[    2.259552] init: Unable to read config file '/vendor/etc/init/hw/init.cutf_cvm.rc': open() failed: No such file or directory
[    2.261524] init: Parsing file /system/etc/init/hw/init.usb.configfs.rc...
[    2.261524] init: Parsing file /system/etc/init/hw/init.usb.configfs.rc...
[    2.262978] init: Parsing file /system/etc/init/hw/init.zygote64.rc...
[    2.262978] init: Parsing file /system/etc/init/hw/init.zygote64.rc...
[    2.264182] init: Parsing file /system/etc/init/hw/init.boringssl.zygote64.rc...
[    2.264182] init: Parsing file /system/etc/init/hw/init.boringssl.zygote64.rc...
[    2.265505] init: Parsing directory /system/etc/init...
[    2.265505] init: Parsing directory /system/etc/init...
[    2.266489] init: Parsing file /system/etc/init/aconfigd.rc...
[    2.266489] init: Parsing file /system/etc/init/aconfigd.rc...
[    2.267779] init: Parsing file /system/etc/init/android.system.suspend-service.rc...
[    2.267779] init: Parsing file /system/etc/init/android.system.suspend-service.rc...
[    2.269174] init: Parsing file /system/etc/init/apexd.rc...
[    2.269174] init: Parsing file /system/etc/init/apexd.rc...
[    2.270290] init: Parsing file /system/etc/init/atrace.rc...
[    2.270290] init: Parsing file /system/etc/init/atrace.rc...
[    2.271822] init: Parsing file /system/etc/init/atrace_userdebug.rc...
[    2.271822] init: Parsing file /system/etc/init/atrace_userdebug.rc...
[    2.273221] init: Parsing file /system/etc/init/audioserver.rc...
[    2.273221] init: Parsing file /system/etc/init/audioserver.rc...
[    2.274402] init: Parsing file /system/etc/init/blank_screen.rc...
[    2.274402] init: Parsing file /system/etc/init/blank_screen.rc...
[    2.275541] init: Parsing file /system/etc/init/bootanim.rc...
[    2.275541] init: Parsing file /system/etc/init/bootanim.rc...
[    2.276854] init: Parsing file /system/etc/init/bootstat-debug.rc...
[    2.276854] init: Parsing file /system/etc/init/bootstat-debug.rc...
[    2.278073] init: Parsing file /system/etc/init/bootstat.rc...
[    2.278073] init: Parsing file /system/etc/init/bootstat.rc...
[    2.279363] init: Parsing file /system/etc/init/cameraserver.rc...
[    2.279363] init: Parsing file /system/etc/init/cameraserver.rc...
[    2.280518] init: Parsing file /system/etc/init/clean_scratch_files.rc...
[    2.280518] init: Parsing file /system/etc/init/clean_scratch_files.rc...
[    2.281904] init: Parsing file /system/etc/init/cppreopts.rc...
[    2.281904] init: Parsing file /system/etc/init/cppreopts.rc...
[    2.283065] init: Parsing file /system/etc/init/credstore.rc...
[    2.283065] init: Parsing file /system/etc/init/credstore.rc...
[    2.284211] init: Parsing file /system/etc/init/dmesgd.rc...
[    2.284211] init: Parsing file /system/etc/init/dmesgd.rc...
[    2.285348] init: Parsing file /system/etc/init/drmserver.rc...
[    2.285348] init: Parsing file /system/etc/init/drmserver.rc...
[    2.286503] init: Parsing file /system/etc/init/dumpstate.rc...
[    2.286503] init: Parsing file /system/etc/init/dumpstate.rc...
[    2.287643] init: Parsing file /system/etc/init/flags_health_check.rc...
[    2.287643] init: Parsing file /system/etc/init/flags_health_check.rc...
[    2.288882] init: Parsing file /system/etc/init/gatekeeperd.rc...
[    2.288882] init: Parsing file /system/etc/init/gatekeeperd.rc...
[    2.290112] init: Parsing file /system/etc/init/gpuservice.rc...
[    2.290112] init: Parsing file /system/etc/init/gpuservice.rc...
[    2.291259] init: Parsing file /system/etc/init/gsid.rc...
[    2.291259] init: Parsing file /system/etc/init/gsid.rc...
[    2.292308] init: Parsing file /system/etc/init/heapprofd.rc...
[    2.292308] init: Parsing file /system/etc/init/heapprofd.rc...
[    2.293602] init: Parsing file /system/etc/init/idmap2d.rc...
[    2.293602] init: Parsing file /system/etc/init/idmap2d.rc...
[    2.294703] init: Parsing file /system/etc/init/incidentd.rc...
[    2.294703] init: Parsing file /system/etc/init/incidentd.rc...
[    2.295811] init: Parsing file /system/etc/init/init-debug.rc...
[    2.295811] init: Parsing file /system/etc/init/init-debug.rc...
[    2.296930] init: Parsing file /system/etc/init/init-mmd-prop.rc...
[    2.296930] init: Parsing file /system/etc/init/init-mmd-prop.rc...
[    2.298216] init: Parsing file /system/etc/init/installd.rc...
[    2.298216] init: Parsing file /system/etc/init/installd.rc...
[    2.299437] init: Parsing file /system/etc/init/kcmdlinectrl.rc...
[    2.299437] init: Parsing file /system/etc/init/kcmdlinectrl.rc...
[    2.300565] init: Parsing file /system/etc/init/keystore2.rc...
[    2.300565] init: Parsing file /system/etc/init/keystore2.rc...
[    2.301697] init: Parsing file /system/etc/init/llkd-debuggable.rc...
[    2.301697] init: Parsing file /system/etc/init/llkd-debuggable.rc...
[    2.302984] init: Parsing file /system/etc/init/llkd.rc...
[    2.302984] init: Parsing file /system/etc/init/llkd.rc...
[    2.304024] init: Parsing file /system/etc/init/lmkd.rc...
[    2.304024] init: Parsing file /system/etc/init/lmkd.rc...
[    2.305309] init: Parsing file /system/etc/init/logcatd.rc...
[    2.305309] init: Parsing file /system/etc/init/logcatd.rc...
[    2.306752] init: Parsing file /system/etc/init/logd.rc...
[    2.306752] init: Parsing file /system/etc/init/logd.rc...
[    2.308044] init: Parsing file /system/etc/init/logtagd.rc...
[    2.308044] init: Parsing file /system/etc/init/logtagd.rc...
[    2.309333] init: Parsing file /system/etc/init/lpdumpd.rc...
[    2.309333] init: Parsing file /system/etc/init/lpdumpd.rc...
[    2.310662] init: Parsing file /system/etc/init/mdnsd.rc...
[    2.310662] init: Parsing file /system/etc/init/mdnsd.rc...
[    2.311863] init: Parsing file /system/etc/init/mediaextractor.rc...
[    2.311863] init: Parsing file /system/etc/init/mediaextractor.rc...
[    2.313318] init: Parsing file /system/etc/init/mediametrics.rc...
[    2.313318] init: Parsing file /system/etc/init/mediametrics.rc...
[    2.314663] init: Parsing file /system/etc/init/mediaserver.rc...
[    2.314663] init: Parsing file /system/etc/init/mediaserver.rc...
[    2.316040] init: Parsing file /system/etc/init/misctrl.rc...
[    2.316040] init: Parsing file /system/etc/init/misctrl.rc...
[    2.317260] init: Parsing file /system/etc/init/mtectrl.rc...
[    2.317260] init: Parsing file /system/etc/init/mtectrl.rc...
[    2.318627] init: Parsing file /system/etc/init/netbpfload.rc...
[    2.318627] init: Parsing file /system/etc/init/netbpfload.rc...
[    2.320093] init: Parsing file /system/etc/init/netd.rc...
[    2.320093] init: Parsing file /system/etc/init/netd.rc...
[    2.321367] init: Parsing file /system/etc/init/odsign.rc...
[    2.321367] init: Parsing file /system/etc/init/odsign.rc...
[    2.322695] init: Parsing file /system/etc/init/otapreopt.rc...
[    2.322695] init: Parsing file /system/etc/init/otapreopt.rc...
[    2.323853] init: Parsing file /system/etc/init/perfetto.rc...
[    2.323853] init: Parsing file /system/etc/init/perfetto.rc...
[    2.325177] init: Parsing file /system/etc/init/prefetch.rc...
[    2.325177] init: Parsing file /system/etc/init/prefetch.rc...
[    2.326302] init: Parsing file /system/etc/init/prng_seeder.rc...
[    2.326302] init: Parsing file /system/etc/init/prng_seeder.rc...
[    2.327428] init: Parsing file /system/etc/init/profcollectd.rc...
[    2.327428] init: Parsing file /system/etc/init/profcollectd.rc...
[    2.328851] init: Parsing file /system/etc/init/recovery-persist.rc...
[    2.328851] init: Parsing file /system/etc/init/recovery-persist.rc...
[    2.330148] init: Parsing file /system/etc/init/recovery-refresh.rc...
[    2.330148] init: Parsing file /system/etc/init/recovery-refresh.rc...
[    2.331370] init: Parsing file /system/etc/init/rss_hwm_reset.rc...
[    2.331370] init: Parsing file /system/etc/init/rss_hwm_reset.rc...
[    2.332569] init: Parsing file /system/etc/init/servicemanager.rc...
[    2.332569] init: Parsing file /system/etc/init/servicemanager.rc...
[    2.333812] init: Parsing file /system/etc/init/simpleperf.rc...
[    2.333812] init: Parsing file /system/etc/init/simpleperf.rc...
[    2.334947] init: Parsing file /system/etc/init/snapuserd.rc...
[    2.334947] init: Parsing file /system/etc/init/snapuserd.rc...
[    2.336080] init: Parsing file /system/etc/init/storaged.rc...
[    2.336080] init: Parsing file /system/etc/init/storaged.rc...
[    2.337165] init: Parsing file /system/etc/init/surfaceflinger.rc...
[    2.337165] init: Parsing file /system/etc/init/surfaceflinger.rc...
[    2.338409] init: Parsing file /system/etc/init/tombstoned.rc...
[    2.338409] init: Parsing file /system/etc/init/tombstoned.rc...
[    2.339809] init: Parsing file /system/etc/init/traced_perf.rc...
[    2.339809] init: Parsing file /system/etc/init/traced_perf.rc...
[    2.340979] init: Parsing file /system/etc/init/tradeinmode.rc...
[    2.340979] init: Parsing file /system/etc/init/tradeinmode.rc...
[    2.342181] init: Parsing file /system/etc/init/uncrypt.rc...
[    2.342181] init: Parsing file /system/etc/init/uncrypt.rc...
[    2.343248] init: Parsing file /system/etc/init/update_engine.rc...
[    2.343248] init: Parsing file /system/etc/init/update_engine.rc...
[    2.344438] init: Parsing file /system/etc/init/update_verifier.rc...
[    2.344438] init: Parsing file /system/etc/init/update_verifier.rc...
[    2.345685] init: Parsing file /system/etc/init/usbd.rc...
[    2.345685] init: Parsing file /system/etc/init/usbd.rc...
[    2.346737] init: Parsing file /system/etc/init/virtual_camera.hal.rc...
[    2.346737] init: Parsing file /system/etc/init/virtual_camera.hal.rc...
[    2.348025] init: Parsing file /system/etc/init/vold.rc...
[    2.348025] init: Parsing file /system/etc/init/vold.rc...
[    2.349032] init: Parsing file /system/etc/init/wifi.rc...
[    2.349032] init: Parsing file /system/etc/init/wifi.rc...
[    2.350229] init: Parsing file /system/etc/init/wificond.rc...
[    2.350229] init: Parsing file /system/etc/init/wificond.rc...
[    2.351350] init: Parsing directory /system_ext/etc/init...
[    2.351350] init: Parsing directory /system_ext/etc/init...
[    2.352390] init: Parsing file /system_ext/etc/init/aidl_lazy_cb_test_server.rc...
[    2.352390] init: Parsing file /system_ext/etc/init/aidl_lazy_cb_test_server.rc...
[    2.354110] init: Parsing file /system_ext/etc/init/aidl_lazy_test_server.rc...
[    2.354110] init: Parsing file /system_ext/etc/init/aidl_lazy_test_server.rc...
[    2.355549] init: Parsing file /system_ext/etc/init/android.hardware.audio.parameter_parser.example_service.rc...
[    2.355549] init: Parsing file /system_ext/etc/init/android.hardware.audio.parameter_parser.example_service.rc...
[    2.357385] init: Parsing file /system_ext/etc/init/android.hardware.security.keymint-service.trusty_system_vm.rc...
[    2.357385] init: Parsing file /system_ext/etc/init/android.hardware.security.keymint-service.trusty_system_vm.rc...
[    2.359381] init: Parsing file /system_ext/etc/init/android.hidl.allocator@1.0-service.rc...
[    2.359381] init: Parsing file /system_ext/etc/init/android.hidl.allocator@1.0-service.rc...
[    2.360829] init: Parsing file /system_ext/etc/init/hwservicemanager.rc...
[    2.360829] init: Parsing file /system_ext/etc/init/hwservicemanager.rc...
[    2.362346] init: Parsing file /system_ext/etc/init/rpmb_dev.system.rc...
[    2.362346] init: Parsing file /system_ext/etc/init/rpmb_dev.system.rc...
[    2.363565] init: Parsing file /system_ext/etc/init/rpmb_dev.test.system.rc...
[    2.363565] init: Parsing file /system_ext/etc/init/rpmb_dev.test.system.rc...
[    2.364957] init: Parsing file /system_ext/etc/init/trusty_security_vm_launcher.rc...
[    2.364957] init: Parsing file /system_ext/etc/init/trusty_security_vm_launcher.rc...
[    2.366454] init: Parsing directory /vendor/etc/init...
[    2.366454] init: Parsing directory /vendor/etc/init...
[    2.367446] init: Parsing file /vendor/etc/init/android.hardware.security.keymint-service.trusty_tee.cpp.rc...
[    2.367446] init: Parsing file /vendor/etc/init/android.hardware.security.keymint-service.trusty_tee.cpp.rc...
[    2.369445] init: Parsing file /vendor/etc/init/android.hardware.security.keymint-service.trusty_tee.rc...
[    2.369445] init: Parsing file /vendor/etc/init/android.hardware.security.keymint-service.trusty_tee.rc...
[    2.371453] init: Parsing file /vendor/etc/init/boringssl_self_test.rc...
[    2.371453] init: Parsing file /vendor/etc/init/boringssl_self_test.rc...
[    2.372761] init: Added '/vendor/etc/boringssl_self_test.zygote64.rc' to import list
[    2.372761] init: Added '/vendor/etc/boringssl_self_test.zygote64.rc' to import list
[    2.374227] init: Parsing file /vendor/etc/boringssl_self_test.zyg[    2.374227] init: Parsing file /vendor/etc/boringssl_self_test.zygote64.rc...
ote64.rc...
[    2.376115] init: Parsing file /vendor/etc/init/face-default.rc...
[    2.376115] init: Parsing file /vendor/etc/init/face-default.rc...
[    2.377296] init: Parsing file /vendor/etc/init/fingerprint-default.rc...
[    2.377296] init: Parsing file /vendor/etc/init/fingerprint-default.rc...
[    2.378553] init: Parsing file /vendor/etc/init/init.cutf_cvm.rc...
[    2.378553] init: Parsing file /vendor/etc/init/init.cutf_cvm.rc...
[    2.380000] init: Parsing file /vendor/etc/init/init_graphics.vendor.rc...
[    2.380000] init: Parsing file /vendor/etc/init/init_graphics.vendor.rc...
[    2.381344] init: Parsing file /vendor/etc/init/seriallogging.rc...
[    2.381344] init: Parsing file /vendor/etc/init/seriallogging.rc...
[    2.382521] init: Parsing file /odm/etc/init...
[    2.382521] init: Parsing file /odm/etc/init...
[    2.383369] init: Unable to read config file '/odm/etc/init': open() failed: No such file or directory
[    2.383369] init: Unable to read config file '/odm/etc/init': open() failed: No such file or directory
[    2.384981] init: Parsing directory /product/etc/init...
[    2.384981] init: Parsing directory /product/etc/init...
[    2.386032] init: Parsing file /product/etc/init/init.rc...
[    2.386032] init: Parsing file /product/etc/init/init.rc...
[    2.387514] init: processing action (SetupCgroups) from (<Builtin Action>:0)
[    2.387514] init: processing action (SetupCgroups) from (<Builtin Action>:0)
[    2.389734] libprocessgroup: Failed to mount controller cpuset: No such device
[    2.389734] libprocessgroup: Failed to mount controller cpuset: No such device
[    2.390996] libprocessgroup: Failed to setup cpuset cgroup
[    2.390996] libprocessgroup: Failed to setup cpuset cgroup
[    2.391994] libprocessgroup: Using system/app isolation under: /sys/fs/cgroup
[    2.391994] libprocessgroup: Using system/app isolation under: /sys/fs/cgroup
[    2.398524] init: processing action (SetKptrRestrict) from (<Builtin Action>:0)
[    2.398524] init: processing action (SetKptrRestrict) from (<Builtin Action>:0)
[    2.399934] init: processing action (TestPerfEventSelinux) from (<Builtin Action>:0)
[    2.399934] init: processing action (TestPerfEventSelinux) from (<Builtin Action>:0)
[    2.401519] init: processing action (early-init) from (/system/etc/init/hw/init.rc:15)
[    2.401519] init: processing action (early-init) from (/system/etc/init/hw/init.rc:15)
[    2.404569] init: starting service 'ueventd'...
[    2.404569] init: starting service 'ueventd'...
[    2.408545] libprocessgroup: A JoinCgroup action in the SystemMemoryProcess profile is used for controller memory in the cgroup v2 hierarchy and will be ignored
[    2.408545] libprocessgroup: A JoinCgroup action in the SystemMemoryProcess profile is used for controller memory in the cgroup v2 hierarchy and will be ignored
[    2.411382] init: ... started service 'ueventd' has pid 99
[    2.411382] init: ... started service 'ueventd' has pid 99
[    2.413044] init: starting service 'apexd-bootstrap'...
[    2.413044] init: starting service 'apexd-bootstrap'...
[    2.415390] init: ... started service 'apexd-bootstrap' has pid 100
[    2.415390] init: ... started service 'apexd-bootstrap' has pid 100
[    2.416511] init: SVC_EXEC service 'apexd-bootstrap' pid 100 (uid 0 gid 1000+0 context default) started; waiting...
[    2.416511] init: SVC_EXEC service 'apexd-bootstrap' pid 100 (uid 0 gid 1000+0 context default) started; waiting...
[    2.418051] ueventd: ueventd started!
[    2.418051] ueventd: ueventd started!
[    2.420256] selinux: SELinux: Loaded file context from:
[    2.420256] selinux: SELinux: Loaded file context from:
[    2.421509] selinux: 		/system/etc/selinux/plat_file_contexts
[    2.421509] selinux: 		/system/etc/selinux/plat_file_contexts
[    2.422813] selinux: 		/system_ext/etc/selinux/system_ext_file_contexts
[    2.422813] selinux: 		/system_ext/etc/selinux/system_ext_file_contexts
[    2.424296] selinux: 		/product/etc/selinux/product_file_contexts
[    2.424296] selinux: 		/product/etc/selinux/product_file_contexts
[    2.425758] selinux: 		/vendor/etc/selinux/vendor_file_contexts
[    2.425758] selinux: 		/vendor/etc/selinux/vendor_file_contexts
[    2.426969] selinux: 		/odm/etc/selinux/odm_file_contexts
[    2.426969] selinux: 		/odm/etc/selinux/odm_file_contexts
[    2.428384] ueventd: Parsing file /system/etc/ueventd.rc...
[    2.428384] ueventd: Parsing file /system/etc/ueventd.rc...
[    2.429379] ueventd: Added '/vendor/etc/ueventd.rc' to import list
[    2.429379] ueventd: Added '/vendor/etc/ueventd.rc' to import list
[    2.430573] ueventd: Added '/odm/etc/ueventd.rc' to import list
[    2.430573] ueventd: Added '/odm/etc/ueventd.rc' to import list
[    2.431846] ueventd: Parsing file /vendor/etc/ueventd.rc...
