

U-Boot 2024.04-gc8fc3d1d8ce6-ab13197479 (Mar 10 2025 - 22:48:14 +0000)

DRAM:  4 GiB
Core:  10 devices, 10 uclasses, devicetree: separate
Warning: MP init failure
         x86_mp_init() returning err=-96
Net:         eth_initialize() No ethernet found.
Driver                    uid uclass               Devices
----------------------------------------------------------
blk_partition             083 partition            virtio-blk#2:1           
                                                   virtio-blk#2:2           
                                                   virtio-blk#2:3           
                                                   virtio-blk#2:4           
                                                   virtio-blk#2:5           
                                                   virtio-blk#2:6           
                                                   virtio-blk#2:7           
                                                   virtio-blk#2:8           
                                                   virtio-blk#2:9           
                                                   virtio-blk#2:10          
                                                   virtio-blk#2:11          
                                                   virtio-blk#2:12          
                                                   virtio-blk#2:13          
                                                   virtio-blk#2:14          
                                                   virtio-blk#2:15          
                                                   virtio-blk#2:16          
                                                   virtio-blk#2:17          
                                                   virtio-blk#2:18          
                                                   virtio-blk#3:1           
                                                   virtio-blk#3:2           
                                                   virtio-blk#3:3           
                                                   virtio-blk#3:4           
                                                   virtio-blk#4:1           
bootmeth_qfw              026 <no uclass>          
cpu_bus                   109 <no uclass>          
cpu_qemu                  031 <no uclass>          
cpu_x86                   031 <no uclass>          
efi_blk                   022 blk                  <none>
EFI block driver          038 efi                  <none>
syscon                    117 syscon               <none>
intel_irq                 061 irq                  irq-router               
motorola_mc146818         104 rtc                  rtc                      
ns16550_serial            108 serial               serial                   
intel-pch7                084 pch                  pch@1,0                  
intel-pch9                084 pch                  <none>
pci_bridge_drv            085 pci                  <none>
pci_generic_drv           087 pci_generic          pci_0:0.0                
                                                   pci_0:1.1                
                                                   pci_0:1.3                
                                                   pci_0:12.0               
                                                   pci_0:13.0               
pci_x86                   085 pci                  pci                      
qfw_bootdev               025 <no uclass>          
qfw_pio                   096 qfw                  qfw_pio                  
root_driver               000 root                 root_driver              
sysinfo_smbios            118 sysinfo              smbios                   
vidconsole0               131 vidconsole0          <none>
virtio-blk                022 blk                  virtio-blk#2             
                                                   virtio-blk#3             
                                                   virtio-blk#4             
virtio_bootdev            025 <no uclass>          
virtio-console            108 serial               virtio-console#1         
virtio-console-port       108 serial               virtio_console_port      
                                                   virtio_console_port      
                                                   virtio_console_port      
                                                   virtio_console_port      
                                                   virtio_console_port      
                                                   virtio_console_port      
                                                   virtio_console_port      
                                                   virtio_console_port      
                                                   virtio_console_port      
                                                   virtio_console_port      
                                                   virtio_console_port      
                                                   virtio_console_port      
                                                   virtio_console_port      
                                                   virtio_console_port      
                                                   virtio_console_port      
                                                   virtio_console_port      
                                                   virtio_console_port      
                                                   virtio_console_port      
                                                   virtio_console_port      
                                                   virtio_console_port      
                                                   virtio_console_port      
                                                   virtio_console_port      
                                                   virtio_console_port      
                                                   virtio_console_port      
                                                   virtio_console_port      
                                                   virtio_console_port      
                                                   virtio_console_port      
                                                   virtio_console_port      
                                                   virtio_console_port      
                                                   virtio_console_port      
virtio-net                040 ethernet             virtio-net#13            
                                                   virtio-net#14            
virtio-pci.m              133 virtio               virtio-pci.m#0           
                                                   virtio-pci.m#1           
                                                   virtio-pci.m#2           
                                                   virtio-pci.m#3           
                                                   virtio-pci.m#4           
                                                   virtio-pci.m#5           
                                                   virtio-pci.m#6           
                                                   virtio-pci.m#7           
                                                   virtio-pci.m#8           
                                                   virtio-pci.m#9           
                                                   virtio-pci.m#10          
                                                   virtio-pci.m#11          
                                                   virtio-pci.m#12          
                                                   virtio-pci.m#13          
                                                   virtio-pci.m#14          
                                                   virtio-pci.m#15          
x86_reset                 119 sysreset             reset                    
x86_tsc_timer             122 timer                tsc-timer                
## Android Verified Boot 2.0 version 1.2.0
Writing 8 bytes to virtio_console_port console
Reading 8 bytes from virtio_console_port console
Writing 8 bytes to virtio_console_port console
Reading 8 bytes from virtio_console_port console
Verification passed successfully
Imported supplementary environment
Cannot find boot CPU, APIC ID 0
        mp_first_cpu() bsp: returning err=-2
Invalid CPU (err=-2)
ANDROID: reboot reason: "(none)"
      ab_select_slot() ANDROID: Invalid CRC-32 (expected 807077e9, found 00000000),re-initializing A/B metadata.
      ab_select_slot() ANDROID: Attempting slot a, tries remaining 3
## Android Verified Boot 2.0 version 1.2.0
Writing 8 bytes to virtio_console_port console
Reading 8 bytes from virtio_console_port console
Writing 8 bytes to virtio_console_port console
Reading 8 bytes from virtio_console_port console
Verification passed successfully
## Android Verified Boot 2.0 version 1.2.0
Writing 8 bytes to virtio_console_port console
Reading 8 bytes from virtio_console_port console
Writing 8 bytes to virtio_console_port console
Reading 8 bytes from virtio_console_port console
Verification passed successfully
ANDROID: Loading ramdisk from "init_boot_a", partition 4.
ANDROID: Loading kernel from "boot_a", partition 2.
ANDROID: Loading vendor ramdisk from "vendor_boot_a", partition 6.
Booting kernel at 0x02400000 with fdt at <NULL> ramdisk 0x0e400000 (0x01555672 bytes)...


Valid Boot Flag
Magic signature found
Linux kernel version 6.12.18-android16-1-g50eb8d5d443b-ab13257114 (kleaf@build-host) #1 SMP PREEMPT Fri Mar 21 17:01:42 UTC 2025
Building boot_params at 0x00090000
Loading bzImage at address 100000 (21623808 bytes)
Initial RAM disk at linear address 0x0e400000, size 22369906 bytes
Kernel command line: " printk.devkmsg=on audit=1 panic=-1 8250.nr_uarts=1 cma=0 firmware_class.path=/vendor/etc/ loop.max_part=7 init=/init bootconfig  console=hvc0 earlycon=uart8250,io,0x3f8 pnpacpi=off ramoops.mem_address=0x150000000 ramoops.mem_size=0x200000 ramoops.console_size=0x80000 ramoops.record_size=0x80000 ramoops.dump_oops=1 "
Kernel loaded at 00100000, setup_base=00090000

Starting kernel ...

[    0.000000] Linux version 6.12.18-android16-1-g50eb8d5d443b-ab13257114 (kleaf@build-host) (Android (12833971, +pgo, +bolt, +lto, +mlgo, based on r536225) clang version 19.0.1 (https://android.googlesource.com/toolchain/llvm-project b3a530ec6537146650e42be89f1089e9a3588460), LLD 19.0.1) #1 SMP PREEMPT Fri Mar 21 17:01:42 UTC 2025
[    0.000000] Command line:  printk.devkmsg=on audit=1 panic=-1 8250.nr_uarts=1 cma=0 firmware_class.path=/vendor/etc/ loop.max_part=7 init=/init bootconfig  console=hvc0 earlycon=uart8250,io,0x3f8 pnpacpi=off ramoops.mem_address=0x150000000 ramoops.mem_size=0x200000 ramoops.console_size=0x80000 ramoops.record_size=0x80000 ramoops.dump_oops=1 
[    0.000000] BIOS-provided physical RAM map:
[    0.000000] BIOS-e820: [mem 0x0000000000000000-0x000000000009ffff] usable
[    0.000000] BIOS-e820: [mem 0x00000000000a0000-0x00000000000fffff] reserved
[    0.000000] BIOS-e820: [mem 0x0000000000100000-0x00000000bed74fff] usable
[    0.000000] BIOS-e820: [mem 0x00000000bed75000-0x00000000bfffffff] reserved
[    0.000000] BIOS-e820: [mem 0x00000000e0000000-0x00000000efffffff] reserved
[    0.000000] BIOS-e820: [mem 0x0000000100000000-0x000000013fffffff] usable
[    0.000000] earlycon: uart8250 at I/O port 0x3f8 (options '')
[    0.000000] printk: legacy bootconsole [uart8250] enabled
[    0.000000] NX (Execute Disable) protection: active
[    0.000000] APIC: Static calls initialized
[    0.000000] DMI not present or invalid.
[    0.000000] Hypervisor detected: KVM
[    0.000000] kvm-clock: Using msrs 4b564d01 and 4b564d00
[    0.000001] kvm-clock: using sched offset of 3675454898 cycles
[    0.000949] clocksource: kvm-clock: mask: 0xffffffffffffffff max_cycles: 0x1cd42e4dffb, max_idle_ns: 881590591483 ns
[    0.003914] tsc: Detected 3600.000 MHz processor
[    0.004851] last_pfn = 0x140000 max_arch_pfn = 0x400000000
[    0.005864] MTRR map: 3 entries (3 fixed + 0 variable; max 19), built from 8 variable MTRRs
[    0.007381] x86/PAT: Configuration [0-7]: WB  WC  UC- UC  WB  WP  UC- WT  
[    0.008664] CPU MTRRs all blank - virtualized system.
[    0.009579] last_pfn = 0xbed75 max_arch_pfn = 0x400000000
[    0.010580] found SMP MP-table at [mem 0x000f0040-0x000f004f]
[    0.011619] Using GB pages for direct mapping
[    0.012586] RAMDISK: [mem 0x0e400000-0x0f955fff]
[    0.013418] ACPI: Early table checksum verification disabled
[    0.014435] ACPI: RSDP 0x00000000000F0130 000014 (v00 BOCHS )
[    0.015480] ACPI: RSDT 0x00000000BED7D92C 000040 (v01 BOCHS  BXPC     00000001 BXPC 00000001)
[    0.017031] ACPI: FACP 0x00000000BED7D053 000074 (v01 BOCHS  BXPC     00000001 BXPC 00000001)
[    0.018569] ACPI: DSDT 0x00000000BED7B080 001FD3 (v01 BOCHS  BXPC     00000001 BXPC 00000001)
[    0.020113] ACPI: FACS 0x00000000BED7B040 000040
[    0.020949] ACPI: APIC 0x00000000BED7D0C7 000080 (v03 BOCHS  BXPC     00000001 BXPC 00000001)
[    0.022485] ACPI: HPET 0x00000000BED7D147 000038 (v01 BOCHS  BXPC     00000001 BXPC 00000001)
[    0.024031] ACPI: SRAT 0x00000000BED7D17F 000118 (v01 BOCHS  BXPC     00000001 BXPC 00000001)
[    0.025580] ACPI: SSDT 0x00000000BED7D297 00058D (v01 BOCHS  NVDIMM   00000001 BXPC 00000001)
[    0.027134] ACPI: NFIT 0x00000000BED7D824 0000E0 (v01 BOCHS  BXPC     00000001 BXPC 00000001)
[    0.028687] ACPI: WAET 0x00000000BED7D904 000028 (v01 BOCHS  BXPC     00000001 BXPC 00000001)
[    0.030237] ACPI: Reserving FACP table memory at [mem 0xbed7d053-0xbed7d0c6]
[    0.031512] ACPI: Reserving DSDT table memory at [mem 0xbed7b080-0xbed7d052]
[    0.032786] ACPI: Reserving FACS table memory at [mem 0xbed7b040-0xbed7b07f]
[    0.034063] ACPI: Reserving APIC table memory at [mem 0xbed7d0c7-0xbed7d146]
[    0.035332] ACPI: Reserving HPET table memory at [mem 0xbed7d147-0xbed7d17e]
[    0.036600] ACPI: Reserving SRAT table memory at [mem 0xbed7d17f-0xbed7d296]
[    0.037878] ACPI: Reserving SSDT table memory at [mem 0xbed7d297-0xbed7d823]
[    0.039163] ACPI: Reserving NFIT table memory at [mem 0xbed7d824-0xbed7d903]
[    0.040438] ACPI: Reserving WAET table memory at [mem 0xbed7d904-0xbed7d92b]
[    0.041785] Zone ranges:
[    0.042252]   DMA32    [mem 0x0000000000001000-0x00000000ffffffff]
[    0.043373]   Normal   [mem 0x0000000100000000-0x000000013fffffff]
[    0.044494] Movable zone start for each node
[    0.045270] Early memory node ranges
[    0.045912]   node   0: [mem 0x0000000000001000-0x000000000009ffff]
[    0.047056]   node   0: [mem 0x0000000000100000-0x00000000bed74fff]
[    0.048192]   node   0: [mem 0x0000000100000000-0x000000013fffffff]
[    0.049327] Initmem setup node 0 [mem 0x0000000000001000-0x000000013fffffff]
[    0.050614] On node 0, zone DMA32: 1 pages in unavailable ranges
[    0.072166] On node 0, zone DMA32: 96 pages in unavailable ranges
[    0.080290] On node 0, zone Normal: 4747 pages in unavailable ranges
[    0.082457] ACPI: LAPIC_NMI (acpi_id[0xff] dfl dfl lint[0x1])
[    0.083521] IOAPIC[0]: apic_id 0, version 17, address 0xfec00000, GSI 0-23
[    0.084770] ACPI: INT_SRC_OVR (bus 0 bus_irq 0 global_irq 2 dfl dfl)
[    0.085928] ACPI: INT_SRC_OVR (bus 0 bus_irq 5 global_irq 5 high level)
[    0.087130] ACPI: INT_SRC_OVR (bus 0 bus_irq 9 global_irq 9 high level)
[    0.088328] ACPI: INT_SRC_OVR (bus 0 bus_irq 10 global_irq 10 high level)
[    0.089558] ACPI: INT_SRC_OVR (bus 0 bus_irq 11 global_irq 11 high level)
[    0.090791] ACPI: Using ACPI (MADT) for SMP configuration information
[    0.091969] ACPI: HPET id: 0x8086a201 base: 0xfed00000
[    0.092897] TSC deadline timer available
[    0.093617] CPU topo: Max. logical packages:   1
[    0.094456] CPU topo: Max. logical dies:       1
[    0.095300] CPU topo: Max. dies per package:   1
[    0.096149] CPU topo: Max. threads per core:   1
[    0.096993] CPU topo: Num. cores per package:     2
[    0.097870] CPU topo: Num. threads per package:   2
[    0.098755] CPU topo: Allowing 2 present CPUs plus 0 hotplug CPUs
[    0.099873] kvm-guest: APIC: eoi() replaced with kvm_guest_apic_eoi_write()
[    0.101154] kvm-guest: KVM setup pv remote TLB flush
[    0.102057] kvm-guest: setup PV sched yield
[    0.102814] PM: hibernation: Registered nosave memory: [mem 0x00000000-0x00000fff]
[    0.104192] PM: hibernation: Registered nosave memory: [mem 0x000a0000-0x000fffff]
[    0.105562] PM: hibernation: Registered nosave memory: [mem 0xbed75000-0xbfffffff]
[    0.106953] PM: hibernation: Registered nosave memory: [mem 0xc0000000-0xdfffffff]
[    0.108322] PM: hibernation: Registered nosave memory: [mem 0xe0000000-0xefffffff]
[    0.109701] PM: hibernation: Registered nosave memory: [mem 0xf0000000-0xffffffff]
[    0.111079] [mem 0xc0000000-0xdfffffff] available for PCI devices
[    0.112184] Booting paravirtualized kernel on KVM
[    0.113059] clocksource: refined-jiffies: mask: 0xffffffff max_cycles: 0xffffffff, max_idle_ns: 7645519600211568 ns
[    0.115359] Load bootconfig: 2391 bytes 122 nodes
[    0.116367] setup_percpu: NR_CPUS:32 nr_cpumask_bits:2 nr_cpu_ids:2 nr_node_ids:1
[    0.118665] percpu: Embedded 58 pages/cpu s199832 r8192 d29544 u1048576
[    0.119909] Kernel command line: vmw_vsock_virtio_transport_common.virtio_transport_max_vsock_pkt_buf_size=16384 console=ttynull stack_depot_disable=on cgroup_disable=pressure bootconfig  printk.devkmsg=on audit=1 panic=-1 8250.nr_uarts=1 cma=0 firmware_class.path=/vendor/etc/ loop.max_part=7 init=/init bootconfig  console=hvc0 earlycon=uart8250,io,0x3f8 pnpacpi=off ramoops.mem_address=0x150000000 ramoops.mem_size=0x200000 ramoops.console_size=0x80000 ramoops.record_size=0x80000 ramoops.dump_oops=1 
[    0.128229] cgroup: Disabling pressure control group feature
[    0.129291] audit: enabled (after initialization)
[    0.130236] random: crng init done
[    0.132516] Dentry cache hash table entries: 524288 (order: 10, 4194304 bytes, linear)
[    0.134797] Inode-cache hash table entries: 262144 (order: 9, 2097152 bytes, linear)
[    0.136268] Built 1 zonelists, mobility grouping on.  Total pages: 1043732
[    0.137770] mem auto-init: stack:all(zero), heap alloc:on, heap free:off
[    0.139020] stackdepot: disabled
[    0.139613] software IO TLB: area num 2.
[    0.180824] SLUB: HWalign=64, Order=0-3, MinObjects=0, CPUs=2, Nodes=1
[    0.182336] rcu: Preemptible hierarchical RCU implementation.
[    0.183398] rcu: 	RCU event tracing is enabled.
[    0.184233] rcu: 	RCU restricting CPUs from NR_CPUS=32 to nr_cpu_ids=2.
[    0.185447] rcu: 	RCU priority boosting: priority 1 delay 500 ms.
[    0.186562] 	Trampoline variant of Tasks RCU enabled.
[    0.187488] 	Tracing variant of Tasks RCU enabled.
[    0.188366] rcu: RCU calculated value of scheduler-enlistment delay is 25 jiffies.
[    0.189759] rcu: Adjusting geometry for rcu_fanout_leaf=16, nr_cpu_ids=2
[    0.191006] RCU Tasks: Setting shift to 1 and lim to 1 rcu_task_cb_adjust=1 rcu_task_cpu_ids=2.
[    0.192609] RCU Tasks Trace: Setting shift to 1 and lim to 1 rcu_task_cb_adjust=1 rcu_task_cpu_ids=2.
[    0.195825] NR_IRQS: 4352, nr_irqs: 440, preallocated irqs: 16
[    0.197107] rcu: 	Offload RCU callbacks from CPUs: 0-1.
[    0.198077] rcu: srcu_init: Setting srcu_struct sizes based on contention.
[    0.199397] kfence: initialized - using 524288 bytes for 63 objects at 0x(____ptrval____)-0x(____ptrval____)
[    0.201245] ACPI: Core revision 20240827
[    0.203166] clocksource: hpet: mask: 0xffffffff max_cycles: 0xffffffff, max_idle_ns: 19112604467 ns
[    0.204955] APIC: Switch to symmetric I/O mode setup
[    0.206010] x2apic enabled
[    0.206733] APIC: Switched APIC routing to: physical x2apic
[    0.207750] kvm-guest: APIC: send_IPI_mask() replaced with kvm_send_ipi_mask()
[    0.209109] kvm-guest: APIC: send_IPI_mask_allbutself() replaced with kvm_send_ipi_mask_allbutself()
[    0.210770] kvm-guest: setup PV IPIs
[    0.212220] ..TIMER: vector=0x30 apic1=0 pin1=2 apic2=-1 pin2=-1
[    0.213364] clocksource: tsc-early: mask: 0xffffffffffffffff max_cycles: 0x33e452fbb2f, max_idle_ns: 440795236593 ns
[    0.215279] Calibrating delay loop (skipped) preset value.. 7200.00 BogoMIPS (lpj=14400000)
[    0.216857] x86/cpu: User Mode Instruction Prevention (UMIP) activated
[    0.219291] Last level iTLB entries: 4KB 512, 2MB 255, 4MB 127
[    0.220356] Last level dTLB entries: 4KB 512, 2MB 255, 4MB 127, 1GB 0
[    0.221529] Spectre V1 : Mitigation: usercopy/swapgs barriers and __user pointer sanitization
[    0.223283] Spectre V2 : Mitigation: Retpolines
[    0.224096] Spectre V2 : Spectre v2 / SpectreRSB mitigation: Filling RSB on context switch
[    0.225595] Spectre V2 : Spectre v2 / SpectreRSB : Filling RSB on VMEXIT
[    0.227279] Spectre V2 : Enabling Speculation Barrier for firmware calls
[    0.228494] RETBleed: Mitigation: untrained return thunk
[    0.229463] Spectre V2 : mitigation: Enabling conditional Indirect Branch Prediction Barrier
[    0.231281] Speculative Store Bypass: Mitigation: Speculative Store Bypass disabled via prctl
[    0.232822] Speculative Return Stack Overflow: IBPB-extending microcode not applied!
[    0.234337] Speculative Return Stack Overflow: WARNING: See https://kernel.org/doc/html/latest/admin-guide/hw-vuln/srso.html for mitigation options.
[    0.234338] Speculative Return Stack Overflow: Vulnerable: Safe RET, no microcode
[    0.236659] x86/fpu: Supporting XSAVE feature 0x001: 'x87 floating point registers'
[    0.239279] x86/fpu: Supporting XSAVE feature 0x002: 'SSE registers'
[    0.240521] x86/fpu: Supporting XSAVE feature 0x004: 'AVX registers'
[    0.241800] x86/fpu: xstate_offset[2]:  576, xstate_sizes[2]:  256
[    0.243279] x86/fpu: Enabled xstate features 0x7, context size is 832 bytes, using 'compacted' format.
[    0.256094] SMP alternatives: Using kCFI
[    0.273431] Freeing SMP alternatives memory: 56K
[    0.274302] pid_max: default: 32768 minimum: 301
[    0.275181] LSM: initializing lsm=capability,selinux,bpf
[    0.275313] SELinux:  Initializing.
[    0.276360] LSM support for eBPF active
[    0.277113] Mount-cache hash table entries: 8192 (order: 4, 65536 bytes, linear)
[    0.279308] Mountpoint-cache hash table entries: 8192 (order: 4, 65536 bytes, linear)
[    0.281189] smpboot: CPU0: AMD Ryzen 7 3700X 8-Core Processor (family: 0x17, model: 0x71, stepping: 0x0)
[    0.283277] Performance Events: Fam17h+ core perfctr, AMD PMU driver.
[    0.283277] ... version:                0
[    0.283282] ... bit width:              48
[    0.284017] ... generic registers:      6
[    0.284745] ... value mask:             0000ffffffffffff
[    0.285730] ... max period:             00007fffffffffff
[    0.286693] ... fixed-purpose events:   0
[    0.287282] ... event mask:             000000000000003f
[    0.288368] signal: max sigframe size: 1776
[    0.289219] rcu: Hierarchical SRCU implementation.
[    0.290095] rcu: 	Max phase no-delay instances is 1000.
[    0.291199] Timer migration: 1 hierarchy levels; 8 children per group; 1 crossnode level
[    0.293764] dyndbg: Ignore empty _ddebug table in a CONFIG_DYNAMIC_DEBUG_CORE build
[    0.295229] smp: Bringing up secondary CPUs ...
[    0.295497] smpboot: x86: Booting SMP configuration:
[    0.296393] .... node  #0, CPUs:      #1
[    0.296552] smp: Brought up 1 node, 2 CPUs
[    0.296756] smpboot: Total of 2 processors activated (14400.00 BogoMIPS)
[    0.299396] Memory: 3963408K/4174928K available (22528K kernel code, 2173K rwdata, 15496K rodata, 3096K init, 652K bss, 206716K reserved, 0K cma-reserved)
[    0.302069] x86/mm: Memory block size: 128MB
[    0.303794] clocksource: jiffies: mask: 0xffffffff max_cycles: 0xffffffff, max_idle_ns: 7645041785100000 ns
[    0.305316] futex hash table entries: 512 (order: 3, 32768 bytes, linear)
[    0.308459] NET: Registered PF_NETLINK/PF_ROUTE protocol family
[    0.309874] audit: initializing netlink subsys (enabled)
[    0.310870] audit: type=2000 audit(1762806182.437:1): state=initialized audit_enabled=1 res=1
[    0.310870] ramoops: using module parameters
[    0.313808] pstore: Using crash dump compression: deflate
[    0.314969] printk: legacy console [ramoops-1] enabled
[    0.345565] pstore: Registered ramoops as persistent store backend
[    0.346836] ramoops: using 0x200000@0x150000000, ecc: 0
[    0.347534] thermal_sys: Registered thermal governor 'bang_bang'
[    0.347536] thermal_sys: Registered thermal governor 'step_wise'
[    0.348760] thermal_sys: Registered thermal governor 'user_space'
[    0.351284] cpuidle: using governor menu
[    0.355723] PCI: Using configuration type 1 for base access
[    0.356879] PCI: Using configuration type 1 for extended access
[    0.357961] mtrr: your CPUs had inconsistent fixed MTRR settings
[    0.357961] mtrr: your CPUs had inconsistent MTRRdefType settings
[    0.358180] mtrr: probably your BIOS does not setup all CPUs.
[    0.359282] mtrr: corrected configuration.
[    0.360196] kprobes: kprobe jump-optimization is enabled. All kprobes are optimized if possible.
[    0.363773] cryptd: max_cpu_qlen set to 1000
[    0.365074] ACPI: Added _OSI(Module Device)
[    0.367425] ACPI: Added _OSI(Processor Device)
[    0.368509] ACPI: Added _OSI(3.0 _SCP Extensions)
[    0.369663] ACPI: Added _OSI(Processor Aggregator Device)
[    0.372817] ACPI: 2 ACPI AML tables successfully acquired and loaded
[    0.376248] ACPI: Interpreter enabled
[    0.377171] ACPI: PM: (supports S0 S3 S4 S5)
[    0.378196] ACPI: Using IOAPIC for interrupt routing
[    0.379294] PCI: Using host bridge windows from ACPI; if necessary, use "pci=nocrs" and report a bug
[    0.381472] PCI: Using E820 reservations for host bridge windows
[    0.383046] ACPI: Enabled 4 GPEs in block 00 to 0F
[    0.386231] ACPI: PCI Root Bridge [PCI0] (domain 0000 [bus 00-ff])
[    0.387445] acpi PNP0A03:00: _OSC: OS supports [ExtendedConfig ASPM ClockPM Segments MSI HPX-Type3]
[    0.389506] PCI host bridge to bus 0000:00
[    0.390384] pci_bus 0000:00: root bus resource [io  0x0000-0x0cf7 window]
[    0.391455] pci_bus 0000:00: root bus resource [io  0x0d00-0xffff window]
[    0.392860] pci_bus 0000:00: root bus resource [mem 0x000a0000-0x000bffff window]
[    0.394415] pci_bus 0000:00: root bus resource [mem 0xc0000000-0xfebfffff window]
[    0.395476] pci_bus 0000:00: root bus resource [mem 0x200000000-0x27fffffff window]
[    0.397059] pci_bus 0000:00: root bus resource [bus 00-ff]
[    0.398447] pci 0000:00:00.0: [8086:1237] type 00 class 0x060000 conventional PCI endpoint
[    0.400067] pci 0000:00:01.0: [8086:7000] type 00 class 0x060100 conventional PCI endpoint
[    0.402430] pci 0000:00:01.1: [8086:7010] type 00 class 0x010180 conventional PCI endpoint
[    0.406697] pci 0000:00:01.1: BAR 4 [io  0x2000-0x200f]
[    0.412766] pci 0000:00:01.1: BAR 0 [io  0x01f0-0x01f7]: legacy IDE quirk
[    0.414169] pci 0000:00:01.1: BAR 1 [io  0x03f6]: legacy IDE quirk
[    0.415454] pci 0000:00:01.1: BAR 2 [io  0x0170-0x0177]: legacy IDE quirk
[    0.416856] pci 0000:00:01.1: BAR 3 [io  0x0376]: legacy IDE quirk
[    0.418347] pci 0000:00:01.3: [8086:7113] type 00 class 0x068000 conventional PCI endpoint
[    0.420093] pci 0000:00:01.3: quirk: [io  0xe400-0xe43f] claimed by PIIX4 ACPI
[    0.421598] pci 0000:00:01.3: quirk: [io  0xb100-0xb10f] claimed by PIIX4 SMB
[    0.423536] pci 0000:00:02.0: [1af4:1050] type 00 class 0x038000 conventional PCI endpoint
[    0.427144] pci 0000:00:02.0: BAR 1 [mem 0xc0000000-0xc0000fff]
[    0.430632] pci 0000:00:02.0: BAR 4 [mem 0xd0000000-0xd0003fff 64bit pref]
[    0.433501] pci 0000:00:03.0: [1af4:1043] type 00 class 0x078000 conventional PCI endpoint
[    0.436557] pci 0000:00:03.0: BAR 1 [mem 0xc0001000-0xc0001fff]
[    0.439516] pci 0000:00:03.0: BAR 4 [mem 0xd0004000-0xd0007fff 64bit pref]
[    0.443078] pci 0000:00:04.0: [1af4:1042] type 00 class 0x010000 conventional PCI endpoint
[    0.448473] pci 0000:00:04.0: BAR 1 [mem 0xc0002000-0xc0002fff]
[    0.451284] pci 0000:00:04.0: BAR 4 [mem 0xd0008000-0xd000bfff 64bit pref]
[    0.454748] pci 0000:00:05.0: [1af4:1042] type 00 class 0x010000 conventional PCI endpoint
[    0.457405] pci 0000:00:05.0: BAR 1 [mem 0xc0003000-0xc0003fff]
[    0.460059] pci 0000:00:05.0: BAR 4 [mem 0xd000c000-0xd000ffff 64bit pref]
[    0.463462] pci 0000:00:06.0: [1af4:1042] type 00 class 0x010000 conventional PCI endpoint
[    0.467132] pci 0000:00:06.0: BAR 1 [mem 0xc0004000-0xc0004fff]
[    0.468934] pci 0000:00:06.0: BAR 4 [mem 0xd0010000-0xd0013fff 64bit pref]
[    0.472250] pci 0000:00:07.0: [1af4:105b] type 00 class 0x00ff00 conventional PCI endpoint
[    0.475283] pci 0000:00:07.0: BAR 4 [mem 0xd0014000-0xd0017fff 64bit pref]
[    0.479097] pci 0000:00:08.0: [1af4:105b] type 00 class 0x00ff00 conventional PCI endpoint
[    0.484956] pci 0000:00:08.0: BAR 4 [mem 0xd0018000-0xd001bfff 64bit pref]
[    0.488194] pci 0000:00:09.0: [1af4:1044] type 00 class 0x00ff00 conventional PCI endpoint
[    0.491141] pci 0000:00:09.0: BAR 1 [mem 0xc0005000-0xc0005fff]
[    0.492724] pci 0000:00:09.0: BAR 4 [mem 0xd001c000-0xd001ffff 64bit pref]
[    0.496123] pci 0000:00:0a.0: [1af4:1052] type 00 class 0x090200 conventional PCI endpoint
[    0.498976] pci 0000:00:0a.0: BAR 1 [mem 0xc0006000-0xc0006fff]
[    0.500766] pci 0000:00:0a.0: BAR 4 [mem 0xd0020000-0xd0023fff 64bit pref]
[    0.504120] pci 0000:00:0b.0: [1af4:1052] type 00 class 0x090000 conventional PCI endpoint
[    0.506709] pci 0000:00:0b.0: BAR 1 [mem 0xc0007000-0xc0007fff]
[    0.509168] pci 0000:00:0b.0: BAR 4 [mem 0xd0024000-0xd0027fff 64bit pref]
[    0.512497] pci 0000:00:0c.0: [1af4:1052] type 00 class 0x098000 conventional PCI endpoint
[    0.515044] pci 0000:00:0c.0: BAR 1 [mem 0xc0008000-0xc0008fff]
[    0.520997] pci 0000:00:0c.0: BAR 4 [mem 0xd0028000-0xd002bfff 64bit pref]
[    0.524800] pci 0000:00:0d.0: [1af4:1052] type 00 class 0x098000 conventional PCI endpoint
[    0.527282] pci 0000:00:0d.0: BAR 1 [mem 0xc0009000-0xc0009fff]
[    0.529737] pci 0000:00:0d.0: BAR 4 [mem 0xd002c000-0xd002ffff 64bit pref]
[    0.533498] pci 0000:00:0e.0: [1af4:1045] type 00 class 0x00ff00 conventional PCI endpoint
[    0.536515] pci 0000:00:0e.0: BAR 4 [mem 0xd0030000-0xd0033fff 64bit pref]
[    0.539642] pci 0000:00:0f.0: [1af4:1041] type 00 class 0x020000 conventional PCI endpoint
[    0.542203] pci 0000:00:0f.0: BAR 1 [mem 0xc000a000-0xc000afff]
[    0.544634] pci 0000:00:0f.0: BAR 4 [mem 0xd0034000-0xd0037fff 64bit pref]
[    0.546441] pci 0000:00:0f.0: ROM [mem 0xc0040000-0xc007ffff pref]
[    0.548950] pci 0000:00:10.0: [1af4:1041] type 00 class 0x020000 conventional PCI endpoint
[    0.551493] pci 0000:00:10.0: BAR 1 [mem 0xc0080000-0xc0080fff]
[    0.554355] pci 0000:00:10.0: BAR 4 [mem 0xd0038000-0xd003bfff 64bit pref]
[    0.555841] pci 0000:00:10.0: ROM [mem 0xc00c0000-0xc00fffff pref]
[    0.558633] pci 0000:00:11.0: [1af4:1053] type 00 class 0x078000 conventional PCI endpoint
[    0.560317] pci 0000:00:11.0: BAR 1 [mem 0xc0100000-0xc0100fff]
[    0.563172] pci 0000:00:11.0: BAR 4 [mem 0xd003c000-0xd003ffff 64bit pref]
[    0.565222] pci 0000:00:12.0: [8086:2415] type 00 class 0x040100 conventional PCI endpoint
[    0.567286] pci 0000:00:12.0: BAR 0 [io  0x2400-0x27ff]
[    0.568775] pci 0000:00:12.0: BAR 1 [io  0x2800-0x28ff]
[    0.573343] pci 0000:00:13.0: [1b36:000d] type 00 class 0x0c0330 conventional PCI endpoint
[    0.575387] pci 0000:00:13.0: BAR 0 [mem 0xc0104000-0xc0107fff 64bit]
[    0.579264] ACPI: PCI: Interrupt link LNKA configured for IRQ 0
[    0.583446] ACPI: PCI: Interrupt link LNKA disabled
[    0.585078] ACPI: PCI: Interrupt link LNKB configured for IRQ 0
[    0.586309] ACPI: PCI: Interrupt link LNKB disabled
[    0.587434] ACPI: PCI: Interrupt link LNKC configured for IRQ 10
[    0.588817] ACPI: PCI: Interrupt link LNKD configured for IRQ 6
[    0.590125] ACPI: PCI: Interrupt link LNKS configured for IRQ 9
[    0.591814] iommu: Default domain type: Translated
[    0.592816] iommu: DMA domain TLB invalidation policy: lazy mode
[    0.594210] SCSI subsystem initialized
[    0.595127] ACPI: bus type USB registered
[    0.595429] usbcore: registered new interface driver usbfs
[    0.596617] usbcore: registered new interface driver hub
[    0.597717] usbcore: registered new device driver usb
[    0.598828] mc: Linux media interface: v0.10
[    0.599412] videodev: Linux video capture interface: v2.00
[    0.600585] EDAC MC: Ver: 3.0.0
[    0.603344] Advanced Linux Sound Architecture Driver Initialized.
[    0.604617] PCI: Using ACPI for IRQ routing
[    0.604877] vgaarb: loaded
[    0.607528] hpet0: at MMIO 0xfed00000, IRQs 2, 8, 0
[    0.608536] hpet0: 3 comparators, 64-bit 100.000000 MHz counter
[    0.611320] clocksource: Switched to clocksource kvm-clock
[    0.612755] VFS: Disk quotas dquot_6.6.0
[    0.613596] VFS: Dquot-cache hash table entries: 512 (order 0, 4096 bytes)
[    0.615126] pnp: PnP ACPI: disabled
[    0.616074] NET: Registered PF_INET protocol family
[    0.617382] IP idents hash table entries: 65536 (order: 7, 524288 bytes, linear)
[    0.634990] tcp_listen_portaddr_hash hash table entries: 2048 (order: 3, 32768 bytes, linear)
[    0.637095] Table-perturb hash table entries: 65536 (order: 6, 262144 bytes, linear)
[    0.638941] TCP established hash table entries: 32768 (order: 6, 262144 bytes, linear)
[    0.641299] TCP bind hash table entries: 32768 (order: 8, 1048576 bytes, linear)
[    0.643062] TCP: Hash tables configured (established 32768 bind 32768)
[    0.644590] UDP hash table entries: 2048 (order: 4, 65536 bytes, linear)
[    0.646100] UDP-Lite hash table entries: 2048 (order: 4, 65536 bytes, linear)
[    0.647745] NET: Registered PF_UNIX/PF_LOCAL protocol family
[    0.649053] NET: Registered PF_XDP protocol family
[    0.650159] pci_bus 0000:00: resource 4 [io  0x0000-0x0cf7 window]
[    0.651566] pci_bus 0000:00: resource 5 [io  0x0d00-0xffff window]
[    0.652920] pci_bus 0000:00: resource 6 [mem 0x000a0000-0x000bffff window]
[    0.654485] pci_bus 0000:00: resource 7 [mem 0xc0000000-0xfebfffff window]
[    0.656053] pci_bus 0000:00: resource 8 [mem 0x200000000-0x27fffffff window]
[    0.657698] pci 0000:00:01.0: PIIX3: Enabling Passive Release
[    0.659007] pci 0000:00:00.0: Limiting direct PCI/PCI transfers
[    0.690528] ACPI: \_SB_.LNKC: Enabled at IRQ 10
[    0.721761] pci 0000:00:13.0: quirk_usb_early_handoff+0x0/0x790 took 59784 usecs
[    0.723523] PCI: CLS 32 bytes, default 64
[    0.724516] PCI-DMA: Using software bounce buffering for IO (SWIOTLB)
[    0.724624] Trying to unpack rootfs image as initramfs...
[    0.725897] software IO TLB: mapped [mem 0x00000000bad75000-0x00000000bed75000] (64MB)
[    0.729338] kvm_intel: VMX not supported by CPU 1
[    0.730510] kvm_amd: TSC scaling supported
[    0.731530] kvm_amd: Nested Virtualization enabled
[    0.732563] kvm_amd: Nested Paging enabled
[    0.733432] kvm_amd: LBR virtualization supported
[    0.734417] kvm_amd: Virtual VMLOAD VMSAVE supported
[    0.735451] kvm_amd: Virtual GIF supported
[    0.742285] clocksource: tsc: mask: 0xffffffffffffffff max_cycles: 0x33e452fbb2f, max_idle_ns: 440795236593 ns
[    0.744411] platform rtc_cmos: registered platform RTC device (no PNP device found)
[    0.746431] Initialise system trusted keyrings
[    0.747453] workingset: timestamp_bits=46 max_order=20 bucket_order=0
[    0.749051] fuse: init (API version 7.41)
[    0.769735] Key type asymmetric registered
[    0.770617] Asymmetric key parser 'x509' registered
[    0.771682] Block layer SCSI generic (bsg) driver version 0.4 loaded (major 240)
[    0.773249] io scheduler mq-deadline registered
[    0.774204] io scheduler kyber registered
[    0.775051] io scheduler bfq registered
[    0.776110] input: Power Button as /devices/LNXSYSTM:00/LNXPWRBN:00/input/input0
[    0.779980] ACPI: button: Power Button [PWRF]
[    0.781111] Serial: 8250/16550 driver, 1 ports, IRQ sharing disabled
[    0.782709] serial8250: ttyS0 at I/O 0x3f8 (irq = 4, base_baud = 115200) is a 16550A
[    0.784705] printk: legacy console [ttynull0] enabled
[    0.785934] ACPI: bus type drm_connector registered
[    0.789720] brd: module loaded
[    0.793005] loop: module loaded
[    0.801604] Freeing initrd memory: 21844K
[    0.806961] wireguard: WireGuard 1.0.0 loaded. See www.wireguard.com for information.
[    0.808919] wireguard: Copyright (C) 2015-2019 Jason A. Donenfeld <Jason@zx2c4.com>. All Rights Reserved.
[    0.811386] tun: Universal TUN/TAP device driver, 1.6
[    0.843069] xhci_hcd 0000:00:13.0: xHCI Host Controller
[    0.844175] xhci_hcd 0000:00:13.0: new USB bus registered, assigned bus number 1
[    0.846000] xhci_hcd 0000:00:13.0: hcc params 0x00087001 hci version 0x100 quirks 0x0000000000000010
[    0.848609] xhci_hcd 0000:00:13.0: xHCI Host Controller
[    0.849696] xhci_hcd 0000:00:13.0: new USB bus registered, assigned bus number 2
[    0.851206] xhci_hcd 0000:00:13.0: Host supports USB 3.0 SuperSpeed
[    0.852603] usb usb1: New USB device found, idVendor=1d6b, idProduct=0002, bcdDevice= 6.12
[    0.854406] usb usb1: New USB device strings: Mfr=3, Product=2, SerialNumber=1
[    0.856036] usb usb1: Product: xHCI Host Controller
[    0.857069] usb usb1: Manufacturer: Linux 6.12.18-android16-1-g50eb8d5d443b-ab13257114 xhci-hcd
[    0.858849] usb usb1: SerialNumber: 0000:00:13.0
[    0.859890] hub 1-0:1.0: USB hub found
[    0.860735] hub 1-0:1.0: 4 ports detected
[    0.861871] usb usb2: We don't know the algorithms for LPM for this host, disabling LPM.
[    0.863559] usb usb2: New USB device found, idVendor=1d6b, idProduct=0003, bcdDevice= 6.12
[    0.865486] usb usb2: New USB device strings: Mfr=3, Product=2, SerialNumber=1
[    0.866960] usb usb2: Product: xHCI Host Controller
[    0.867985] usb usb2: Manufacturer: Linux 6.12.18-android16-1-g50eb8d5d443b-ab13257114 xhci-hcd
[    0.869795] usb usb2: SerialNumber: 0000:00:13.0
[    0.870826] hub 2-0:1.0: USB hub found
[    0.871640] hub 2-0:1.0: 4 ports detected
[    0.876970] usbcore: registered new interface driver uas
[    0.878087] usbcore: registered new interface driver usb-storage
[    0.879376] i8042: PNP: No PS/2 controller found.
[    0.880390] i8042: Probing ports directly.
[    0.881971] serio: i8042 KBD port at 0x60,0x64 irq 1
[    0.883011] serio: i8042 AUX port at 0x60,0x64 irq 12
[    0.884399] usbcore: registered new interface driver xpad
[    0.885713] rtc_cmos rtc_cmos: RTC can wake from S4
[    0.887362] rtc_cmos rtc_cmos: registered as rtc0
[    0.888592] rtc_cmos rtc_cmos: setting system clock to 2025-11-10T20:23:02 UTC (1762806182)
[    0.890555] rtc_cmos rtc_cmos: alarms up to one day, y3k, 114 bytes nvram, hpet irqs
[    0.892328] gspca_main: v2.14.0 registered
[    0.893305] usbcore: registered new interface driver uvcvideo
[    0.894681] input: AT Raw Set 2 keyboard as /devices/platform/i8042/serio0/input/input1
[    0.896322] device-mapper: uevent: version 1.0.3
[    0.897654] device-mapper: ioctl: 4.48.0-ioctl (2023-03-01) initialised: dm-devel@lists.linux.dev
[    0.899639] amd_pstate: the _CPC object is not present in SBIOS or ACPI disabled
[    0.901226] sdhci: Secure Digital Host Controller Interface driver
[    0.902507] sdhci: Copyright(c) Pierre Ossman
[    0.903471] sdhci-pltfm: SDHCI platform and OF driver helper
[    0.904788] hid: raw HID events driver (C) Jiri Kosina
[    0.906119] usbcore: registered new interface driver usbhid
[    0.907289] usbhid: USB HID core driver
[    0.908126] ashmem_rust: Using Rust implementation.
[    0.908277] usbcore: registered new interface driver snd-usb-audio
[    0.910664] GACT probability NOT on
[    0.911412] Mirror/redirect action on
[    0.912206] netem: version 1.3
[    0.912858] u32 classifier
[    0.913450]     input device check on
[    0.914235]     Actions configured
[    0.915611] xt_time: kernel timezone is -0000
[    0.916614] ipip: IPv4 and MPLS over IPv4 tunneling driver
[    0.917875] gre: GRE over IPv4 demultiplexor driver
[    0.918924] ip_gre: GRE over IPv4 tunneling driver
[    0.920236] IPv4 over IPsec tunneling driver
[    0.921263] Initializing XFRM netlink socket
[    0.922166] IPsec XFRM device driver
[    0.922936] NET: Registered PF_INET6 protocol family
[    0.924811] Segment Routing with IPv6
[    0.925728] In-situ OAM (IOAM) with IPv6
[    0.926724] mip6: Mobile IPv6
[    0.927603] sit: IPv6, IPv4 and MPLS over IPv4 tunneling driver
[    0.929327] ip6_gre: GRE over IPv6 tunneling driver
[    0.930678] NET: Registered PF_PACKET protocol family
[    0.931692] NET: Registered PF_KEY protocol family
[    0.932804] NET: Registered PF_VSOCK protocol family
[    0.934148] IPI shorthand broadcast: enabled
[    0.935074] AES CTR mode by8 optimization enabled
[    0.939557] sched_clock: Marking stable (920006150, 15927140)->(944697880, -8764590)
[    0.941311] registered taskstats version 1
[    0.942286] Loading compiled-in X.509 certificates
[    0.943765] Loaded X.509 cert 'Build time autogenerated kernel key: 4dcd184ac7973ac97ec937a2f603db90b193326d'
[    0.949822] page_owner is disabled
[    0.950548] Key type .fscrypt registered
[    0.951352] Key type fscrypt-provisioning registered
[    0.969601] ALSA device list:
[    0.970224]   No soundcards found.
[    0.971427] Freeing unused kernel image (initmem) memory: 3096K
[    0.972738] Write protecting the kernel read-only data: 38912k
[    0.974235] Freeing unused kernel image (rodata/data gap) memory: 888K
[    0.975577] Run /init as init process
[    0.977531] init: init first stage started!
[    0.978691] init: Loading module /lib/modules/failover.ko with args ''
[    0.980307] init: Loaded kernel module /lib/modules/failover.ko
[    0.981584] init: Loading module /lib/modules/nd_virtio.ko with args ''
[    0.983138] init: Loaded kernel module /lib/modules/nd_virtio.ko
[    0.984469] init: Loading module /lib/modules/net_failover.ko with args ''
[    0.986188] init: Loaded kernel module /lib/modules/net_failover.ko
[    0.987544] init: Loading module /lib/modules/virtio_dma_buf.ko with args ''
[    0.989324] init: Loaded kernel module /lib/modules/virtio_dma_buf.ko
[    0.990697] init: Loading module /lib/modules/virtio-gpu.ko with args ''
[    0.993887] init: Loaded kernel module /lib/modules/virtio-gpu.ko
[    0.995226] init: Loading module /lib/modules/virtio_input.ko with args ''
[    0.996908] init: Loaded kernel module /lib/modules/virtio_input.ko
[    0.998271] init: Loading module /lib/modules/virtio_net.ko with args ''
[    1.001153] init: Loaded kernel module /lib/modules/virtio_net.ko
[    1.002482] init: Loading module /lib/modules/virtio-rng.ko with args ''
[    1.004056] init: Loaded kernel module /lib/modules/virtio-rng.ko
[    1.005341] init: Loading module /lib/modules/libarc4.ko with args ''
[    1.007250] init: Loaded kernel module /lib/modules/libarc4.ko
[    1.008559] init: Loading module /lib/modules/rfkill.ko with args ''
[    1.010629] init: Loaded kernel module /lib/modules/rfkill.ko
[    1.011833] init: Loading module /lib/modules/cfg80211.ko with args ''
[    1.024579] cfg80211: Loading compiled-in X.509 certificates for regulatory database
[    1.026283] Loaded X.509 cert 'sforshee: 00b28ddf47aef9cea7'
[    1.027556] Loaded X.509 cert 'wens: 61c038651aabdcf94bd0ac7ff06c7248db18c600'
[    1.029103] platform regulatory.0: Direct firmware load for regulatory.db failed with error -2
[    1.030995] cfg80211: failed to load regulatory.db
[    1.032145] init: Loaded kernel module /lib/modules/cfg80211.ko
[    1.033598] init: Loading module /lib/modules/mac80211.ko with args ''
[    1.044300] init: Loaded kernel module /lib/modules/mac80211.ko
[    1.045694] init: Loading module /lib/modules/mac80211_hwsim.ko with args 'radios=0'
[    1.048612] mac80211_hwsim: initializing netlink
[    1.049890] init: Loaded kernel module /lib/modules/mac80211_hwsim.ko
[    1.051351] init: Loading module /lib/modules/virtio_blk.ko with args ''
[    1.053636] init: Loaded kernel module /lib/modules/virtio_blk.ko
[    1.055014] init: Loading module /lib/modules/virtio_console.ko with args ''
[    1.057689] init: Loaded kernel module /lib/modules/virtio_console.ko
[    1.059159] init: Loading module /lib/modules/virtio_pci_modern_dev.ko with args ''
[    1.061488] init: Loaded kernel module /lib/modules/virtio_pci_modern_dev.ko
[    1.063076] init: Loading module /lib/modules/virtio_pci_legacy_dev.ko with args ''
[    1.065337] init: Loaded kernel module /lib/modules/virtio_pci_legacy_dev.ko
[    1.066928] init: Loading module /lib/modules/virtio_pci.ko with args ''
[    1.100439] ACPI: \_SB_.LNKB: Enabled at IRQ 11
[    1.102690] [drm] pci: virtio-gpu-pci detected at 0000:00:02.0
[    1.104492] [drm] features: -virgl +edid -resource_blob -host_visible
[    1.104494] [drm] features: -context_init
[    1.107624] [drm] number of scanouts: 1
[    1.108535] [drm] number of cap sets: 0
[    1.109668] [drm] Initialized virtio_gpu 0.1.0 for 0000:00:02.0 on minor 0
[    1.166187] printk: legacy console [hvc0] enabled
[    1.167364] printk: legacy bootconsole [uart8250] disabled
[    1.184743] ACPI: \_SB_.LNKD: Enabled at IRQ 11
[    1.186040] virtio_blk virtio2: 2/0/0 default/read/poll queues
[    1.187345] virtio_blk virtio2: [vda] 32148608 512-byte logical blocks (16.5 GB/15.3 GiB)
[    1.189071]  vda: vda1 vda2 vda3 vda4 vda5 vda6 vda7 vda8 vda9 vda10 vda11 vda12 vda13 vda14 vda15 vda16 vda17 vda18
[    1.220796] ACPI: \_SB_.LNKA: Enabled at IRQ 10
[    1.222021] virtio_blk virtio3: 2/0/0 default/read/poll queues
[    1.223277] virtio_blk virtio3: [vdb] 2560 512-byte logical blocks (1.31 MB/1.25 MiB)
[    1.228190]  vdb: vdb1 vdb2 vdb3 vdb4
[    1.260540] virtio_blk virtio4: 2/0/0 default/read/poll queues
[    1.261830] virtio_blk virtio4: [vdc] 4194304 512-byte logical blocks (2.15 GB/2.00 GiB)
[    1.262660]  vdc: vdc1
[    1.392012] input: QEMU Virtio Mouse as /devices/pci0000:00/0000:00:0a.0/virtio8/input/input3
[    1.424518] input: QEMU Virtio Keyboard as /devices/pci0000:00/0000:00:0b.0/virtio9/input/input4
[    1.458555] input: Cuttlefish Vhost User Switches 0 as /devices/pci0000:00/0000:00:0c.0/virtio10/input/input5
[    1.492478] input: Cuttlefish Vhost User Rotary 0 as /devices/pci0000:00/0000:00:0d.0/virtio11/input/input6
[    1.618531] init: Loaded kernel module /lib/modules/virtio_pci.ko
[    1.618821] init: Loading module /lib/modules/vmw_vsock_virtio_transport.ko with args ''
[    1.621662] init: Loaded kernel module /lib/modules/vmw_vsock_virtio_transport.ko
[    1.622005] init: Loaded 19 modules from /lib/modules
[    1.622241] init: Loaded 19 kernel modules took 643 ms
[    1.622599] init: Copied ramdisk prop to /second_stage_resources/system/etc/ramdisk/build.prop
[    1.622976] init: Using generic ramdisk copy of snapuserd /system/bin/snapuserd_ramdisk
[    1.623311] init: hard linking /system/bin/snapuserd_ramdisk to /first_stage_ramdisk/system/bin/snapuserd succeeded
[    1.623798] init: Switching root to '/first_stage_ramdisk'
[    1.624244] init: [libfstab] Using Android DT directory /proc/device-tree/firmware/android/
[    1.624598] init: [libfstab] ReadFstabFromDt(): failed to read fstab from dt
[    1.629954] init: [libfs_mgr] Invalid ext4 superblock on '/dev/block/by-name/metadata'
[    1.630419] init: [libfs_mgr] Invalid ext4 superblock on '/dev/block/by-name/metadata'
[    1.635844] init: [libfs_mgr] Created logical partition product_a on device /dev/block/dm-0
[    1.636230] init: [libfs_mgr] Skipping zero-length logical partition: product_b
[    1.636796] init: [libfs_mgr] Created logical partition system_a on device /dev/block/dm-1
[    1.637379] init: [libfs_mgr] Created logical partition system_b on device /dev/block/dm-2
[    1.637944] init: [libfs_mgr] Created logical partition system_ext_a on device /dev/block/dm-3
[    1.638295] init: [libfs_mgr] Skipping zero-length logical partition: system_ext_b
[    1.638843] init: [libfs_mgr] Created logical partition system_dlkm_a on device /dev/block/dm-4
[    1.639217] init: [libfs_mgr] Skipping zero-length logical partition: system_dlkm_b
[    1.639798] init: [libfs_mgr] Created logical partition odm_a on device /dev/block/dm-5
[    1.640144] init: [libfs_mgr] Skipping zero-length logical partition: odm_b
[    1.640655] init: [libfs_mgr] Created logical partition vendor_a on device /dev/block/dm-6
[    1.640984] init: [libfs_mgr] Skipping zero-length logical partition: vendor_b
[    1.641534] init: [libfs_mgr] Created logical partition vendor_dlkm_a on device /dev/block/dm-7
[    1.641896] init: [libfs_mgr] Skipping zero-length logical partition: vendor_dlkm_b
[    1.642451] init: [libfs_mgr] Created logical partition odm_dlkm_a on device /dev/block/dm-8
[    1.642794] init: [libfs_mgr] Skipping zero-length logical partition: odm_dlkm_b
[    1.643098] init: DSU not detected, proceeding with normal boot
[    1.647121] init: [libfs_avb] Returning avb_handle with status: Success
[    1.650233] init: [libfs_avb] : Error verifying vbmeta image: OK_NOT_SIGNED
[    1.650576] init: [libfs_avb] public key data shouldn't be empty for /system
[    1.650873] init: [libfs_avb] Found unknown public key used to sign /system
[    1.651159] init: [libfs_avb] Returning avb_handle for '/system' with status: VerificationError
[    1.651554] init: [libfs_avb] Built verity table: '1 /dev/block/dm-1 /dev/block/dm-1 4096 4096 173472 173472 sha256 50ec6037f9292966eaed3736f967174326e3d01773e2e33b0b51e60d70e5b3bd 580b175bb5dc541fbd6b3432a2e2fec813ebc8851774a9ada7be86ce5d225de5 10 use_fec_from_device /dev/block/dm-1 fec_roots 2 fec_blocks 174840 fec_start 174840 restart_on_corruption ignore_zero_blocks'
[    1.652894] device-mapper: verity: sha256 using shash "sha256-ni" (multibuffer)
[    1.656160] erofs: (device dm-9): mounted with root inode @ nid 56.
[    1.656490] init: [libfs_mgr] __mount(source=/dev/block/dm-9,target=/system,type=erofs)=0: Success
[    1.656927] init: Switching root to '/system'
[    1.660562] init: [libfs_avb] Built verity table: '1 /dev/block/dm-5 /dev/block/dm-5 4096 4096 96 96 sha256 f9b59fa9cbf453f1ec6509b804d580f46f529ed441ecd96830106e6979b92e2f 580b175bb5dc541fbd6b3432a2e2fec813ebc8851774a9ada7be86ce5d225de5 10 use_fec_from_device /dev/block/dm-5 fec_roots 2 fec_blocks 97 fec_start 97 restart_on_corruption ignore_zero_blocks'
[    1.661817] device-mapper: verity: sha256 using shash "sha256-ni" (multibuffer)
[    1.665492] erofs: (device dm-10): mounted with root inode @ nid 38.
[    1.665759] init: [libfs_mgr] __mount(source=/dev/block/dm-10,target=/odm,type=erofs)=0: Success
[    1.666254] init: [libfs_avb] Built verity table: '1 /dev/block/dm-0 /dev/block/dm-0 4096 4096 59262 59262 sha256 fc992826e2222596e1794311e8b87ee5e903ba4c18acdf48526e5b99cb3b5cf8 580b175bb5dc541fbd6b3432a2e2fec813ebc8851774a9ada7be86ce5d225de5 10 use_fec_from_device /dev/block/dm-0 fec_roots 2 fec_blocks 59730 fec_start 59730 restart_on_corruption ignore_zero_blocks'
[    1.667512] device-mapper: verity: sha256 using shash "sha256-ni" (multibuffer)
[    1.675342] erofs: (device dm-11): mounted with root inode @ nid 40.
[    1.675684] init: [libfs_mgr] __mount(source=/dev/block/dm-11,target=/product,type=erofs)=0: Success
[    1.676267] init: [libfs_avb] Built verity table: '1 /dev/block/dm-3 /dev/block/dm-3 4096 4096 77576 77576 blake2b-256 48e1bc464f6388990d2a578df755160c8c813fc5f26747308590d4e4562028d3 580b175bb5dc541fbd6b3432a2e2fec813ebc8851774a9ada7be86ce5d225de5 10 use_fec_from_device /dev/block/dm-3 fec_roots 2 fec_blocks 78189 fec_start 78189 restart_on_corruption ignore_zero_blocks'
[    1.677564] device-mapper: verity: blake2b-256 using shash "blake2b-256-generic"
[    1.682230] erofs: (device dm-12): mounted with root inode @ nid 39.
[    1.682499] init: [libfs_mgr] __mount(source=/dev/block/dm-12,target=/system_ext,type=erofs)=0: Success
[    1.682988] init: [libfs_avb] Built verity table: '1 /dev/block/dm-6 /dev/block/dm-6 4096 4096 57716 57716 sha256 7ee8c5b7553c5846cd840c4a643118d0cfc5a96d19882f253c5cd864a2a2ef92 580b175bb5dc541fbd6b3432a2e2fec813ebc8851774a9ada7be86ce5d225de5 10 use_fec_from_device /dev/block/dm-6 fec_roots 2 fec_blocks 58172 fec_start 58172 restart_on_corruption ignore_zero_blocks'
[    1.684304] device-mapper: verity: sha256 using shash "sha256-ni" (multibuffer)
[    1.688666] erofs: (device dm-13): mounted with root inode @ nid 48.
[    1.688939] init: [libfs_mgr] __mount(source=/dev/block/dm-13,target=/vendor,type=erofs)=0: Success
[    1.689440] init: [libfs_avb] Built verity table: '1 /dev/block/dm-7 /dev/block/dm-7 4096 4096 241 241 sha256 979829de7dcc6920047b7b4f44c0395b9d4e199c8bbaf4d63f4d8be55e744ca8 580b175bb5dc541fbd6b3432a2e2fec813ebc8851774a9ada7be86ce5d225de5 10 use_fec_from_device /dev/block/dm-7 fec_roots 2 fec_blocks 244 fec_start 244 restart_on_corruption ignore_zero_blocks'
[    1.690695] device-mapper: verity: sha256 using shash "sha256-ni" (multibuffer)
[    1.695494] erofs: (device dm-14): mounted with root inode @ nid 39.
[    1.695827] init: [libfs_mgr] __mount(source=/dev/block/dm-14,target=/vendor_dlkm,type=erofs)=0: Success
[    1.696348] init: [libfs_avb] Built verity table: '1 /dev/block/dm-8 /dev/block/dm-8 4096 4096 10 10 sha256 52379ccfc7312c8cc7a559593dc595664182c9bd1250ac8f6c346068b2c93463 580b175bb5dc541fbd6b3432a2e2fec813ebc8851774a9ada7be86ce5d225de5 10 use_fec_from_device /dev/block/dm-8 fec_roots 2 fec_blocks 11 fec_start 11 restart_on_corruption ignore_zero_blocks'
[    1.697596] device-mapper: verity: sha256 using shash "sha256-ni" (multibuffer)
[    1.701075] erofs: (device dm-15): mounted with root inode @ nid 38.
[    1.701352] init: [libfs_mgr] __mount(source=/dev/block/dm-15,target=/odm_dlkm,type=erofs)=0: Success
[    1.702230] init: [libfs_avb] : Error verifying vbmeta image: OK_NOT_SIGNED
[    1.702572] init: [libfs_avb] public key data shouldn't be empty for /system_dlkm
[    1.702881] init: [libfs_avb] Found unknown public key used to sign /system_dlkm
[    1.703181] init: [libfs_avb] Returning avb_handle for '/system_dlkm' with status: VerificationError
[    1.703533] init: Image rollback detected for /system_dlkm, SPL switches from '' to ''
[    1.703871] init: Allowing rollbacked standalone image when the device is unlocked
[    1.704239] init: [libfs_avb] Built verity table: '1 /dev/block/dm-4 /dev/block/dm-4 4096 4096 1926 1926 sha256 dfbfe560f03d43189ae6bd5acc3df6fcc636bc40d878426284659d01e33b2108 580b175bb5dc541fbd6b3432a2e2fec813ebc8851774a9ada7be86ce5d225de5 10 use_fec_from_device /dev/block/dm-4 fec_roots 2 fec_blocks 1943 fec_start 1943 restart_on_corruption ignore_zero_blocks'
[    1.705509] device-mapper: verity: sha256 using shash "sha256-ni" (multibuffer)
[    1.706785] erofs: (device dm-16): mounted with root inode @ nid 38.
[    1.707052] init: [libfs_mgr] __mount(source=/dev/block/dm-16,target=/system_dlkm,type=erofs)=0: Success
[    1.716977] init: Skipped setting INIT_AVB_VERSION (not in recovery mode)
[    1.763120] init: [libfstab] Using Android DT directory /proc/device-tree/firmware/android/
[    1.765900] init: Opening SELinux policy
[    1.769980] init: Loading SELinux policy
[    1.778974] SELinux:  policy capability network_peer_controls=1
[    1.779242] SELinux:  policy capability open_perms=1
[    1.779466] SELinux:  policy capability extended_socket_class=1
[    1.779718] SELinux:  policy capability always_check_network=0
[    1.779991] SELinux:  policy capability cgroup_seclabel=0
[    1.780245] SELinux:  policy capability nnp_nosuid_transition=1
[    1.780499] SELinux:  policy capability genfs_seclabel_symlinks=0
[    1.780751] SELinux:  policy capability ioctl_skip_cloexec=0
[    1.780988] SELinux:  policy capability userspace_initial_context=0
[    1.785695] audit: type=1403 audit(1762806183.376:2): auid=4294967295 ses=4294967295 lsm=selinux res=1
[    1.786111] audit: type=1300 audit(1762806183.376:2): arch=c000003e syscall=1 success=yes exit=779526 a0=4 a1=7f51a38b3af0 a2=be506 a3=0 items=0 ppid=0 pid=1 auid=4294967295 uid=0 gid=0 euid=0 suid=0 fsuid=0 egid=0 sgid=0 fsgid=0 tty=(none) ses=4294967295 comm="init" exe="/system/bin/init" subj=u:r:kernel:s0 key=(null)
[    1.787366] audit: type=1327 audit(1762806183.376:2): proctitle=2F73797374656D2F62696E2F696E69740073656C696E75785F7365747570
[    1.787863] audit: type=1404 audit(1762806183.392:3): enforcing=1 old_enforcing=0 auid=4294967295 ses=4294967295 enabled=1 old-enabled=1 lsm=selinux res=1
[    1.788328] selinux: SELinux: Loaded file context from:
[    1.788468] audit: type=1300 audit(1762806183.392:3): arch=c000003e syscall=1 success=yes exit=1 a0=4 a1=7ffeb26b4950 a2=1 a3=ffffffff items=0 ppid=0 pid=1 auid=4294967295 uid=0 gid=0 euid=0 suid=0 fsuid=0 egid=0 sgid=0 fsgid=0 tty=(none) ses=4294967295 comm="init" exe="/system/bin/init" subj=u:r:kernel:s0 key=(null)
[    1.788532] selinux: 		/system/etc/selinux/plat_file_contexts
[    1.788907] audit: type=1327 audit(1762806183.392:3): proctitle=2F73797374656D2F62696E2F696E69740073656C696E75785F7365747570
[    1.788977] selinux: 		/system_ext/etc/selinux/system_ext_file_contexts
[    1.790603] selinux: 		/product/etc/selinux/product_file_contexts
[    1.790861] selinux: 		/vendor/etc/selinux/vendor_file_contexts
[    1.791123] selinux: 		/odm/etc/selinux/odm_file_contexts
[    1.798486] init: init second stage started!
[    1.805695] selinux: SELinux: Loaded file context from:
[    1.805926] selinux: 		/system/etc/selinux/plat_file_contexts
[    1.806184] selinux: 		/system_ext/etc/selinux/system_ext_file_contexts
[    1.806457] selinux: 		/product/etc/selinux/product_file_contexts
[    1.806711] selinux: 		/vendor/etc/selinux/vendor_file_contexts
[    1.806965] selinux: 		/odm/etc/selinux/odm_file_contexts
[    1.822630] init: [libfstab] Using Android DT directory /proc/device-tree/firmware/android/
[    1.825569] init: Overriding previous property 'ro.config.notification_sound':'OnTheHunt.ogg' with new value 'pixiedust.ogg'
[    1.826021] init: Overriding previous property 'ro.com.android.dataroaming':'false' with new value 'true'
[    1.827137] init: Setting product property ro.product.brand to 'generic' (from ro.product.product.brand)
[    1.827505] init: Setting product property ro.product.device to 'vsoc_x86_64_only' (from ro.product.product.device)
[    1.827916] init: Setting product property ro.product.manufacturer to 'Google' (from ro.product.product.manufacturer)
[    1.828385] init: Setting product property ro.product.model to 'Cuttlefish x86_64 phone 64-bit only' (from ro.product.product.model)
[    1.828842] init: Setting product property ro.product.name to 'aosp_cf_x86_64_only_phone' (from ro.product.product.name)
[    1.829282] init: Setting property 'ro.build.fingerprint' to 'generic/aosp_cf_x86_64_only_phone/vsoc_x86_64_only:16/BP2A.250605.031.A2.dd3c58ec/14085914:userdebug/test-keys'
[    1.829876] init: Setting property 'ro.build.legacy.fingerprint' to 'generic/aosp_cf_x86_64_only_phone/vsoc_x86_64_only:16/BP2A.250605.031.A2/14085914:userdebug/test-keys'
[    1.830459] init: Setting property 'ro.product.cpu.abilist' to 'x86_64,arm64-v8a'
[    1.830770] init: Setting property 'ro.product.cpu.abilist32' to ''
[    1.831043] init: Setting property 'ro.product.cpu.abilist64' to 'x86_64,arm64-v8a'
[    1.831509] init: Running restorecon...
[    1.838815] init: Created socket '/dev/socket/property_service_for_system', mode 660, user 0, group 1000
[    1.839349] init: Created socket '/dev/socket/property_service', mode 666, user 0, group 0
[    1.840212] init: [libfs_mgr] vendor overlay: vndk version not defined
[    1.841064] init: SetupMountNamespaces done
[    1.841840] init: Forked subcontext for 'u:r:vendor_init:s0' with pid 99
[    1.842762] init: Parsing file /system/etc/init/hw/init.rc...
[    1.843547] init: Added '/init.environ.rc' to import list
[    1.843812] init: Added '/system/etc/init/hw/init.usb.rc' to import list
[    1.844140] init: Added '/init.cutf_cvm.rc' to import list
[    1.844407] init: Added '/vendor/etc/init/hw/init.cutf_cvm.rc' to import list
[    1.844745] init: Added '/system/etc/init/hw/init.usb.configfs.rc' to import list
[    1.845097] init: Added '/system/etc/init/hw/init.zygote64.rc' to import list
[    1.845575] init: Added '/system/etc/init/hw/init.boringssl.zygote64.rc' to import list
[    1.846236] init: Parsing file /init.environ.rc...
[    1.846491] init: Parsing file /system/etc/init/hw/init.usb.rc...
[    1.846963] init: Parsing file /init.cutf_cvm.rc...
[    1.847189] init: Unable to read config file '/init.cutf_cvm.rc': open() failed: No such file or directory
[    1.847785] init: Parsing file /vendor/etc/init/hw/init.cutf_cvm.rc...
[    1.848110] init: Unable to read config file '/vendor/etc/init/hw/init.cutf_cvm.rc': open() failed: No such file or directory
[    1.848528] init: Parsing file /system/etc/init/hw/init.usb.configfs.rc...
[    1.849030] init: Parsing file /system/etc/init/hw/init.zygote64.rc...
[    1.849342] init: Parsing file /system/etc/init/hw/init.boringssl.zygote64.rc...
[    1.849654] init: Parsing directory /system/etc/init...
[    1.849914] init: Parsing file /system/etc/init/aconfigd.rc...
[    1.850420] init: Parsing file /system/etc/init/android.system.suspend-service.rc...
[    1.850749] init: Parsing file /system/etc/init/apexd.rc...
[    1.851018] init: Parsing file /system/etc/init/atrace.rc...
[    1.851772] init: Parsing file /system/etc/init/atrace_userdebug.rc...
[    1.852302] init: Parsing file /system/etc/init/audioserver.rc...
[    1.852630] init: Parsing file /system/etc/init/blank_screen.rc...
[    1.852922] init: Parsing file /system/etc/init/bootanim.rc...
[    1.853421] init: Parsing file /system/etc/init/bootstat-debug.rc...
[    1.853709] init: Parsing file /system/etc/init/bootstat.rc...
[    1.854121] init: Parsing file /system/etc/init/cameraserver.rc...
[    1.854414] init: Parsing file /system/etc/init/clean_scratch_files.rc...
[    1.854711] init: Parsing file /system/etc/init/cppreopts.rc...
[    1.855013] init: Parsing file /system/etc/init/credstore.rc...
[    1.855303] init: Parsing file /system/etc/init/dmesgd.rc...
[    1.855591] init: Parsing file /system/etc/init/drmserver.rc...
[    1.855882] init: Parsing file /system/etc/init/dumpstate.rc...
[    1.856215] init: Parsing file /system/etc/init/flags_health_check.rc...
[    1.856495] init: Parsing file /system/etc/init/gatekeeperd.rc...
[    1.856783] init: Parsing file /system/etc/init/gpuservice.rc...
[    1.857064] init: Parsing file /system/etc/init/gsid.rc...
[    1.857336] init: Parsing file /system/etc/init/heapprofd.rc...
[    1.857742] init: Parsing file /system/etc/init/idmap2d.rc...
[    1.858022] init: Parsing file /system/etc/init/incidentd.rc...
[    1.858315] init: Parsing file /system/etc/init/init-debug.rc...
[    1.858599] init: Parsing file /system/etc/init/init-mmd-prop.rc...
[    1.858987] init: Parsing file /system/etc/init/installd.rc...
[    1.859414] init: Parsing file /system/etc/init/kcmdlinectrl.rc...
[    1.859704] init: Parsing file /system/etc/init/keystore2.rc...
[    1.860008] init: Parsing file /system/etc/init/llkd-debuggable.rc...
[    1.860337] init: Parsing file /system/etc/init/llkd.rc...
[    1.860611] init: Parsing file /system/etc/init/lmkd.rc...
[    1.860986] init: Parsing file /system/etc/init/logcatd.rc...
[    1.861384] init: Parsing file /system/etc/init/logd.rc...
[    1.861662] init: Parsing file /system/etc/init/logtagd.rc...
[    1.861939] init: Parsing file /system/etc/init/lpdumpd.rc...
[    1.862233] init: Parsing file /system/etc/init/mdnsd.rc...
[    1.862497] init: Parsing file /system/etc/init/mediaextractor.rc...
[    1.862871] init: Parsing file /system/etc/init/mediametrics.rc...
[    1.863162] init: Parsing file /system/etc/init/mediaserver.rc...
[    1.863453] init: Parsing file /system/etc/init/misctrl.rc...
[    1.863729] init: Parsing file /system/etc/init/mtectrl.rc...
[    1.864048] init: Parsing file /system/etc/init/netbpfload.rc...
[    1.864427] init: Parsing file /system/etc/init/netd.rc...
[    1.864784] init: Parsing file /system/etc/init/odsign.rc...
[    1.865055] init: Parsing file /system/etc/init/otapreopt.rc...
[    1.865343] init: Parsing file /system/etc/init/perfetto.rc...
[    1.865827] init: Parsing file /system/etc/init/prefetch.rc...
[    1.866130] init: Parsing file /system/etc/init/prng_seeder.rc...
[    1.866427] init: Parsing file /system/etc/init/profcollectd.rc...
[    1.866805] init: Parsing file /system/etc/init/recovery-persist.rc...
[    1.867094] init: Parsing file /system/etc/init/recovery-refresh.rc...
[    1.867390] init: Parsing file /system/etc/init/rss_hwm_reset.rc...
[    1.867692] init: Parsing file /system/etc/init/servicemanager.rc...
[    1.867998] init: Parsing file /system/etc/init/simpleperf.rc...
[    1.868295] init: Parsing file /system/etc/init/snapuserd.rc...
[    1.868593] init: Parsing file /system/etc/init/storaged.rc...
[    1.868872] init: Parsing file /system/etc/init/surfaceflinger.rc...
[    1.869167] init: Parsing file /system/etc/init/tombstoned.rc...
[    1.869557] init: Parsing file /system/etc/init/traced_perf.rc...
[    1.869859] init: Parsing file /system/etc/init/tradeinmode.rc...
[    1.870147] init: Parsing file /system/etc/init/uncrypt.rc...
[    1.870432] init: Parsing file /system/etc/init/update_engine.rc...
[    1.870733] init: Parsing file /system/etc/init/update_verifier.rc...
[    1.871025] init: Parsing file /system/etc/init/usbd.rc...
[    1.871283] init: Parsing file /system/etc/init/virtual_camera.hal.rc...
[    1.871580] init: Parsing file /system/etc/init/vold.rc...
[    1.871835] init: Parsing file /system/etc/init/wifi.rc...
[    1.872227] init: Parsing file /system/etc/init/wificond.rc...
[    1.872514] init: Parsing directory /system_ext/etc/init...
[    1.872763] init: Parsing file /system_ext/etc/init/aidl_lazy_cb_test_server.rc...
[    1.873329] init: Parsing file /system_ext/etc/init/aidl_lazy_test_server.rc...
[    1.873666] init: Parsing file /system_ext/etc/init/android.hardware.audio.parameter_parser.example_service.rc...
[    1.874098] init: Parsing file /system_ext/etc/init/android.hardware.security.keymint-service.trusty_system_vm.rc...
[    1.874540] init: Parsing file /system_ext/etc/init/android.hidl.allocator@1.0-service.rc...
[    1.874908] init: Parsing file /system_ext/etc/init/hwservicemanager.rc...
[    1.875455] init: Parsing file /system_ext/etc/init/rpmb_dev.system.rc...
[    1.875780] init: Parsing file /system_ext/etc/init/rpmb_dev.test.system.rc...
[    1.876268] init: Parsing file /system_ext/etc/init/trusty_security_vm_launcher.rc...
[    1.876619] init: Parsing directory /vendor/etc/init...
[    1.876857] init: Parsing file /vendor/etc/init/android.hardware.security.keymint-service.trusty_tee.cpp.rc...
[    1.877488] init: Parsing file /vendor/etc/init/android.hardware.security.keymint-service.trusty_tee.rc...
[    1.877885] init: Parsing file /vendor/etc/init/boringssl_self_test.rc...
[    1.878385] init: Added '/vendor/etc/boringssl_self_test.zygote64.rc' to import list
[    1.878711] init: Parsing file /vendor/etc/boringssl_self_test.zygote64.rc...
[    1.879239] init: Parsing file /vendor/etc/init/face-default.rc...
[    1.879533] init: Parsing file /vendor/etc/init/fingerprint-default.rc...
[    1.879839] init: Parsing file /vendor/etc/init/init.cutf_cvm.rc...
[    1.880617] init: Parsing file /vendor/etc/init/init_graphics.vendor.rc...
[    1.881087] init: Parsing file /vendor/etc/init/seriallogging.rc...
[    1.881393] init: Parsing file /odm/etc/init...
[    1.881614] init: Unable to read config file '/odm/etc/init': open() failed: No such file or directory
[    1.881984] init: Parsing directory /product/etc/init...
[    1.882219] init: Parsing file /product/etc/init/init.rc...
[    1.882899] init: processing action (SetupCgroups) from (<Builtin Action>:0)
[    1.884106] libprocessgroup: Failed to mount controller cpuset: No such device
[    1.884417] libprocessgroup: Failed to setup cpuset cgroup
[    1.884666] libprocessgroup: Using system/app isolation under: /sys/fs/cgroup
[    1.889992] init: processing action (SetKptrRestrict) from (<Builtin Action>:0)
[    1.890426] init: processing action (TestPerfEventSelinux) from (<Builtin Action>:0)
[    1.890898] init: processing action (early-init) from (/system/etc/init/hw/init.rc:15)
[    1.892714] init: starting service 'ueventd'...
[    1.895726] libprocessgroup: A JoinCgroup action in the SystemMemoryProcess profile is used for controller memory in the cgroup v2 hierarchy and will be ignored
[    1.896655] init: ... started service 'ueventd' has pid 100
[    1.897572] init: starting service 'apexd-bootstrap'...
[    1.899111] init: ... started service 'apexd-bootstrap' has pid 101
[    1.899407] init: SVC_EXEC service 'apexd-bootstrap' pid 101 (uid 0 gid 1000+0 context default) started; waiting...
[    1.903822] ueventd: ueventd started!
[    1.905031] selinux: SELinux: Loaded file context from:
[    1.905310] selinux: 		/system/etc/selinux/plat_file_contexts
[    1.905569] selinux: 		/system_ext/etc/selinux/system_ext_file_contexts
[    1.905864] selinux: 		/product/etc/selinux/product_file_contexts
[    1.906113] selinux: 		/vendor/etc/selinux/vendor_file_contexts
[    1.906395] selinux: 		/odm/etc/selinux/odm_file_contexts
[    1.906868] ueventd: Parsing file /system/etc/ueventd.rc...
[    1.907153] ueventd: Added '/vendor/etc/ueventd.rc' to import list
[    1.907422] ueventd: Added '/odm/etc/ueventd.rc' to import list
[    1.907811] ueventd: Parsing file /vendor/etc/ueventd.rc...
[    1.908124] ueventd: Parsing file /odm/etc/ueventd.rc...
[    1.908367] ueventd: Unable to read config file '/odm/etc/ueventd.rc': open() failed: No such file or directory
[    1.923236] apexd: Started. subcommand = --bootstrap
[    1.923966] apexd-bootstrap: Scanning /odm/apex for pre-installed ApexFiles
[    1.924325] apexd-bootstrap: /odm/apex does not exist. Skipping
[    1.924618] apexd-bootstrap: Scanning /vendor/apex for pre-installed ApexFiles
[    1.925072] apexd-bootstrap: Found pre-installed APEX /vendor/apex/com.android.hardware.audio.apex
[    1.925481] apexd-bootstrap: Found pre-installed APEX /vendor/apex/com.android.hardware.authsecret.apex
[    1.925848] apexd-bootstrap: Found pre-installed APEX /vendor/apex/com.android.hardware.boot.apex
[    1.926205] apexd-bootstrap: Found pre-installed APEX /vendor/apex/com.android.hardware.cas.apex
[    1.926552] apexd-bootstrap: Found pre-installed APEX /vendor/apex/com.android.hardware.contexthub.apex
[    1.926918] apexd-bootstrap: Found pre-installed APEX /vendor/apex/com.android.hardware.drm.clearkey.apex
[    1.927298] apexd-bootstrap: Found pre-installed APEX /vendor/apex/com.android.hardware.dumpstate.apex
[    1.927658] apexd-bootstrap: Found pre-installed APEX /vendor/apex/com.android.hardware.gatekeeper.cf_remote.apex
[    1.928068] apexd-bootstrap: Found pre-installed APEX /vendor/apex/com.android.hardware.gatekeeper.nonsecure.apex
[    1.928491] apexd-bootstrap: Found pre-installed APEX /vendor/apex/com.android.hardware.gnss.apex
[    1.928844] apexd-bootstrap: Found pre-installed APEX /vendor/apex/com.android.hardware.graphics.composer.drm_hwcomposer.apex
[    1.929289] apexd-bootstrap: Found pre-installed APEX /vendor/apex/com.android.hardware.graphics.composer.ranchu.apex
[    1.929696] apexd-bootstrap: Found pre-installed APEX /vendor/apex/com.android.hardware.input.processor.apex
[    1.930079] apexd-bootstrap: Found pre-installed APEX /vendor/apex/com.android.hardware.keymint.rust_cf_guest_trusty_nonsecure.apex
[    1.930537] apexd-bootstrap: Found pre-installed APEX /vendor/apex/com.android.hardware.keymint.rust_cf_remote.apex
[    1.930942] apexd-bootstrap: Found pre-installed APEX /vendor/apex/com.android.hardware.keymint.rust_nonsecure.apex
[    1.931353] apexd-bootstrap: Found pre-installed APEX /vendor/apex/com.android.hardware.memtrack.apex
[    1.931713] apexd-bootstrap: Found pre-installed APEX /vendor/apex/com.android.hardware.net.nlinterceptor.apex
[    1.932237] apexd-bootstrap: Found pre-installed APEX /vendor/apex/com.android.hardware.neuralnetworks.apex
[    1.932616] apexd-bootstrap: Found pre-installed APEX /vendor/apex/com.android.hardware.power.apex
[    1.932970] apexd-bootstrap: Found pre-installed APEX /vendor/apex/com.android.hardware.rebootescrow.apex
[    1.933341] apexd-bootstrap: Found pre-installed APEX /vendor/apex/com.android.hardware.secure_element.apex
[    1.933716] apexd-bootstrap: Found pre-installed APEX /vendor/apex/com.android.hardware.security.authgraph.apex
[    1.934127] apexd-bootstrap: Found pre-installed APEX /vendor/apex/com.android.hardware.security.secretkeeper.apex
[    1.934530] apexd-bootstrap: Found pre-installed APEX /vendor/apex/com.android.hardware.sensors.apex
[    1.934883] apexd-bootstrap: Found pre-installed APEX /vendor/apex/com.android.hardware.tetheroffload.apex
[    1.935255] apexd-bootstrap: Found pre-installed APEX /vendor/apex/com.android.hardware.thermal.apex
[    1.935610] apexd-bootstrap: Found pre-installed APEX /vendor/apex/com.android.hardware.threadnetwork.apex
[    1.935998] apexd-bootstrap: Found pre-installed APEX /vendor/apex/com.android.hardware.usb.apex
[    1.936363] apexd-bootstrap: Found pre-installed APEX /vendor/apex/com.android.hardware.uwb.apex
[    1.936709] apexd-bootstrap: Found pre-installed APEX /vendor/apex/com.android.hardware.vibrator.apex
[    1.937069] apexd-bootstrap: Found pre-installed APEX /vendor/apex/com.android.hardware.wifi.apex
[    1.937429] apexd-bootstrap: Found pre-installed APEX /vendor/apex/com.google.cf.bt.apex
[    1.937764] apexd-bootstrap: Found pre-installed APEX /vendor/apex/com.google.cf.confirmationui.apex
[    1.938125] apexd-bootstrap: Found pre-installed APEX /vendor/apex/com.google.cf.gralloc.apex
[    1.938494] apexd-bootstrap: Found pre-installed APEX /vendor/apex/com.google.cf.health.apex
[    1.938831] apexd-bootstrap: Found pre-installed APEX /vendor/apex/com.google.cf.health.storage.apex
[    1.939189] apexd-bootstrap: Found pre-installed APEX /vendor/apex/com.google.cf.identity.apex
[    1.939536] apexd-bootstrap: Found pre-installed APEX /vendor/apex/com.google.cf.input.config.apex
[    1.939978] apexd-bootstrap: Found pre-installed APEX /vendor/apex/com.google.cf.ir.apex
[    1.940312] apexd-bootstrap: Found pre-installed APEX /vendor/apex/com.google.cf.light.apex
[    1.940642] apexd-bootstrap: Found pre-installed APEX /vendor/apex/com.google.cf.nfc.apex
[    1.940963] apexd-bootstrap: Found pre-installed APEX /vendor/apex/com.google.cf.oemlock.apex
[    1.941315] apexd-bootstrap: Found pre-installed APEX /vendor/apex/com.google.cf.rild.apex
[    1.941637] apexd-bootstrap: Found pre-installed APEX /vendor/apex/com.google.cf.vulkan.apex
[    1.941975] apexd-bootstrap: Found pre-installed APEX /vendor/apex/com.google.cf.wifi.apex
[    1.942300] apexd-bootstrap: Found pre-installed APEX /vendor/apex/com.google.cf.wpa_supplicant.apex
[    1.942654] apexd-bootstrap: Found pre-installed APEX /vendor/apex/com.google.emulated.camera.provider.hal.apex
[    1.943062] apexd-bootstrap: Found pre-installed APEX /vendor/apex/com.google.emulated.camera.provider.hal.fastscenecycle.apex
[    1.943510] apexd-bootstrap: Scanning /product/apex for pre-installed ApexFiles
[    1.943826] apexd-bootstrap: /product/apex does not exist. Skipping
[    1.992130] apexd-bootstrap: Scanning /system_ext/apex for pre-installed ApexFiles
[    1.992527] apexd-bootstrap: Found pre-installed APEX /system_ext/apex/com.android.compos.apex
[    1.992914] apexd-bootstrap: Found pre-installed APEX /system_ext/apex/com.android.hardware.biometrics.face.virtual.apex
[    1.993371] apexd-bootstrap: Found pre-installed APEX /system_ext/apex/com.android.hardware.biometrics.fingerprint.virtual.apex
[    1.993868] apexd-bootstrap: Found pre-installed APEX /system_ext/apex/com.android.vndk.v30.apex
[    1.994255] apexd-bootstrap: Found pre-installed APEX /system_ext/apex/com.android.vndk.v31.apex
[    1.994642] apexd-bootstrap: Found pre-installed APEX /system_ext/apex/com.android.vndk.v32.apex
[    1.995029] apexd-bootstrap: Found pre-installed APEX /system_ext/apex/com.android.vndk.v33.apex
[    1.995418] apexd-bootstrap: Found pre-installed APEX /system_ext/apex/com.android.vndk.v34.apex
[    1.995800] apexd-bootstrap: Scanning /system/apex for pre-installed ApexFiles
[    1.996252] apexd-bootstrap: Found pre-installed APEX /system/apex/com.android.adbd.capex
[    1.996608] apexd-bootstrap: Found pre-installed APEX /system/apex/com.android.adservices.capex
[    1.997002] apexd-bootstrap: Found pre-installed APEX /system/apex/com.android.apex.cts.shim.apex
[    1.997400] apexd-bootstrap: Found pre-installed APEX /system/apex/com.android.appsearch.capex
[    1.997772] apexd-bootstrap: Found pre-installed APEX /system/apex/com.android.art.capex
[    1.998131] apexd-bootstrap: Found pre-installed APEX /system/apex/com.android.bt.apex
[    1.998481] apexd-bootstrap: Found pre-installed APEX /system/apex/com.android.cellbroadcast.capex
[    1.998872] apexd-bootstrap: Found pre-installed APEX /system/apex/com.android.configinfrastructure.capex
[    1.999288] apexd-bootstrap: Found pre-installed APEX /system/apex/com.android.conscrypt.capex
[    1.999673] apexd-bootstrap: Found pre-installed APEX /system/apex/com.android.crashrecovery.capex
[    2.000079] apexd-bootstrap: Found pre-installed APEX /system/apex/com.android.devicelock.apex
[    2.000473] apexd-bootstrap: Found pre-installed APEX /system/apex/com.android.extservices.capex
[    2.000845] apexd-bootstrap: Found pre-installed APEX /system/apex/com.android.healthfitness.apex
[    2.001245] apexd-bootstrap: Found pre-installed APEX /system/apex/com.android.i18n.apex
[    2.001595] apexd-bootstrap: Found pre-installed APEX /system/apex/com.android.ipsec.capex
[    2.001939] apexd-bootstrap: Found pre-installed APEX /system/apex/com.android.media.capex
[    2.002290] apexd-bootstrap: Found pre-installed APEX /system/apex/com.android.media.swcodec.capex
[    2.002682] apexd-bootstrap: Found pre-installed APEX /system/apex/com.android.mediaprovider.capex
[    2.003071] apexd-bootstrap: Found pre-installed APEX /system/apex/com.android.neuralnetworks.capex
[    2.003474] apexd-bootstrap: Found pre-installed APEX /system/apex/com.android.nfcservices.capex
[    2.003855] apexd-bootstrap: Found pre-installed APEX /system/apex/com.android.ondevicepersonalization.capex
[    2.004322] apexd-bootstrap: Found pre-installed APEX /system/apex/com.android.os.statsd.apex
[    2.004707] apexd-bootstrap: Found pre-installed APEX /system/apex/com.android.permission.capex
[    2.005086] apexd-bootstrap: Found pre-installed APEX /system/apex/com.android.profiling.capex
[    2.005476] apexd-bootstrap: Found pre-installed APEX /system/apex/com.android.resolv.capex
[    2.005837] apexd-bootstrap: Found pre-installed APEX /system/apex/com.android.rkpd.apex
[    2.006194] apexd-bootstrap: Found pre-installed APEX /system/apex/com.android.runtime.apex
[    2.006559] apexd-bootstrap: Found pre-installed APEX /system/apex/com.android.scheduling.capex
[    2.006950] apexd-bootstrap: Found pre-installed APEX /system/apex/com.android.sdkext.apex
[    2.007309] apexd-bootstrap: Found pre-installed APEX /system/apex/com.android.tethering.capex
[    2.007683] apexd-bootstrap: Found pre-installed APEX /system/apex/com.android.tzdata.apex
[    2.008050] apexd-bootstrap: Found pre-installed APEX /system/apex/com.android.uprobestats.capex
[    2.008442] apexd-bootstrap: Found pre-installed APEX /system/apex/com.android.uwb.capex
[    2.008789] apexd-bootstrap: Found pre-installed APEX /system/apex/com.android.virt.apex
[    2.009133] apexd-bootstrap: Found pre-installed APEX /system/apex/com.android.wifi.capex
[    2.057437] apexd-bootstrap: Skipping APEX at path /vendor/apex/com.android.hardware.gatekeeper.cf_remote.apex because it does not match expected multi-install APEX property for com.android.hardware.gatekeeper
[    2.058219] apexd-bootstrap: Found APEX at path /vendor/apex/com.android.hardware.gatekeeper.nonsecure.apex for multi-install APEX com.android.hardware.gatekeeper
[    2.058838] apexd-bootstrap: Skipping APEX at path /vendor/apex/com.android.hardware.graphics.composer.drm_hwcomposer.apex because it does not match expected multi-install APEX property for com.android.hardware.graphics.composer
[    2.059646] apexd-bootstrap: Found APEX at path /vendor/apex/com.android.hardware.graphics.composer.ranchu.apex for multi-install APEX com.android.hardware.graphics.composer
[    2.060503] apexd-bootstrap: Skipping APEX at path /vendor/apex/com.android.hardware.keymint.rust_cf_guest_trusty_nonsecure.apex because it does not match expected multi-install APEX property for com.android.hardware.keymint
[    2.061290] apexd-bootstrap: Skipping APEX at path /vendor/apex/com.android.hardware.keymint.rust_cf_remote.apex because it does not match expected multi-install APEX property for com.android.hardware.keymint
[    2.062042] apexd-bootstrap: Found APEX at path /vendor/apex/com.android.hardware.keymint.rust_nonsecure.apex for multi-install APEX com.android.hardware.keymint
[    2.062744] apexd-bootstrap: Found APEX at path /vendor/apex/com.google.emulated.camera.provider.hal.apex for multi-install APEX com.google.emulated.camera.provider.hal
[    2.063423] apexd-bootstrap: Skipping APEX at path /vendor/apex/com.google.emulated.camera.provider.hal.fastscenecycle.apex because it does not match expected multi-install APEX property for com.google.emulated.camera.provider.hal
[    2.064371] apexd-bootstrap: Found bootstrap APEX /system/apex/com.android.tzdata.apex
[    2.064693] apexd-bootstrap: Found bootstrap APEX /vendor/apex/com.google.cf.vulkan.apex
[    2.065009] apexd-bootstrap: Found bootstrap APEX /system/apex/com.android.runtime.apex
[    2.065354] apexd-bootstrap: Found bootstrap APEX /vendor/apex/com.google.cf.gralloc.apex
[    2.065679] apexd-bootstrap: Found bootstrap APEX /system/apex/com.android.virt.apex
[    2.065987] apexd-bootstrap: Found bootstrap APEX /vendor/apex/com.android.hardware.boot.apex
[    2.066343] apexd-bootstrap: Found bootstrap APEX /vendor/apex/com.android.hardware.gatekeeper.nonsecure.apex
[    2.066738] apexd-bootstrap: Found bootstrap APEX /system/apex/com.android.i18n.apex
[    2.067048] apexd-bootstrap: Found bootstrap APEX /vendor/apex/com.android.hardware.keymint.rust_nonsecure.apex
[    2.067457] apexd-bootstrap: Found bootstrap APEX /vendor/apex/com.android.hardware.graphics.composer.ranchu.apex
[    2.067869] apexd-bootstrap: Need to pre-allocate 97 loop devices
[    2.073000] ueventd: Coldboot took 0.163 seconds
[    2.085473] apexd-bootstrap: Found 16 idle loopback devices that were pre-allocated by kernel. Allocated 81 more.
[    2.177920] loop0: detected capacity change from 0 to 1672
[    2.178672] loop1: detected capacity change from 0 to 65424
[    2.179135] loop2: detected capacity change from 0 to 9776
[    2.179549] loop3: detected capacity change from 0 to 5984
[    2.179971] loop4: detected capacity change from 0 to 175296
[    2.184081] loop5: detected capacity change from 0 to 904
[    2.184512] loop6: detected capacity change from 0 to 8744
[    2.184935] loop7: detected capacity change from 0 to 73464
[    2.185368] loop8: detected capacity change from 0 to 20384
[    2.185809] loop9: detected capacity change from 0 to 13416
[    2.270288] EXT4-fs (loop3): mounted filesystem 7d1522e1-9dfa-5edb-a43e-98e3a4d20250 ro without journal. Quota mode: none.
[    2.270849] apexd-bootstrap: Successfully mounted package /vendor/apex/com.google.cf.gralloc.apex on /apex/com.google.cf.gralloc@1 duration=92
[    2.275531] EXT4-fs (loop1): mounted filesystem 7d1522e1-9dfa-5edb-a43e-98e3a4d20250 ro without journal. Quota mode: none.
[    2.276032] apexd-bootstrap: Successfully mounted package /vendor/apex/com.google.cf.vulkan.apex on /apex/com.google.cf.vulkan@1 duration=97
[    2.277370] EXT4-fs (loop0): mounted filesystem 7d1522e1-9dfa-5edb-a43e-98e3a4d20250 ro without journal. Quota mode: none.
[    2.277405] EXT4-fs (loop2): mounted filesystem 7d1522e1-9dfa-5edb-a43e-98e3a4d20250 ro without journal. Quota mode: none.
[    2.277560] EXT4-fs (loop6): mounted filesystem 7d1522e1-9dfa-5edb-a43e-98e3a4d20250 ro without journal. Quota mode: none.
[    2.277711] EXT4-fs (loop9): mounted filesystem 7d1522e1-9dfa-5edb-a43e-98e3a4d20250 ro without journal. Quota mode: none.
[    2.277829] apexd-bootstrap: Successfully mounted package /system/apex/com.android.tzdata.apex on /apex/com.android.tzdata@360499999 duration=100
[    2.277951] apexd-bootstrap: Successfully mounted package /vendor/apex/com.android.hardware.graphics.composer.ranchu.apex on /apex/com.android.hardware.graphics.composer@1 duration=99
[    2.280427] apexd-bootstrap: Successfully mounted package /system/apex/com.android.runtime.apex on /apex/com.android.runtime@1 duration=102
[    2.280934] apexd-bootstrap: Successfully mounted package /vendor/apex/com.android.hardware.gatekeeper.nonsecure.apex on /apex/com.android.hardware.gatekeeper@1 duration=102
[    2.281672] EXT4-fs (loop5): mounted filesystem 7d1522e1-9dfa-5edb-a43e-98e3a4d20250 ro without journal. Quota mode: none.
[    2.282121] apexd-bootstrap: Successfully mounted package /vendor/apex/com.android.hardware.boot.apex on /apex/com.android.hardware.boot@1 duration=103
[    2.282752] EXT4-fs (loop7): mounted filesystem 7d1522e1-9dfa-5edb-a43e-98e3a4d20250 ro without journal. Quota mode: none.
[    2.283191] apexd-bootstrap: Successfully mounted package /system/apex/com.android.i18n.apex on /apex/com.android.i18n@1 duration=104
[    2.285498] EXT4-fs (loop8): mounted filesystem 7d1522e1-9dfa-5edb-a43e-98e3a4d20250 ro without journal. Quota mode: none.
[    2.285947] apexd-bootstrap: Successfully mounted package /vendor/apex/com.android.hardware.keymint.rust_nonsecure.apex on /apex/com.android.hardware.keymint@1 duration=107
[    2.286638] EXT4-fs (loop4): mounted filesystem 7d1522e1-9dfa-5edb-a43e-98e3a4d20250 ro without journal. Quota mode: none.
[    2.287075] apexd-bootstrap: Successfully mounted package /system/apex/com.android.virt.apex on /apex/com.android.virt@3 duration=108
[    2.288010] apexd-bootstrap: Activated 10 packages.
[    2.290093] SELinux: SELinux: Loaded file context from:
[    2.290677] SELinux: 		/system/etc/selinux/plat_file_contexts
[    2.291243] SELinux: 		/system_ext/etc/selinux/system_ext_file_contexts
[    2.291847] SELinux: 		/product/etc/selinux/product_file_contexts
[    2.292468] SELinux: 		/vendor/etc/selinux/vendor_file_contexts
[    2.293053] SELinux: 		/odm/etc/selinux/odm_file_contexts
[    2.294669] apexd-bootstrap: OnBootstrap done, duration=370
[    2.303030] init: Service 'apexd-bootstrap' (pid 101) exited with status 0 waiting took 0.404000 seconds
[    2.303443] init: Sending signal 9 to service 'apexd-bootstrap' (pid 101) process group...
[    2.303918] libprocessgroup: Removed cgroup /sys/fs/cgroup/system/uid_0/pid_101
[    2.333464] init: Parsing file /apex/com.android.hardware.boot/etc/android.hardware.boot-service.default.rc...
[    2.334150] init: Parsing file /apex/com.android.hardware.gatekeeper/etc/android.hardware.gatekeeper-service.nonsecure.rc...
[    2.334833] init: Parsing file /apex/com.android.hardware.graphics.composer/etc/hwc3-apex.rc...
[    2.335370] init: Parsing file /apex/com.android.hardware.keymint/etc/android.hardware.security.keymint-service.nonsecure.apex.rc...
[    2.336076] init: Parsing file /apex/com.android.virt/etc/vfio_handler.rc...
[    2.336606] init: Parsing file /apex/com.android.virt/etc/virtualizationservice.rc...
[    2.337100] init: Parsing file /apex/com.android.virt/etc/vmnic.rc...
[    2.337593] init: Parsing file /apex/com.google.cf.gralloc/etc/com.google.cf.gralloc.rc...
[    2.338037] init: Parsing file /apex/com.google.cf.vulkan/etc/com.google.cf.vulkan.rc...
[    2.357669] init: linkerconfig generated /linkerconfig with mounted APEX modules info
[    2.359002] init: processing action (early-init) from (/init.environ.rc:2)
[    2.359368] init: processing action (ro.product.debugfs_restrictions.enabled=true && early-init) from (/system/etc/init/init-debug.rc:10)
[    2.360163] init: processing action (early-init) from (/system/etc/init/prng_seeder.rc:5)
[    2.360770] init: starting service 'prng_seeder'...
[    2.361106] init: Created socket '/dev/socket/prng_seeder', mode 666, user 1092, group 1092
[    2.363845] init: ... started service 'prng_seeder' has pid 306
[    2.364286] init: processing action (ro.product.cpu.abilist64=* && early-init) from (/vendor/etc/boringssl_self_test.zygote64.rc:1)
[    2.365001] init: starting service 'boringssl_self_test64_vendor'...
[    2.367462] init: ... started service 'boringssl_self_test64_vendor' has pid 307
[    2.367808] init: SVC_EXEC service 'boringssl_self_test64_vendor' pid 307 (uid 0 gid 0+0 context default) started; waiting...
[    2.383241] init: Service 'boringssl_self_test64_vendor' (pid 307) exited with status 0 waiting took 0.017000 seconds
[    2.383675] init: Sending signal 9 to service 'boringssl_self_test64_vendor' (pid 307) process group...
[    2.384189] libprocessgroup: Removed cgroup /sys/fs/cgroup/system/uid_0/pid_307
[    2.384680] init: processing action (early-init) from (/vendor/etc/init/init.cutf_cvm.rc:1)
[    2.385660] init: starting service 'vendor.dlkm_loader'...
[    2.387712] init: ... started service 'vendor.dlkm_loader' has pid 308
[    2.388529] init: starting service 'exec 1 (/system/bin/modprobe -a -d /system/lib/modules zram.ko)'...
[    2.390808] init: ... started service 'exec 1 (/system/bin/modprobe -a -d /system/lib/modules zram.ko)' has pid 309
[    2.392184] init: SVC_EXEC service 'exec 1 (/system/bin/modprobe -a -d /system/lib/modules zram.ko)' pid 309 (uid 0 gid 0+0 context u:r:modprobe:s0) started; waiting...
[    2.392575] dlkm_loader: dlkm loader successfully initialized
[    2.396055] dlkm_loader: Loading module /vendor/lib/modules/dummy-cpufreq.ko with args ''
[    2.397018] dlkm_loader: Loaded kernel module /vendor/lib/modules/dummy-cpufreq.ko
[    2.397409] dlkm_loader: Loading module /vendor/lib/modules/dummy_hcd.ko with args ''
[    2.398463] dummy_hcd dummy_hcd.0: USB Host+Gadget Emulator, driver 02 May 2005
[    2.398770] dummy_hcd dummy_hcd.0: Dummy host controller
[    2.398984] dummy_hcd dummy_hcd.0: new USB bus registered, assigned bus number 3
[    2.399847] usb usb3: New USB device found, idVendor=1d6b, idProduct=0002, bcdDevice= 6.12
[    2.400193] usb usb3: New USB device strings: Mfr=3, Product=2, SerialNumber=1
[    2.400488] usb usb3: Product: Dummy host controller
[    2.400706] usb usb3: Manufacturer: Linux 6.12.18-android16-1-g50eb8d5d443b-ab13257114 dummy_hcd
[    2.401065] usb usb3: SerialNumber: dummy_hcd.0
[    2.401794] hub 3-0:1.0: USB hub found
[    2.402321] hub 3-0:1.0: 1 port detected
[    2.403080] dlkm_loader: Loaded kernel module /vendor/lib/modules/dummy_hcd.ko
[    2.403443] dlkm_loader: Loading module /vendor/lib/modules/goldfish_address_space.ko with args ''
[    2.403949] zram: Added device: zram0
[    2.404593] init: Service 'exec 1 (/system/bin/modprobe -a -d /system/lib/modules zram.ko)' (pid 309) exited with status 0 waiting took 0.015000 seconds
[    2.405110] init: Sending signal 9 to service 'exec 1 (/system/bin/modprobe -a -d /system/lib/modules zram.ko)' (pid 309) process group...
[    2.405669] libprocessgroup: Removed cgroup /sys/fs/cgroup/system/uid_0/pid_309
[    2.406075] goldfish_address_space: loading out-of-tree module taints kernel.
[    2.408058] init: wait for '/dev/dri/card0' took 0ms
[    2.408302] dlkm_loader: Loaded kernel module /vendor/lib/modules/goldfish_address_space.ko
[    2.408664] dlkm_loader: Loading module /vendor/lib/modules/goldfish_battery.ko with args ''
[    2.409411] dlkm_loader: Loaded kernel module /vendor/lib/modules/goldfish_battery.ko
[    2.409526] init: starting service 'exec 2 (/vendor/bin/modprobe -d /vendor/lib/modules vkms.ko create_default_dev=0)'...
[    2.409774] dlkm_loader: Loading module /vendor/lib/modules/goldfish_pipe.ko with args ''
[    2.410885] dlkm_loader: Loaded kernel module /vendor/lib/modules/goldfish_pipe.ko
[    2.411210] init: ... started service 'exec 2 (/vendor/bin/modprobe -d /vendor/lib/modules vkms.ko create_default_dev=0)' has pid 312
[    2.411250] dlkm_loader: Loading module /vendor/lib/modules/goldfish_sync.ko with args ''
[    2.411383] init: SVC_EXEC service 'exec 2 (/vendor/bin/modprobe -d /vendor/lib/modules vkms.ko create_default_dev=0)' pid 312 (uid 0 gid 0+0 context u:r:vendor_modprobe:s0) started; waiting...
[    2.412249] dlkm_loader: Loaded kernel module /vendor/lib/modules/goldfish_sync.ko
[    2.413854] dlkm_loader: Loading module /system/lib/modules/can-dev.ko with args ''
[    2.415450] CAN device driver interface
[    2.415889] dlkm_loader: Loaded kernel module /system/lib/modules/can-dev.ko
[    2.416278] dlkm_loader: Loading module /vendor/lib/modules/gs_usb.ko with args ''
[    2.417447] usbcore: registered new interface driver gs_usb
[    2.417914] dlkm_loader: Loaded kernel module /vendor/lib/modules/gs_usb.ko
[    2.418294] dlkm_loader: Loading module /system/lib/modules/rfkill.ko with args ''
[    2.419375] dlkm_loader: Loading module /system/lib/modules/bluetooth.ko with args ''
[    2.423340] init: Service 'exec 2 (/vendor/bin/modprobe -d /vendor/lib/modules vkms.ko create_default_dev=0)' (pid 312) exited with status 0 waiting took 0.012000 seconds
[    2.423914] init: Sending signal 9 to service 'exec 2 (/vendor/bin/modprobe -d /vendor/lib/modules vkms.ko create_default_dev=0)' (pid 312) process group...
[    2.424583] libprocessgroup: Removed cgroup /sys/fs/cgroup/system/uid_0/pid_312
[    2.424936] init: processing action (early-init) from (/vendor/etc/init/init.cutf_cvm.rc:135)
[    2.427971] init: processing action (early-init) from (/vendor/etc/init/init_graphics.vendor.rc:1)
[    2.429060] init: Command 'setprop ro.vendor.hwcomposer.mode ${ro.boot.hardware.hwcomposer.mode}' action=early-init (/vendor/etc/init/init_graphics.vendor.rc:11) took 0ms and failed: property 'ro.boot.hardware.hwcomposer.mode' doesn't exist while expanding '${ro.boot.hardware.hwcomposer.mode}'
[    2.429458] Bluetooth: Core ver 2.22
[    2.430362] NET: Registered PF_BLUETOOTH protocol family
[    2.430399] init: Command 'setprop debug.hwui.renderer ${ro.boot.hardware.guest_hwui_renderer}' action=early-init (/vendor/etc/init/init_graphics.vendor.rc:17) took 0ms and failed: property 'ro.boot.hardware.guest_hwui_renderer' doesn't exist while expanding '${ro.boot.hardware.guest_hwui_renderer}'
[    2.430443] Bluetooth: HCI device and connection manager initialized
[    2.430447] Bluetooth: HCI socket layer initialized
[    2.430812] init: Command 'setprop ro.zygote.disable_gl_preload ${ro.boot.hardware.guest_disable_renderer_preload}' action=early-init (/vendor/etc/init/init_graphics.vendor.rc:18) took 0ms and failed: property 'ro.boot.hardware.guest_disable_renderer_preload' doesn't exist while expanding '${ro.boot.hardware.guest_disable_renderer_preload}'
[    2.430871] Bluetooth: L2CAP socket layer initialized
[    2.430948] init: processing action (ConnectEarlyStageSnapuserd) from (<Builtin Action>:0)
[    2.431329] Bluetooth: SCO socket layer initialized
[    2.431400] init: processing action (wait_for_coldboot_done) from (<Builtin Action>:0)
[    2.431737] dlkm_loader: Loaded kernel module /system/lib/modules/bluetooth.ko
[    2.431833] init: start_waiting_for_property("ro.cold_boot_done", "true"): already set
[    2.432680] dlkm_loader: Loading module /vendor/lib/modules/hci_vhci.ko with args ''
[    2.432831] init: processing action (CheckTradeInModeStatus) from (<Builtin Action>:0)
[    2.434778] dlkm_loader: Loaded kernel module /vendor/lib/modules/hci_vhci.ko
[    2.434954] init: processing action (SetMmapRndBits) from (<Builtin Action>:0)
[    2.435465] dlkm_loader: Loading module /vendor/lib/modules/mt76.ko with args ''
[    2.436101] init: processing action (KeychordInit) from (<Builtin Action>:0)
[    2.436586] init: EVIOCSMASK not supported: Invalid argument
[    2.437121] init: processing action (init) from (/system/etc/init/hw/init.rc:103)
[    2.439111] dlkm_loader: Loaded kernel module /vendor/lib/modules/mt76.ko
[    2.439408] dlkm_loader: Loading module /vendor/lib/modules/mt76-usb.ko with args ''
[    2.439853] init: Command 'write /dev/blkio/blkio.weight 1000' action=init (/system/etc/init/hw/init.rc:204) took 0ms and failed: Unable to write to file '/dev/blkio/blkio.weight': open() failed: Permission denied
[    2.440728] init: Command 'write /dev/blkio/background/blkio.weight 200' action=init (/system/etc/init/hw/init.rc:205) took 0ms and failed: Unable to write to file '/dev/blkio/background/blkio.weight': open() failed: Permission denied
[    2.441671] init: Command 'write /dev/blkio/blkio.group_idle 0' action=init (/system/etc/init/hw/init.rc:207) took 0ms and failed: Unable to write to file '/dev/blkio/blkio.group_idle': open() failed: Permission denied
[    2.441689] dlkm_loader: Loaded kernel module /vendor/lib/modules/mt76-usb.ko
[    2.442006] init: Command 'write /dev/blkio/background/blkio.group_idle 0' action=init (/system/etc/init/hw/init.rc:208) took 0ms and failed: Unable to write to file '/dev/blkio/background/blkio.group_idle': open() failed: Permission denied
[    2.442136] dlkm_loader: Loading module /vendor/lib/modules/mt76x02-lib.ko with args ''
[    2.445861] dlkm_loader: Loaded kernel module /vendor/lib/modules/mt76x02-lib.ko
[    2.446181] dlkm_loader: Loading module /vendor/lib/modules/mt76x0-common.ko with args ''
[    2.446290] init: Command 'copy /dev/cpuset/cpus /dev/cpuset/foreground/cpus' action=init (/system/etc/init/hw/init.rc:314) took 0ms and failed: Could not read input file '/dev/cpuset/cpus': open() failed: No such file or directory
[    2.447307] init: Command 'copy /dev/cpuset/mems /dev/cpuset/foreground/mems' action=init (/system/etc/init/hw/init.rc:315) took 0ms and failed: Could not read input file '/dev/cpuset/mems': open() failed: No such file or directory
[    2.448095] dlkm_loader: Loaded kernel module /vendor/lib/modules/mt76x0-common.ko
[    2.448191] init: Command 'copy /dev/cpuset/cpus /dev/cpuset/foreground_window/cpus' action=init (/system/etc/init/hw/init.rc:317) took 0ms and failed: Could not read input file '/dev/cpuset/cpus': open() failed: No such file or directory
