

U-Boot 2024.04-gc8fc3d1d8ce6-ab13197479 (Mar 10 2025 - 22:48:14 +0000)

DRAM:  4 GiB
Core:  10 devices, 10 uclasses, devicetree: separate
Warning: MP init failure
         x86_mp_init() returning err=-96
Net:         eth_initialize() No ethernet found.
Driver                    uid uclass               Devices
----------------------------------------------------------
blk_partition             083 partition            virtio-blk#2:1           
                                                   virtio-blk#2:2           
                                                   virtio-blk#2:3           
                                                   virtio-blk#2:4           
                                                   virtio-blk#2:5           
                                                   virtio-blk#2:6           
                                                   virtio-blk#2:7           
                                                   virtio-blk#2:8           
                                                   virtio-blk#2:9           
                                                   virtio-blk#2:10          
                                                   virtio-blk#2:11          
                                                   virtio-blk#2:12          
                                                   virtio-blk#2:13          
                                                   virtio-blk#2:14          
                                                   virtio-blk#2:15          
                                                   virtio-blk#2:16          
                                                   virtio-blk#2:17          
                                                   virtio-blk#2:18          
                                                   virtio-blk#3:1           
                                                   virtio-blk#3:2           
                                                   virtio-blk#3:3           
                                                   virtio-blk#3:4           
                                                   virtio-blk#4:1           
bootmeth_qfw              026 <no uclass>          
cpu_bus                   109 <no uclass>          
cpu_qemu                  031 <no uclass>          
cpu_x86                   031 <no uclass>          
efi_blk                   022 blk                  <none>
EFI block driver          038 efi                  <none>
syscon                    117 syscon               <none>
intel_irq                 061 irq                  irq-router               
motorola_mc146818         104 rtc                  rtc                      
ns16550_serial            108 serial               serial                   
intel-pch7                084 pch                  pch@1,0                  
intel-pch9                084 pch                  <none>
pci_bridge_drv            085 pci                  <none>
pci_generic_drv           087 pci_generic          pci_0:0.0                
                                                   pci_0:1.1                
                                                   pci_0:1.3                
                                                   pci_0:12.0               
                                                   pci_0:13.0               
pci_x86                   085 pci                  pci                      
qfw_bootdev               025 <no uclass>          
qfw_pio                   096 qfw                  qfw_pio                  
root_driver               000 root                 root_driver              
sysinfo_smbios            118 sysinfo              smbios                   
vidconsole0               131 vidconsole0          <none>
virtio-blk                022 blk                  virtio-blk#2             
                                                   virtio-blk#3             
                                                   virtio-blk#4             
virtio_bootdev            025 <no uclass>          
virtio-console            108 serial               virtio-console#1         
virtio-console-port       108 serial               virtio_console_port      
                                                   virtio_console_port      
                                                   virtio_console_port      
                                                   virtio_console_port      
                                                   virtio_console_port      
                                                   virtio_console_port      
                                                   virtio_console_port      
                                                   virtio_console_port      
                                                   virtio_console_port      
                                                   virtio_console_port      
                                                   virtio_console_port      
                                                   virtio_console_port      
                                                   virtio_console_port      
                                                   virtio_console_port      
                                                   virtio_console_port      
                                                   virtio_console_port      
                                                   virtio_console_port      
                                                   virtio_console_port      
                                                   virtio_console_port      
                                                   virtio_console_port      
                                                   virtio_console_port      
                                                   virtio_console_port      
                                                   virtio_console_port      
                                                   virtio_console_port      
                                                   virtio_console_port      
                                                   virtio_console_port      
                                                   virtio_console_port      
                                                   virtio_console_port      
                                                   virtio_console_port      
                                                   virtio_console_port      
virtio-net                040 ethernet             virtio-net#13            
                                                   virtio-net#14            
virtio-pci.m              133 virtio               virtio-pci.m#0           
                                                   virtio-pci.m#1           
                                                   virtio-pci.m#2           
                                                   virtio-pci.m#3           
                                                   virtio-pci.m#4           
                                                   virtio-pci.m#5           
                                                   virtio-pci.m#6           
                                                   virtio-pci.m#7           
                                                   virtio-pci.m#8           
                                                   virtio-pci.m#9           
                                                   virtio-pci.m#10          
                                                   virtio-pci.m#11          
                                                   virtio-pci.m#12          
                                                   virtio-pci.m#13          
                                                   virtio-pci.m#14          
                                                   virtio-pci.m#15          
x86_reset                 119 sysreset             reset                    
x86_tsc_timer             122 timer                tsc-timer                
## Android Verified Boot 2.0 version 1.2.0
Writing 8 bytes to virtio_console_port console
Reading 8 bytes from virtio_console_port console
Writing 8 bytes to virtio_console_port console
Reading 8 bytes from virtio_console_port console
Verification passed successfully
Imported supplementary environment
Cannot find boot CPU, APIC ID 0
        mp_first_cpu() bsp: returning err=-2
Invalid CPU (err=-2)
ANDROID: reboot reason: "(none)"
      ab_select_slot() ANDROID: Invalid CRC-32 (expected 807077e9, found 00000000),re-initializing A/B metadata.
      ab_select_slot() ANDROID: Attempting slot a, tries remaining 3
## Android Verified Boot 2.0 version 1.2.0
Writing 8 bytes to virtio_console_port console
Reading 8 bytes from virtio_console_port console
Writing 8 bytes to virtio_console_port console
Reading 8 bytes from virtio_console_port console
Verification passed successfully
## Android Verified Boot 2.0 version 1.2.0
Writing 8 bytes to virtio_console_port console
Reading 8 bytes from virtio_console_port console
Writing 8 bytes to virtio_console_port console
Reading 8 bytes from virtio_console_port console
Verification passed successfully
ANDROID: Loading ramdisk from "init_boot_a", partition 4.
ANDROID: Loading kernel from "boot_a", partition 2.
ANDROID: Loading vendor ramdisk from "vendor_boot_a", partition 6.
Booting kernel at 0x02400000 with fdt at <NULL> ramdisk 0x0e400000 (0x01555672 bytes)...


Valid Boot Flag
Magic signature found
Linux kernel version 6.12.18-android16-1-g50eb8d5d443b-ab13257114 (kleaf@build-host) #1 SMP PREEMPT Fri Mar 21 17:01:42 UTC 2025
Building boot_params at 0x00090000
Loading bzImage at address 100000 (21623808 bytes)
Initial RAM disk at linear address 0x0e400000, size 22369906 bytes
Kernel command line: " printk.devkmsg=on audit=1 panic=-1 8250.nr_uarts=1 cma=0 firmware_class.path=/vendor/etc/ loop.max_part=7 init=/init bootconfig  console=hvc0 earlycon=uart8250,io,0x3f8 pnpacpi=off ramoops.mem_address=0x150000000 ramoops.mem_size=0x200000 ramoops.console_size=0x80000 ramoops.record_size=0x80000 ramoops.dump_oops=1 "
Kernel loaded at 00100000, setup_base=00090000

Starting kernel ...

[    0.000000] Linux version 6.12.18-android16-1-g50eb8d5d443b-ab13257114 (kleaf@build-host) (Android (12833971, +pgo, +bolt, +lto, +mlgo, based on r536225) clang version 19.0.1 (https://android.googlesource.com/toolchain/llvm-project b3a530ec6537146650e42be89f1089e9a3588460), LLD 19.0.1) #1 SMP PREEMPT Fri Mar 21 17:01:42 UTC 2025
[    0.000000] Command line:  printk.devkmsg=on audit=1 panic=-1 8250.nr_uarts=1 cma=0 firmware_class.path=/vendor/etc/ loop.max_part=7 init=/init bootconfig  console=hvc0 earlycon=uart8250,io,0x3f8 pnpacpi=off ramoops.mem_address=0x150000000 ramoops.mem_size=0x200000 ramoops.console_size=0x80000 ramoops.record_size=0x80000 ramoops.dump_oops=1 
[    0.000000] BIOS-provided physical RAM map:
[    0.000000] BIOS-e820: [mem 0x0000000000000000-0x000000000009ffff] usable
[    0.000000] BIOS-e820: [mem 0x00000000000a0000-0x00000000000fffff] reserved
[    0.000000] BIOS-e820: [mem 0x0000000000100000-0x00000000bed74fff] usable
[    0.000000] BIOS-e820: [mem 0x00000000bed75000-0x00000000bfffffff] reserved
[    0.000000] BIOS-e820: [mem 0x00000000e0000000-0x00000000efffffff] reserved
[    0.000000] BIOS-e820: [mem 0x0000000100000000-0x000000013fffffff] usable
[    0.000000] earlycon: uart8250 at I/O port 0x3f8 (options '')
[    0.000000] printk: legacy bootconsole [uart8250] enabled
[    0.000000] NX (Execute Disable) protection: active
[    0.000000] APIC: Static calls initialized
[    0.000000] DMI not present or invalid.
[    0.000000] Hypervisor detected: KVM
[    0.000000] kvm-clock: Using msrs 4b564d01 and 4b564d00
[    0.000001] kvm-clock: using sched offset of 3501223976 cycles
[    0.000970] clocksource: kvm-clock: mask: 0xffffffffffffffff max_cycles: 0x1cd42e4dffb, max_idle_ns: 881590591483 ns
[    0.004002] tsc: Detected 3600.000 MHz processor
[    0.005010] last_pfn = 0x140000 max_arch_pfn = 0x400000000
[    0.006219] MTRR map: 3 entries (3 fixed + 0 variable; max 19), built from 8 variable MTRRs
[    0.008089] x86/PAT: Configuration [0-7]: WB  WC  UC- UC  WB  WP  UC- WT  
[    0.009562] CPU MTRRs all blank - virtualized system.
[    0.010518] last_pfn = 0xbed75 max_arch_pfn = 0x400000000
[    0.011555] found SMP MP-table at [mem 0x000f0040-0x000f004f]
[    0.012943] Using GB pages for direct mapping
[    0.013977] RAMDISK: [mem 0x0e400000-0x0f955fff]
[    0.015537] ACPI: Early table checksum verification disabled
[    0.016575] ACPI: RSDP 0x00000000000F0130 000014 (v00 BOCHS )
[    0.017650] ACPI: RSDT 0x00000000BED7D92C 000040 (v01 BOCHS  BXPC     00000001 BXPC 00000001)
[    0.020403] ACPI: FACP 0x00000000BED7D053 000074 (v01 BOCHS  BXPC     00000001 BXPC 00000001)
[    0.022153] ACPI: DSDT 0x00000000BED7B080 001FD3 (v01 BOCHS  BXPC     00000001 BXPC 00000001)
[    0.023845] ACPI: FACS 0x00000000BED7B040 000040
[    0.024690] ACPI: APIC 0x00000000BED7D0C7 000080 (v03 BOCHS  BXPC     00000001 BXPC 00000001)
[    0.026252] ACPI: HPET 0x00000000BED7D147 000038 (v01 BOCHS  BXPC     00000001 BXPC 00000001)
[    0.027880] ACPI: SRAT 0x00000000BED7D17F 000118 (v01 BOCHS  BXPC     00000001 BXPC 00000001)
[    0.029440] ACPI: SSDT 0x00000000BED7D297 00058D (v01 BOCHS  NVDIMM   00000001 BXPC 00000001)
[    0.031009] ACPI: NFIT 0x00000000BED7D824 0000E0 (v01 BOCHS  BXPC     00000001 BXPC 00000001)
[    0.032637] ACPI: WAET 0x00000000BED7D904 000028 (v01 BOCHS  BXPC     00000001 BXPC 00000001)
[    0.034383] ACPI: Reserving FACP table memory at [mem 0xbed7d053-0xbed7d0c6]
[    0.035836] ACPI: Reserving DSDT table memory at [mem 0xbed7b080-0xbed7d052]
[    0.037278] ACPI: Reserving FACS table memory at [mem 0xbed7b040-0xbed7b07f]
[    0.038727] ACPI: Reserving APIC table memory at [mem 0xbed7d0c7-0xbed7d146]
[    0.040171] ACPI: Reserving HPET table memory at [mem 0xbed7d147-0xbed7d17e]
[    0.041617] ACPI: Reserving SRAT table memory at [mem 0xbed7d17f-0xbed7d296]
[    0.043074] ACPI: Reserving SSDT table memory at [mem 0xbed7d297-0xbed7d823]
[    0.044525] ACPI: Reserving NFIT table memory at [mem 0xbed7d824-0xbed7d903]
[    0.045970] ACPI: Reserving WAET table memory at [mem 0xbed7d904-0xbed7d92b]
[    0.047477] Zone ranges:
[    0.047997]   DMA32    [mem 0x0000000000001000-0x00000000ffffffff]
[    0.049258]   Normal   [mem 0x0000000100000000-0x000000013fffffff]
[    0.050473] Movable zone start for each node
[    0.051262] Early memory node ranges
[    0.052008]   node   0: [mem 0x0000000000001000-0x000000000009ffff]
[    0.053162]   node   0: [mem 0x0000000000100000-0x00000000bed74fff]
[    0.054307]   node   0: [mem 0x0000000100000000-0x000000013fffffff]
[    0.055476] Initmem setup node 0 [mem 0x0000000000001000-0x000000013fffffff]
[    0.056823] On node 0, zone DMA32: 1 pages in unavailable ranges
[    0.078699] On node 0, zone DMA32: 96 pages in unavailable ranges
[    0.087167] On node 0, zone Normal: 4747 pages in unavailable ranges
[    0.089555] ACPI: LAPIC_NMI (acpi_id[0xff] dfl dfl lint[0x1])
[    0.090835] IOAPIC[0]: apic_id 0, version 17, address 0xfec00000, GSI 0-23
[    0.092323] ACPI: INT_SRC_OVR (bus 0 bus_irq 0 global_irq 2 dfl dfl)
[    0.093729] ACPI: INT_SRC_OVR (bus 0 bus_irq 5 global_irq 5 high level)
[    0.095168] ACPI: INT_SRC_OVR (bus 0 bus_irq 9 global_irq 9 high level)
[    0.096522] ACPI: INT_SRC_OVR (bus 0 bus_irq 10 global_irq 10 high level)
[    0.097909] ACPI: INT_SRC_OVR (bus 0 bus_irq 11 global_irq 11 high level)
[    0.099273] ACPI: Using ACPI (MADT) for SMP configuration information
[    0.100577] ACPI: HPET id: 0x8086a201 base: 0xfed00000
[    0.101629] TSC deadline timer available
[    0.102431] CPU topo: Max. logical packages:   1
[    0.103407] CPU topo: Max. logical dies:       1
[    0.104255] CPU topo: Max. dies per package:   1
[    0.105112] CPU topo: Max. threads per core:   1
[    0.105955] CPU topo: Num. cores per package:     2
[    0.106842] CPU topo: Num. threads per package:   2
[    0.107730] CPU topo: Allowing 2 present CPUs plus 0 hotplug CPUs
[    0.109007] kvm-guest: APIC: eoi() replaced with kvm_guest_apic_eoi_write()
[    0.110367] kvm-guest: KVM setup pv remote TLB flush
[    0.111370] kvm-guest: setup PV sched yield
[    0.112224] PM: hibernation: Registered nosave memory: [mem 0x00000000-0x00000fff]
[    0.113605] PM: hibernation: Registered nosave memory: [mem 0x000a0000-0x000fffff]
[    0.114994] PM: hibernation: Registered nosave memory: [mem 0xbed75000-0xbfffffff]
[    0.116375] PM: hibernation: Registered nosave memory: [mem 0xc0000000-0xdfffffff]
[    0.117769] PM: hibernation: Registered nosave memory: [mem 0xe0000000-0xefffffff]
[    0.119148] PM: hibernation: Registered nosave memory: [mem 0xf0000000-0xffffffff]
[    0.120538] [mem 0xc0000000-0xdfffffff] available for PCI devices
[    0.121693] Booting paravirtualized kernel on KVM
[    0.122661] clocksource: refined-jiffies: mask: 0xffffffff max_cycles: 0xffffffff, max_idle_ns: 7645519600211568 ns
[    0.124883] Load bootconfig: 2391 bytes 122 nodes
[    0.125853] setup_percpu: NR_CPUS:32 nr_cpumask_bits:2 nr_cpu_ids:2 nr_node_ids:1
[    0.128346] percpu: Embedded 58 pages/cpu s199832 r8192 d29544 u1048576
[    0.129896] Kernel command line: vmw_vsock_virtio_transport_common.virtio_transport_max_vsock_pkt_buf_size=16384 console=ttynull stack_depot_disable=on cgroup_disable=pressure bootconfig  printk.devkmsg=on audit=1 panic=-1 8250.nr_uarts=1 cma=0 firmware_class.path=/vendor/etc/ loop.max_part=7 init=/init bootconfig  console=hvc0 earlycon=uart8250,io,0x3f8 pnpacpi=off ramoops.mem_address=0x150000000 ramoops.mem_size=0x200000 ramoops.console_size=0x80000 ramoops.record_size=0x80000 ramoops.dump_oops=1 
[    0.139945] cgroup: Disabling pressure control group feature
[    0.141040] audit: enabled (after initialization)
[    0.142018] random: crng init done
[    0.144402] Dentry cache hash table entries: 524288 (order: 10, 4194304 bytes, linear)
[    0.147018] Inode-cache hash table entries: 262144 (order: 9, 2097152 bytes, linear)
[    0.148776] Built 1 zonelists, mobility grouping on.  Total pages: 1043732
[    0.150547] mem auto-init: stack:all(zero), heap alloc:on, heap free:off
[    0.152044] stackdepot: disabled
[    0.152778] software IO TLB: area num 2.
[    0.195105] SLUB: HWalign=64, Order=0-3, MinObjects=0, CPUs=2, Nodes=1
[    0.196600] rcu: Preemptible hierarchical RCU implementation.
[    0.197683] rcu: 	RCU event tracing is enabled.
[    0.198665] rcu: 	RCU restricting CPUs from NR_CPUS=32 to nr_cpu_ids=2.
[    0.199917] rcu: 	RCU priority boosting: priority 1 delay 500 ms.
[    0.201066] 	Trampoline variant of Tasks RCU enabled.
[    0.202004] 	Tracing variant of Tasks RCU enabled.
[    0.202893] rcu: RCU calculated value of scheduler-enlistment delay is 25 jiffies.
[    0.204309] rcu: Adjusting geometry for rcu_fanout_leaf=16, nr_cpu_ids=2
[    0.205551] RCU Tasks: Setting shift to 1 and lim to 1 rcu_task_cb_adjust=1 rcu_task_cpu_ids=2.
[    0.207238] RCU Tasks Trace: Setting shift to 1 and lim to 1 rcu_task_cb_adjust=1 rcu_task_cpu_ids=2.
[    0.210458] NR_IRQS: 4352, nr_irqs: 440, preallocated irqs: 16
[    0.211756] rcu: 	Offload RCU callbacks from CPUs: 0-1.
[    0.212745] rcu: srcu_init: Setting srcu_struct sizes based on contention.
[    0.214081] kfence: initialized - using 524288 bytes for 63 objects at 0x(____ptrval____)-0x(____ptrval____)
[    0.216010] ACPI: Core revision 20240827
[    0.218107] clocksource: hpet: mask: 0xffffffff max_cycles: 0xffffffff, max_idle_ns: 19112604467 ns
[    0.220320] APIC: Switch to symmetric I/O mode setup
[    0.221653] x2apic enabled
[    0.222509] APIC: Switched APIC routing to: physical x2apic
[    0.223801] kvm-guest: APIC: send_IPI_mask() replaced with kvm_send_ipi_mask()
[    0.225498] kvm-guest: APIC: send_IPI_mask_allbutself() replaced with kvm_send_ipi_mask_allbutself()
[    0.227484] kvm-guest: setup PV IPIs
[    0.229157] ..TIMER: vector=0x30 apic1=0 pin1=2 apic2=-1 pin2=-1
[    0.230489] clocksource: tsc-early: mask: 0xffffffffffffffff max_cycles: 0x33e452fbb2f, max_idle_ns: 440795236593 ns
[    0.232738] Calibrating delay loop (skipped) preset value.. 7200.00 BogoMIPS (lpj=14400000)
[    0.234327] x86/cpu: User Mode Instruction Prevention (UMIP) activated
[    0.235526] Last level iTLB entries: 4KB 512, 2MB 255, 4MB 127
[    0.236739] Last level dTLB entries: 4KB 512, 2MB 255, 4MB 127, 1GB 0
[    0.237999] Spectre V1 : Mitigation: usercopy/swapgs barriers and __user pointer sanitization
[    0.239831] Spectre V2 : Mitigation: Retpolines
[    0.240738] Spectre V2 : Spectre v2 / SpectreRSB mitigation: Filling RSB on context switch
[    0.242617] Spectre V2 : Spectre v2 / SpectreRSB : Filling RSB on VMEXIT
[    0.244152] Spectre V2 : Enabling Speculation Barrier for firmware calls
[    0.244738] RETBleed: Mitigation: untrained return thunk
[    0.245943] Spectre V2 : mitigation: Enabling conditional Indirect Branch Prediction Barrier
[    0.248740] Speculative Store Bypass: Mitigation: Speculative Store Bypass disabled via prctl
[    0.250278] Speculative Return Stack Overflow: IBPB-extending microcode not applied!
[    0.251690] Speculative Return Stack Overflow: WARNING: See https://kernel.org/doc/html/latest/admin-guide/hw-vuln/srso.html for mitigation options.
[    0.251691] Speculative Return Stack Overflow: Vulnerable: Safe RET, no microcode
[    0.254128] x86/fpu: Supporting XSAVE feature 0x001: 'x87 floating point registers'
[    0.256737] x86/fpu: Supporting XSAVE feature 0x002: 'SSE registers'
[    0.257901] x86/fpu: Supporting XSAVE feature 0x004: 'AVX registers'
[    0.259075] x86/fpu: xstate_offset[2]:  576, xstate_sizes[2]:  256
[    0.260737] x86/fpu: Enabled xstate features 0x7, context size is 832 bytes, using 'compacted' format.
[    0.273632] SMP alternatives: Using kCFI
[    0.290600] Freeing SMP alternatives memory: 56K
[    0.291480] pid_max: default: 32768 minimum: 301
[    0.292362] LSM: initializing lsm=capability,selinux,bpf
[    0.292771] SELinux:  Initializing.
[    0.293816] LSM support for eBPF active
[    0.294567] Mount-cache hash table entries: 8192 (order: 4, 65536 bytes, linear)
[    0.295934] Mountpoint-cache hash table entries: 8192 (order: 4, 65536 bytes, linear)
[    0.297182] smpboot: CPU0: AMD Ryzen 7 3700X 8-Core Processor (family: 0x17, model: 0x71, stepping: 0x0)
[    0.299267] Performance Events: Fam17h+ core perfctr, AMD PMU driver.
[    0.300495] ... version:                0
[    0.300740] ... bit width:              48
[    0.301490] ... generic registers:      6
[    0.302189] ... value mask:             0000ffffffffffff
[    0.303172] ... max period:             00007fffffffffff
[    0.304142] ... fixed-purpose events:   0
[    0.304740] ... event mask:             000000000000003f
[    0.305832] signal: max sigframe size: 1776
[    0.306671] rcu: Hierarchical SRCU implementation.
[    0.307567] rcu: 	Max phase no-delay instances is 1000.
[    0.308681] Timer migration: 1 hierarchy levels; 8 children per group; 1 crossnode level
[    0.311243] dyndbg: Ignore empty _ddebug table in a CONFIG_DYNAMIC_DEBUG_CORE build
[    0.312756] smp: Bringing up secondary CPUs ...
[    0.313834] smpboot: x86: Booting SMP configuration:
[    0.314743] .... node  #0, CPUs:      #1
[    0.314887] smp: Brought up 1 node, 2 CPUs
[    0.314887] smpboot: Total of 2 processors activated (14400.00 BogoMIPS)
[    0.316852] Memory: 3964172K/4174928K available (22528K kernel code, 2173K rwdata, 15496K rodata, 3096K init, 652K bss, 206708K reserved, 0K cma-reserved)
[    0.319574] x86/mm: Memory block size: 128MB
[    0.321326] clocksource: jiffies: mask: 0xffffffff max_cycles: 0xffffffff, max_idle_ns: 7645041785100000 ns
[    0.322828] futex hash table entries: 512 (order: 3, 32768 bytes, linear)
[    0.326092] NET: Registered PF_NETLINK/PF_ROUTE protocol family
[    0.327504] audit: initializing netlink subsys (enabled)
[    0.328510] audit: type=2000 audit(1762830004.386:1): state=initialized audit_enabled=1 res=1
[    0.328510] ramoops: using module parameters
[    0.331229] pstore: Using crash dump compression: deflate
[    0.332285] printk: legacy console [ramoops-1] enabled
[    0.363006] pstore: Registered ramoops as persistent store backend
[    0.364322] ramoops: using 0x200000@0x150000000, ecc: 0
[    0.365039] thermal_sys: Registered thermal governor 'bang_bang'
[    0.365041] thermal_sys: Registered thermal governor 'step_wise'
[    0.366313] thermal_sys: Registered thermal governor 'user_space'
[    0.368742] cpuidle: using governor menu
[    0.373210] PCI: Using configuration type 1 for base access
[    0.374345] PCI: Using configuration type 1 for extended access
[    0.375385] mtrr: your CPUs had inconsistent fixed MTRR settings
[    0.375385] mtrr: your CPUs had inconsistent MTRRdefType settings
[    0.376090] mtrr: probably your BIOS does not setup all CPUs.
[    0.376891] mtrr: corrected configuration.
[    0.380743] kprobes: kprobe jump-optimization is enabled. All kprobes are optimized if possible.
[    0.382597] cryptd: max_cpu_qlen set to 1000
[    0.392844] ACPI: Added _OSI(Module Device)
[    0.393897] ACPI: Added _OSI(Processor Device)
[    0.394890] ACPI: Added _OSI(3.0 _SCP Extensions)
[    0.395935] ACPI: Added _OSI(Processor Aggregator Device)
[    0.398403] ACPI: 2 ACPI AML tables successfully acquired and loaded
[    0.400965] ACPI: Interpreter enabled
[    0.401894] ACPI: PM: (supports S0 S3 S4 S5)
[    0.402828] ACPI: Using IOAPIC for interrupt routing
[    0.403848] PCI: Using host bridge windows from ACPI; if necessary, use "pci=nocrs" and report a bug
[    0.403848] PCI: Using E820 reservations for host bridge windows
[    0.404380] ACPI: Enabled 4 GPEs in block 00 to 0F
[    0.409210] ACPI: PCI Root Bridge [PCI0] (domain 0000 [bus 00-ff])
[    0.410675] acpi PNP0A03:00: _OSC: OS supports [ExtendedConfig ASPM ClockPM Segments MSI HPX-Type3]
[    0.412937] PCI host bridge to bus 0000:00
[    0.413836] pci_bus 0000:00: root bus resource [io  0x0000-0x0cf7 window]
[    0.415334] pci_bus 0000:00: root bus resource [io  0x0d00-0xffff window]
[    0.416742] pci_bus 0000:00: root bus resource [mem 0x000a0000-0x000bffff window]
[    0.418333] pci_bus 0000:00: root bus resource [mem 0xc0000000-0xfebfffff window]
[    0.419905] pci_bus 0000:00: root bus resource [mem 0x200000000-0x27fffffff window]
[    0.424952] pci_bus 0000:00: root bus resource [bus 00-ff]
[    0.426361] pci 0000:00:00.0: [8086:1237] type 00 class 0x060000 conventional PCI endpoint
[    0.428619] pci 0000:00:01.0: [8086:7000] type 00 class 0x060100 conventional PCI endpoint
[    0.429579] pci 0000:00:01.1: [8086:7010] type 00 class 0x010180 conventional PCI endpoint
[    0.434324] pci 0000:00:01.1: BAR 4 [io  0x2000-0x200f]
[    0.436714] pci 0000:00:01.1: BAR 0 [io  0x01f0-0x01f7]: legacy IDE quirk
[    0.436926] pci 0000:00:01.1: BAR 1 [io  0x03f6]: legacy IDE quirk
[    0.438741] pci 0000:00:01.1: BAR 2 [io  0x0170-0x0177]: legacy IDE quirk
[    0.440385] pci 0000:00:01.1: BAR 3 [io  0x0376]: legacy IDE quirk
[    0.445146] pci 0000:00:01.3: [8086:7113] type 00 class 0x068000 conventional PCI endpoint
[    0.447743] pci 0000:00:01.3: quirk: [io  0xe400-0xe43f] claimed by PIIX4 ACPI
[    0.448944] pci 0000:00:01.3: quirk: [io  0xb100-0xb10f] claimed by PIIX4 SMB
[    0.451183] pci 0000:00:02.0: [1af4:1050] type 00 class 0x038000 conventional PCI endpoint
[    0.454829] pci 0000:00:02.0: BAR 1 [mem 0xc0000000-0xc0000fff]
[    0.458983] pci 0000:00:02.0: BAR 4 [mem 0xd0000000-0xd0003fff 64bit pref]
[    0.462221] pci 0000:00:03.0: [1af4:1043] type 00 class 0x078000 conventional PCI endpoint
[    0.465963] pci 0000:00:03.0: BAR 1 [mem 0xc0001000-0xc0001fff]
[    0.469040] pci 0000:00:03.0: BAR 4 [mem 0xd0004000-0xd0007fff 64bit pref]
[    0.472487] pci 0000:00:04.0: [1af4:1042] type 00 class 0x010000 conventional PCI endpoint
[    0.474042] pci 0000:00:04.0: BAR 1 [mem 0xc0002000-0xc0002fff]
[    0.476741] pci 0000:00:04.0: BAR 4 [mem 0xd0008000-0xd000bfff 64bit pref]
[    0.480268] pci 0000:00:05.0: [1af4:1042] type 00 class 0x010000 conventional PCI endpoint
[    0.485931] pci 0000:00:05.0: BAR 1 [mem 0xc0003000-0xc0003fff]
[    0.488607] pci 0000:00:05.0: BAR 4 [mem 0xd000c000-0xd000ffff 64bit pref]
[    0.490988] pci 0000:00:06.0: [1af4:1042] type 00 class 0x010000 conventional PCI endpoint
[    0.494747] pci 0000:00:06.0: BAR 1 [mem 0xc0004000-0xc0004fff]
[    0.497490] pci 0000:00:06.0: BAR 4 [mem 0xd0010000-0xd0013fff 64bit pref]
[    0.501004] pci 0000:00:07.0: [1af4:105b] type 00 class 0x00ff00 conventional PCI endpoint
[    0.505305] pci 0000:00:07.0: BAR 4 [mem 0xd0014000-0xd0017fff 64bit pref]
[    0.508647] pci 0000:00:08.0: [1af4:105b] type 00 class 0x00ff00 conventional PCI endpoint
[    0.514360] pci 0000:00:08.0: BAR 4 [mem 0xd0018000-0xd001bfff 64bit pref]
[    0.517882] pci 0000:00:09.0: [1af4:1044] type 00 class 0x00ff00 conventional PCI endpoint
[    0.520461] pci 0000:00:09.0: BAR 1 [mem 0xc0005000-0xc0005fff]
[    0.522151] pci 0000:00:09.0: BAR 4 [mem 0xd001c000-0xd001ffff 64bit pref]
[    0.525509] pci 0000:00:0a.0: [1af4:1052] type 00 class 0x090200 conventional PCI endpoint
[    0.528463] pci 0000:00:0a.0: BAR 1 [mem 0xc0006000-0xc0006fff]
[    0.530115] pci 0000:00:0a.0: BAR 4 [mem 0xd0020000-0xd0023fff 64bit pref]
[    0.533390] pci 0000:00:0b.0: [1af4:1052] type 00 class 0x090000 conventional PCI endpoint
[    0.536742] pci 0000:00:0b.0: BAR 1 [mem 0xc0007000-0xc0007fff]
[    0.539775] pci 0000:00:0b.0: BAR 4 [mem 0xd0024000-0xd0027fff 64bit pref]
[    0.542778] pci 0000:00:0c.0: [1af4:1052] type 00 class 0x098000 conventional PCI endpoint
[    0.545140] pci 0000:00:0c.0: BAR 1 [mem 0xc0008000-0xc0008fff]
[    0.548300] pci 0000:00:0c.0: BAR 4 [mem 0xd0028000-0xd002bfff 64bit pref]
[    0.550816] pci 0000:00:0d.0: [1af4:1052] type 00 class 0x098000 conventional PCI endpoint
[    0.553341] pci 0000:00:0d.0: BAR 1 [mem 0xc0009000-0xc0009fff]
[    0.555920] pci 0000:00:0d.0: BAR 4 [mem 0xd002c000-0xd002ffff 64bit pref]
[    0.562839] pci 0000:00:0e.0: [1af4:1045] type 00 class 0x00ff00 conventional PCI endpoint
[    0.565758] pci 0000:00:0e.0: BAR 4 [mem 0xd0030000-0xd0033fff 64bit pref]
[    0.569051] pci 0000:00:0f.0: [1af4:1041] type 00 class 0x020000 conventional PCI endpoint
[    0.572227] pci 0000:00:0f.0: BAR 1 [mem 0xc000a000-0xc000afff]
[    0.574148] pci 0000:00:0f.0: BAR 4 [mem 0xd0034000-0xd0037fff 64bit pref]
[    0.575945] pci 0000:00:0f.0: ROM [mem 0xc0040000-0xc007ffff pref]
[    0.578453] pci 0000:00:10.0: [1af4:1041] type 00 class 0x020000 conventional PCI endpoint
[    0.581695] pci 0000:00:10.0: BAR 1 [mem 0xc0080000-0xc0080fff]
[    0.584480] pci 0000:00:10.0: BAR 4 [mem 0xd0038000-0xd003bfff 64bit pref]
[    0.585370] pci 0000:00:10.0: ROM [mem 0xc00c0000-0xc00fffff pref]
[    0.588186] pci 0000:00:11.0: [1af4:1053] type 00 class 0x078000 conventional PCI endpoint
[    0.589947] pci 0000:00:11.0: BAR 1 [mem 0xc0100000-0xc0100fff]
[    0.592590] pci 0000:00:11.0: BAR 4 [mem 0xd003c000-0xd003ffff 64bit pref]
[    0.598768] pci 0000:00:12.0: [8086:2415] type 00 class 0x040100 conventional PCI endpoint
[    0.601653] pci 0000:00:12.0: BAR 0 [io  0x2400-0x27ff]
[    0.604055] pci 0000:00:12.0: BAR 1 [io  0x2800-0x28ff]
[    0.608057] pci 0000:00:13.0: [1b36:000d] type 00 class 0x0c0330 conventional PCI endpoint
[    0.609311] pci 0000:00:13.0: BAR 0 [mem 0xc0104000-0xc0107fff 64bit]
[    0.614010] ACPI: PCI: Interrupt link LNKA configured for IRQ 0
[    0.615206] ACPI: PCI: Interrupt link LNKA disabled
[    0.616341] ACPI: PCI: Interrupt link LNKB configured for IRQ 0
[    0.616894] ACPI: PCI: Interrupt link LNKB disabled
[    0.618020] ACPI: PCI: Interrupt link LNKC configured for IRQ 10
[    0.619364] ACPI: PCI: Interrupt link LNKD configured for IRQ 6
[    0.620619] ACPI: PCI: Interrupt link LNKS configured for IRQ 9
[    0.621418] iommu: Default domain type: Translated
[    0.622381] iommu: DMA domain TLB invalidation policy: lazy mode
[    0.623721] SCSI subsystem initialized
[    0.624500] ACPI: bus type USB registered
[    0.628876] usbcore: registered new interface driver usbfs
[    0.629981] usbcore: registered new interface driver hub
[    0.631047] usbcore: registered new device driver usb
[    0.632118] mc: Linux media interface: v0.10
[    0.632872] videodev: Linux video capture interface: v2.00
[    0.634249] EDAC MC: Ver: 3.0.0
[    0.635550] Advanced Linux Sound Architecture Driver Initialized.
[    0.637099] PCI: Using ACPI for IRQ routing
[    0.638646] vgaarb: loaded
[    0.639339] hpet0: at MMIO 0xfed00000, IRQs 2, 8, 0
[    0.640887] hpet0: 3 comparators, 64-bit 100.000000 MHz counter
[    0.644779] clocksource: Switched to clocksource kvm-clock
[    0.646621] VFS: Disk quotas dquot_6.6.0
[    0.647469] VFS: Dquot-cache hash table entries: 512 (order 0, 4096 bytes)
[    0.649020] pnp: PnP ACPI: disabled
[    0.649976] NET: Registered PF_INET protocol family
[    0.651299] IP idents hash table entries: 65536 (order: 7, 524288 bytes, linear)
[    0.668999] tcp_listen_portaddr_hash hash table entries: 2048 (order: 3, 32768 bytes, linear)
[    0.670980] Table-perturb hash table entries: 65536 (order: 6, 262144 bytes, linear)
[    0.672727] TCP established hash table entries: 32768 (order: 6, 262144 bytes, linear)
[    0.675066] TCP bind hash table entries: 32768 (order: 8, 1048576 bytes, linear)
[    0.676669] TCP: Hash tables configured (established 32768 bind 32768)
[    0.678054] UDP hash table entries: 2048 (order: 4, 65536 bytes, linear)
[    0.679483] UDP-Lite hash table entries: 2048 (order: 4, 65536 bytes, linear)
[    0.681021] NET: Registered PF_UNIX/PF_LOCAL protocol family
[    0.682217] NET: Registered PF_XDP protocol family
[    0.683270] pci_bus 0000:00: resource 4 [io  0x0000-0x0cf7 window]
[    0.684844] pci_bus 0000:00: resource 5 [io  0x0d00-0xffff window]
[    0.686327] pci_bus 0000:00: resource 6 [mem 0x000a0000-0x000bffff window]
[    0.687775] pci_bus 0000:00: resource 7 [mem 0xc0000000-0xfebfffff window]
[    0.689223] pci_bus 0000:00: resource 8 [mem 0x200000000-0x27fffffff window]
[    0.690800] pci 0000:00:01.0: PIIX3: Enabling Passive Release
[    0.692147] pci 0000:00:00.0: Limiting direct PCI/PCI transfers
[    0.724115] ACPI: \_SB_.LNKC: Enabled at IRQ 10
[    0.755510] pci 0000:00:13.0: quirk_usb_early_handoff+0x0/0x790 took 60417 usecs
[    0.757063] PCI: CLS 32 bytes, default 64
[    0.757910] PCI-DMA: Using software bounce buffering for IO (SWIOTLB)
[    0.758031] Trying to unpack rootfs image as initramfs...
[    0.759100] software IO TLB: mapped [mem 0x00000000bad75000-0x00000000bed75000] (64MB)
[    0.762284] kvm_intel: VMX not supported by CPU 1
[    0.763321] kvm_amd: TSC scaling supported
[    0.764207] kvm_amd: Nested Virtualization enabled
[    0.765207] kvm_amd: Nested Paging enabled
[    0.766074] kvm_amd: LBR virtualization supported
[    0.767081] kvm_amd: Virtual VMLOAD VMSAVE supported
[    0.768145] kvm_amd: Virtual GIF supported
[    0.779059] clocksource: tsc: mask: 0xffffffffffffffff max_cycles: 0x33e452fbb2f, max_idle_ns: 440795236593 ns
[    0.781163] platform rtc_cmos: registered platform RTC device (no PNP device found)
[    0.783208] Initialise system trusted keyrings
[    0.784237] workingset: timestamp_bits=46 max_order=20 bucket_order=0
[    0.785760] fuse: init (API version 7.41)
[    0.806220] Key type asymmetric registered
[    0.807188] Asymmetric key parser 'x509' registered
[    0.808289] Block layer SCSI generic (bsg) driver version 0.4 loaded (major 240)
[    0.809849] io scheduler mq-deadline registered
[    0.810826] io scheduler kyber registered
[    0.811719] io scheduler bfq registered
[    0.812796] input: Power Button as /devices/LNXSYSTM:00/LNXPWRBN:00/input/input0
[    0.818762] ACPI: button: Power Button [PWRF]
[    0.819900] Serial: 8250/16550 driver, 1 ports, IRQ sharing disabled
[    0.821462] serial8250: ttyS0 at I/O 0x3f8 (irq = 4, base_baud = 115200) is a 16550A
[    0.823436] printk: legacy console [ttynull0] enabled
[    0.824704] ACPI: bus type drm_connector registered
[    0.828636] brd: module loaded
[    0.831961] loop: module loaded
[    0.834765] Freeing initrd memory: 21844K
[    0.845269] wireguard: WireGuard 1.0.0 loaded. See www.wireguard.com for information.
[    0.847301] wireguard: Copyright (C) 2015-2019 Jason A. Donenfeld <Jason@zx2c4.com>. All Rights Reserved.
[    0.850390] tun: Universal TUN/TAP device driver, 1.6
[    0.881933] xhci_hcd 0000:00:13.0: xHCI Host Controller
[    0.883214] xhci_hcd 0000:00:13.0: new USB bus registered, assigned bus number 1
[    0.885311] xhci_hcd 0000:00:13.0: hcc params 0x00087001 hci version 0x100 quirks 0x0000000000000010
[    0.888195] xhci_hcd 0000:00:13.0: xHCI Host Controller
[    0.889447] xhci_hcd 0000:00:13.0: new USB bus registered, assigned bus number 2
[    0.891230] xhci_hcd 0000:00:13.0: Host supports USB 3.0 SuperSpeed
[    0.892839] usb usb1: New USB device found, idVendor=1d6b, idProduct=0002, bcdDevice= 6.12
[    0.894827] usb usb1: New USB device strings: Mfr=3, Product=2, SerialNumber=1
[    0.896580] usb usb1: Product: xHCI Host Controller
[    0.897759] usb usb1: Manufacturer: Linux 6.12.18-android16-1-g50eb8d5d443b-ab13257114 xhci-hcd
[    0.899862] usb usb1: SerialNumber: 0000:00:13.0
[    0.901064] hub 1-0:1.0: USB hub found
[    0.902010] hub 1-0:1.0: 4 ports detected
[    0.903342] usb usb2: We don't know the algorithms for LPM for this host, disabling LPM.
[    0.905359] usb usb2: New USB device found, idVendor=1d6b, idProduct=0003, bcdDevice= 6.12
[    0.907346] usb usb2: New USB device strings: Mfr=3, Product=2, SerialNumber=1
[    0.909088] usb usb2: Product: xHCI Host Controller
[    0.910317] usb usb2: Manufacturer: Linux 6.12.18-android16-1-g50eb8d5d443b-ab13257114 xhci-hcd
[    0.912413] usb usb2: SerialNumber: 0000:00:13.0
[    0.913692] hub 2-0:1.0: USB hub found
[    0.914546] hub 2-0:1.0: 4 ports detected
[    0.915850] usbcore: registered new interface driver uas
[    0.916972] usbcore: registered new interface driver usb-storage
[    0.918273] i8042: PNP: No PS/2 controller found.
[    0.919288] i8042: Probing ports directly.
[    0.920960] serio: i8042 KBD port at 0x60,0x64 irq 1
[    0.922023] serio: i8042 AUX port at 0x60,0x64 irq 12
[    0.923469] input: AT Raw Set 2 keyboard as /devices/platform/i8042/serio0/input/input1
[    0.925256] usbcore: registered new interface driver xpad
[    0.926429] rtc_cmos rtc_cmos: RTC can wake from S4
[    0.928112] rtc_cmos rtc_cmos: registered as rtc0
[    0.929166] rtc_cmos rtc_cmos: setting system clock to 2025-11-11T03:00:05 UTC (1762830005)
[    0.930954] rtc_cmos rtc_cmos: alarms up to one day, y3k, 114 bytes nvram, hpet irqs
[    0.932623] gspca_main: v2.14.0 registered
[    0.933488] usbcore: registered new interface driver uvcvideo
[    0.934671] device-mapper: uevent: version 1.0.3
[    0.935669] device-mapper: ioctl: 4.48.0-ioctl (2023-03-01) initialised: dm-devel@lists.linux.dev
[    0.937638] amd_pstate: the _CPC object is not present in SBIOS or ACPI disabled
[    0.939217] sdhci: Secure Digital Host Controller Interface driver
[    0.940509] sdhci: Copyright(c) Pierre Ossman
[    0.941424] sdhci-pltfm: SDHCI platform and OF driver helper
[    0.942659] hid: raw HID events driver (C) Jiri Kosina
[    0.944042] usbcore: registered new interface driver usbhid
[    0.945204] usbhid: USB HID core driver
[    0.946034] ashmem_rust: Using Rust implementation.
[    0.946190] usbcore: registered new interface driver snd-usb-audio
[    0.948588] GACT probability NOT on
[    0.949334] Mirror/redirect action on
[    0.950097] netem: version 1.3
[    0.950761] u32 classifier
[    0.951336]     input device check on
[    0.952106]     Actions configured
[    0.953504] xt_time: kernel timezone is -0000
[    0.954435] ipip: IPv4 and MPLS over IPv4 tunneling driver
[    0.955647] gre: GRE over IPv4 demultiplexor driver
[    0.956643] ip_gre: GRE over IPv4 tunneling driver
[    0.957881] IPv4 over IPsec tunneling driver
[    0.958924] Initializing XFRM netlink socket
[    0.959930] IPsec XFRM device driver
[    0.960769] NET: Registered PF_INET6 protocol family
[    0.962536] Segment Routing with IPv6
[    0.963414] In-situ OAM (IOAM) with IPv6
[    0.964361] mip6: Mobile IPv6
[    0.965222] sit: IPv6, IPv4 and MPLS over IPv4 tunneling driver
[    0.966731] ip6_gre: GRE over IPv6 tunneling driver
[    0.967899] NET: Registered PF_PACKET protocol family
[    0.969055] NET: Registered PF_KEY protocol family
[    0.970269] NET: Registered PF_VSOCK protocol family
[    0.971566] IPI shorthand broadcast: enabled
[    0.972525] AES CTR mode by8 optimization enabled
[    0.977062] sched_clock: Marking stable (960003190, 14696520)->(983275575, -8575865)
[    0.979081] registered taskstats version 1
[    0.980067] Loading compiled-in X.509 certificates
[    0.981571] Loaded X.509 cert 'Build time autogenerated kernel key: 4dcd184ac7973ac97ec937a2f603db90b193326d'
[    0.987655] page_owner is disabled
[    0.988429] Key type .fscrypt registered
[    0.989280] Key type fscrypt-provisioning registered
[    1.008008] ALSA device list:
[    1.008650]   No soundcards found.
[    1.009866] Freeing unused kernel image (initmem) memory: 3096K
[    1.011134] Write protecting the kernel read-only data: 38912k
[    1.012792] Freeing unused kernel image (rodata/data gap) memory: 888K
[    1.014365] Run /init as init process
[    1.016214] init: init first stage started!
[    1.017583] init: Loading module /lib/modules/failover.ko with args ''
[    1.019615] init: Loaded kernel module /lib/modules/failover.ko
[    1.021122] init: Loading module /lib/modules/nd_virtio.ko with args ''
[    1.022915] init: Loaded kernel module /lib/modules/nd_virtio.ko
[    1.024257] init: Loading module /lib/modules/net_failover.ko with args ''
[    1.025966] init: Loaded kernel module /lib/modules/net_failover.ko
[    1.027305] init: Loading module /lib/modules/virtio_dma_buf.ko with args ''
[    1.028937] init: Loaded kernel module /lib/modules/virtio_dma_buf.ko
[    1.030288] init: Loading module /lib/modules/virtio-gpu.ko with args ''
[    1.033723] init: Loaded kernel module /lib/modules/virtio-gpu.ko
[    1.035095] init: Loading module /lib/modules/virtio_input.ko with args ''
[    1.036779] init: Loaded kernel module /lib/modules/virtio_input.ko
[    1.038177] init: Loading module /lib/modules/virtio_net.ko with args ''
[    1.040811] init: Loaded kernel module /lib/modules/virtio_net.ko
[    1.042170] init: Loading module /lib/modules/virtio-rng.ko with args ''
[    1.044212] init: Loaded kernel module /lib/modules/virtio-rng.ko
[    1.045721] init: Loading module /lib/modules/libarc4.ko with args ''
[    1.047942] init: Loaded kernel module /lib/modules/libarc4.ko
[    1.049385] init: Loading module /lib/modules/rfkill.ko with args ''
[    1.051854] init: Loaded kernel module /lib/modules/rfkill.ko
[    1.053081] init: Loading module /lib/modules/cfg80211.ko with args ''
[    1.064672] cfg80211: Loading compiled-in X.509 certificates for regulatory database
[    1.066428] Loaded X.509 cert 'sforshee: 00b28ddf47aef9cea7'
[    1.067741] Loaded X.509 cert 'wens: 61c038651aabdcf94bd0ac7ff06c7248db18c600'
[    1.069500] platform regulatory.0: Direct firmware load for regulatory.db failed with error -2
[    1.071623] cfg80211: failed to load regulatory.db
[    1.075412] init: Loaded kernel module /lib/modules/cfg80211.ko
[    1.076689] init: Loading module /lib/modules/mac80211.ko with args ''
[    1.089563] init: Loaded kernel module /lib/modules/mac80211.ko
[    1.091145] init: Loading module /lib/modules/mac80211_hwsim.ko with args 'radios=0'
[    1.093941] mac80211_hwsim: initializing netlink
[    1.095148] init: Loaded kernel module /lib/modules/mac80211_hwsim.ko
[    1.096554] init: Loading module /lib/modules/virtio_blk.ko with args ''
[    1.098723] init: Loaded kernel module /lib/modules/virtio_blk.ko
[    1.100044] init: Loading module /lib/modules/virtio_console.ko with args ''
[    1.102332] init: Loaded kernel module /lib/modules/virtio_console.ko
[    1.103976] init: Loading module /lib/modules/virtio_pci_modern_dev.ko with args ''
[    1.106130] init: Loaded kernel module /lib/modules/virtio_pci_modern_dev.ko
[    1.107653] init: Loading module /lib/modules/virtio_pci_legacy_dev.ko with args ''
[    1.109879] init: Loaded kernel module /lib/modules/virtio_pci_legacy_dev.ko
[    1.111534] init: Loading module /lib/modules/virtio_pci.ko with args ''
[    1.145182] ACPI: \_SB_.LNKB: Enabled at IRQ 11
[    1.147434] [drm] pci: virtio-gpu-pci detected at 0000:00:02.0
[    1.149011] [drm] features: -virgl +edid -resource_blob -host_visible
[    1.149013] [drm] features: -context_init
[    1.152418] [drm] number of scanouts: 1
[    1.153309] [drm] number of cap sets: 0
[    1.154480] [drm] Initialized virtio_gpu 0.1.0 for 0000:00:02.0 on minor 0
[    1.208627] printk: legacy console [hvc0] enabled
[    1.209778] printk: legacy bootconsole [uart8250] disabled
[    1.229566] ACPI: \_SB_.LNKD: Enabled at IRQ 11
[    1.231420] virtio_blk virtio2: 2/0/0 default/read/poll queues
[    1.232752] virtio_blk virtio2: [vda] 32148608 512-byte logical blocks (16.5 GB/15.3 GiB)
[    1.234264]  vda: vda1 vda2 vda3 vda4 vda5 vda6 vda7 vda8 vda9 vda10 vda11 vda12 vda13 vda14 vda15 vda16 vda17 vda18
[    1.265543] ACPI: \_SB_.LNKA: Enabled at IRQ 10
[    1.267327] virtio_blk virtio3: 2/0/0 default/read/poll queues
[    1.268601] virtio_blk virtio3: [vdb] 2560 512-byte logical blocks (1.31 MB/1.25 MiB)
[    1.269899]  vdb: vdb1 vdb2 vdb3 vdb4
[    1.301614] virtio_blk virtio4: 2/0/0 default/read/poll queues
[    1.303450] virtio_blk virtio4: [vdc] 4194304 512-byte logical blocks (2.15 GB/2.00 GiB)
[    1.304263]  vdc: vdc1
[    1.432875] input: QEMU Virtio Mouse as /devices/pci0000:00/0000:00:0a.0/virtio8/input/input3
[    1.465421] input: QEMU Virtio Keyboard as /devices/pci0000:00/0000:00:0b.0/virtio9/input/input4
[    1.499777] input: Cuttlefish Vhost User Switches 0 as /devices/pci0000:00/0000:00:0c.0/virtio10/input/input5
[    1.533873] input: Cuttlefish Vhost User Rotary 0 as /devices/pci0000:00/0000:00:0d.0/virtio11/input/input6
[    1.660204] init: Loaded kernel module /lib/modules/virtio_pci.ko
[    1.660496] init: Loading module /lib/modules/vmw_vsock_virtio_transport.ko with args ''
[    1.663409] init: Loaded kernel module /lib/modules/vmw_vsock_virtio_transport.ko
[    1.663750] init: Loaded 19 modules from /lib/modules
[    1.663981] init: Loaded 19 kernel modules took 646 ms
[    1.664346] init: Copied ramdisk prop to /second_stage_resources/system/etc/ramdisk/build.prop
[    1.664740] init: Using generic ramdisk copy of snapuserd /system/bin/snapuserd_ramdisk
[    1.665066] init: hard linking /system/bin/snapuserd_ramdisk to /first_stage_ramdisk/system/bin/snapuserd succeeded
[    1.665552] init: Switching root to '/first_stage_ramdisk'
[    1.665863] init: [libfstab] Using Android DT directory /proc/device-tree/firmware/android/
[    1.666218] init: [libfstab] ReadFstabFromDt(): failed to read fstab from dt
[    1.671625] init: [libfs_mgr] Invalid ext4 superblock on '/dev/block/by-name/metadata'
[    1.672052] init: [libfs_mgr] Invalid ext4 superblock on '/dev/block/by-name/metadata'
[    1.675069] init: [libfs_mgr] Created logical partition product_a on device /dev/block/dm-0
[    1.675448] init: [libfs_mgr] Skipping zero-length logical partition: product_b
[    1.676012] init: [libfs_mgr] Created logical partition system_a on device /dev/block/dm-1
[    1.676570] init: [libfs_mgr] Created logical partition system_b on device /dev/block/dm-2
[    1.677135] init: [libfs_mgr] Created logical partition system_ext_a on device /dev/block/dm-3
[    1.677483] init: [libfs_mgr] Skipping zero-length logical partition: system_ext_b
[    1.678021] init: [libfs_mgr] Created logical partition system_dlkm_a on device /dev/block/dm-4
[    1.678382] init: [libfs_mgr] Skipping zero-length logical partition: system_dlkm_b
[    1.678942] init: [libfs_mgr] Created logical partition odm_a on device /dev/block/dm-5
[    1.679270] init: [libfs_mgr] Skipping zero-length logical partition: odm_b
[    1.679756] init: [libfs_mgr] Created logical partition vendor_a on device /dev/block/dm-6
[    1.680090] init: [libfs_mgr] Skipping zero-length logical partition: vendor_b
[    1.680636] init: [libfs_mgr] Created logical partition vendor_dlkm_a on device /dev/block/dm-7
[    1.681010] init: [libfs_mgr] Skipping zero-length logical partition: vendor_dlkm_b
[    1.681545] init: [libfs_mgr] Created logical partition odm_dlkm_a on device /dev/block/dm-8
[    1.681900] init: [libfs_mgr] Skipping zero-length logical partition: odm_dlkm_b
[    1.682224] init: DSU not detected, proceeding with normal boot
[    1.686187] init: [libfs_avb] Returning avb_handle with status: Success
[    1.686668] init: [libfs_avb] : Error verifying vbmeta image: OK_NOT_SIGNED
[    1.687034] init: [libfs_avb] public key data shouldn't be empty for /system
[    1.687350] init: [libfs_avb] Found unknown public key used to sign /system
[    1.687641] init: [libfs_avb] Returning avb_handle for '/system' with status: VerificationError
[    1.688042] init: [libfs_avb] Built verity table: '1 /dev/block/dm-1 /dev/block/dm-1 4096 4096 173472 173472 sha256 50ec6037f9292966eaed3736f967174326e3d01773e2e33b0b51e60d70e5b3bd 580b175bb5dc541fbd6b3432a2e2fec813ebc8851774a9ada7be86ce5d225de5 10 use_fec_from_device /dev/block/dm-1 fec_roots 2 fec_blocks 174840 fec_start 174840 restart_on_corruption ignore_zero_blocks'
[    1.689354] device-mapper: verity: sha256 using shash "sha256-ni" (multibuffer)
[    1.691381] erofs: (device dm-9): mounted with root inode @ nid 56.
[    1.691660] init: [libfs_mgr] __mount(source=/dev/block/dm-9,target=/system,type=erofs)=0: Success
[    1.692106] init: Switching root to '/system'
[    1.693973] init: [libfs_avb] Built verity table: '1 /dev/block/dm-5 /dev/block/dm-5 4096 4096 96 96 sha256 f9b59fa9cbf453f1ec6509b804d580f46f529ed441ecd96830106e6979b92e2f 580b175bb5dc541fbd6b3432a2e2fec813ebc8851774a9ada7be86ce5d225de5 10 use_fec_from_device /dev/block/dm-5 fec_roots 2 fec_blocks 97 fec_start 97 restart_on_corruption ignore_zero_blocks'
[    1.695199] device-mapper: verity: sha256 using shash "sha256-ni" (multibuffer)
[    1.696230] erofs: (device dm-10): mounted with root inode @ nid 38.
[    1.696497] init: [libfs_mgr] __mount(source=/dev/block/dm-10,target=/odm,type=erofs)=0: Success
[    1.696976] init: [libfs_avb] Built verity table: '1 /dev/block/dm-0 /dev/block/dm-0 4096 4096 59262 59262 sha256 fc992826e2222596e1794311e8b87ee5e903ba4c18acdf48526e5b99cb3b5cf8 580b175bb5dc541fbd6b3432a2e2fec813ebc8851774a9ada7be86ce5d225de5 10 use_fec_from_device /dev/block/dm-0 fec_roots 2 fec_blocks 59730 fec_start 59730 restart_on_corruption ignore_zero_blocks'
[    1.698219] device-mapper: verity: sha256 using shash "sha256-ni" (multibuffer)
[    1.705146] erofs: (device dm-11): mounted with root inode @ nid 40.
[    1.705432] init: [libfs_mgr] __mount(source=/dev/block/dm-11,target=/product,type=erofs)=0: Success
[    1.705934] init: [libfs_avb] Built verity table: '1 /dev/block/dm-3 /dev/block/dm-3 4096 4096 77576 77576 blake2b-256 48e1bc464f6388990d2a578df755160c8c813fc5f26747308590d4e4562028d3 580b175bb5dc541fbd6b3432a2e2fec813ebc8851774a9ada7be86ce5d225de5 10 use_fec_from_device /dev/block/dm-3 fec_roots 2 fec_blocks 78189 fec_start 78189 restart_on_corruption ignore_zero_blocks'
[    1.707311] device-mapper: verity: blake2b-256 using shash "blake2b-256-generic"
[    1.708542] erofs: (device dm-12): mounted with root inode @ nid 39.
[    1.708831] init: [libfs_mgr] __mount(source=/dev/block/dm-12,target=/system_ext,type=erofs)=0: Success
[    1.709348] init: [libfs_avb] Built verity table: '1 /dev/block/dm-6 /dev/block/dm-6 4096 4096 57716 57716 sha256 7ee8c5b7553c5846cd840c4a643118d0cfc5a96d19882f253c5cd864a2a2ef92 580b175bb5dc541fbd6b3432a2e2fec813ebc8851774a9ada7be86ce5d225de5 10 use_fec_from_device /dev/block/dm-6 fec_roots 2 fec_blocks 58172 fec_start 58172 restart_on_corruption ignore_zero_blocks'
[    1.710739] device-mapper: verity: sha256 using shash "sha256-ni" (multibuffer)
[    1.711924] erofs: (device dm-13): mounted with root inode @ nid 48.
[    1.712214] init: [libfs_mgr] __mount(source=/dev/block/dm-13,target=/vendor,type=erofs)=0: Success
[    1.712734] init: [libfs_avb] Built verity table: '1 /dev/block/dm-7 /dev/block/dm-7 4096 4096 241 241 sha256 979829de7dcc6920047b7b4f44c0395b9d4e199c8bbaf4d63f4d8be55e744ca8 580b175bb5dc541fbd6b3432a2e2fec813ebc8851774a9ada7be86ce5d225de5 10 use_fec_from_device /dev/block/dm-7 fec_roots 2 fec_blocks 244 fec_start 244 restart_on_corruption ignore_zero_blocks'
[    1.713944] device-mapper: verity: sha256 using shash "sha256-ni" (multibuffer)
[    1.715137] erofs: (device dm-14): mounted with root inode @ nid 39.
[    1.715405] init: [libfs_mgr] __mount(source=/dev/block/dm-14,target=/vendor_dlkm,type=erofs)=0: Success
[    1.715904] init: [libfs_avb] Built verity table: '1 /dev/block/dm-8 /dev/block/dm-8 4096 4096 10 10 sha256 52379ccfc7312c8cc7a559593dc595664182c9bd1250ac8f6c346068b2c93463 580b175bb5dc541fbd6b3432a2e2fec813ebc8851774a9ada7be86ce5d225de5 10 use_fec_from_device /dev/block/dm-8 fec_roots 2 fec_blocks 11 fec_start 11 restart_on_corruption ignore_zero_blocks'
[    1.717208] device-mapper: verity: sha256 using shash "sha256-ni" (multibuffer)
[    1.718301] erofs: (device dm-15): mounted with root inode @ nid 38.
[    1.718569] init: [libfs_mgr] __mount(source=/dev/block/dm-15,target=/odm_dlkm,type=erofs)=0: Success
[    1.719247] init: [libfs_avb] : Error verifying vbmeta image: OK_NOT_SIGNED
[    1.719592] init: [libfs_avb] public key data shouldn't be empty for /system_dlkm
[    1.719909] init: [libfs_avb] Found unknown public key used to sign /system_dlkm
[    1.720218] init: [libfs_avb] Returning avb_handle for '/system_dlkm' with status: VerificationError
[    1.720573] init: Image rollback detected for /system_dlkm, SPL switches from '' to ''
[    1.720911] init: Allowing rollbacked standalone image when the device is unlocked
[    1.721255] init: [libfs_avb] Built verity table: '1 /dev/block/dm-4 /dev/block/dm-4 4096 4096 1926 1926 sha256 dfbfe560f03d43189ae6bd5acc3df6fcc636bc40d878426284659d01e33b2108 580b175bb5dc541fbd6b3432a2e2fec813ebc8851774a9ada7be86ce5d225de5 10 use_fec_from_device /dev/block/dm-4 fec_roots 2 fec_blocks 1943 fec_start 1943 restart_on_corruption ignore_zero_blocks'
[    1.722524] device-mapper: verity: sha256 using shash "sha256-ni" (multibuffer)
[    1.723638] erofs: (device dm-16): mounted with root inode @ nid 38.
[    1.723906] init: [libfs_mgr] __mount(source=/dev/block/dm-16,target=/system_dlkm,type=erofs)=0: Success
[    1.734528] init: Skipped setting INIT_AVB_VERSION (not in recovery mode)
[    1.779575] init: [libfstab] Using Android DT directory /proc/device-tree/firmware/android/
[    1.781317] init: Opening SELinux policy
[    1.784514] init: Loading SELinux policy
[    1.794004] SELinux:  policy capability network_peer_controls=1
[    1.794285] SELinux:  policy capability open_perms=1
[    1.794490] SELinux:  policy capability extended_socket_class=1
[    1.794753] SELinux:  policy capability always_check_network=0
[    1.794998] SELinux:  policy capability cgroup_seclabel=0
[    1.795223] SELinux:  policy capability nnp_nosuid_transition=1
[    1.795476] SELinux:  policy capability genfs_seclabel_symlinks=0
[    1.795737] SELinux:  policy capability ioctl_skip_cloexec=0
[    1.795968] SELinux:  policy capability userspace_initial_context=0
[    1.800696] audit: type=1403 audit(1762830006.352:2): auid=4294967295 ses=4294967295 lsm=selinux res=1
[    1.801112] audit: type=1300 audit(1762830006.352:2): arch=c000003e syscall=1 success=yes exit=779526 a0=4 a1=7f26c9d2eaf0 a2=be506 a3=0 items=0 ppid=0 pid=1 auid=4294967295 uid=0 gid=0 euid=0 suid=0 fsuid=0 egid=0 sgid=0 fsgid=0 tty=(none) ses=4294967295 comm="init" exe="/system/bin/init" subj=u:r:kernel:s0 key=(null)
[    1.802296] audit: type=1327 audit(1762830006.352:2): proctitle=2F73797374656D2F62696E2F696E69740073656C696E75785F7365747570
[    1.802782] audit: type=1404 audit(1762830006.368:3): enforcing=1 old_enforcing=0 auid=4294967295 ses=4294967295 enabled=1 old-enabled=1 lsm=selinux res=1
[    1.803351] audit: type=1300 audit(1762830006.368:3): arch=c000003e syscall=1 success=yes exit=1 a0=4 a1=7fff6093a020 a2=1 a3=ffffffff items=0 ppid=0 pid=1 auid=4294967295 uid=0 gid=0 euid=0 suid=0 fsuid=0 egid=0 sgid=0 fsgid=0 tty=(none) ses=4294967295 comm="init" exe="/system/bin/init" subj=u:r:kernel:s0 key=(null)
[    1.803429] selinux: SELinux: Loaded file context from:
[    1.803731] audit: type=1327 audit(1762830006.368:3): proctitle=2F73797374656D2F62696E2F696E69740073656C696E75785F7365747570
[    1.803803] selinux: 		/system/etc/selinux/plat_file_contexts
[    1.805235] selinux: 		/system_ext/etc/selinux/system_ext_file_contexts
[    1.805508] selinux: 		/product/etc/selinux/product_file_contexts
[    1.805761] selinux: 		/vendor/etc/selinux/vendor_file_contexts
[    1.806012] selinux: 		/odm/etc/selinux/odm_file_contexts
[    1.813477] init: init second stage started!
[    1.819500] selinux: SELinux: Loaded file context from:
[    1.819750] selinux: 		/system/etc/selinux/plat_file_contexts
[    1.820001] selinux: 		/system_ext/etc/selinux/system_ext_file_contexts
[    1.820275] selinux: 		/product/etc/selinux/product_file_contexts
[    1.820528] selinux: 		/vendor/etc/selinux/vendor_file_contexts
[    1.820781] selinux: 		/odm/etc/selinux/odm_file_contexts
[    1.836375] init: [libfstab] Using Android DT directory /proc/device-tree/firmware/android/
[    1.839085] init: Overriding previous property 'ro.config.notification_sound':'OnTheHunt.ogg' with new value 'pixiedust.ogg'
[    1.839542] init: Overriding previous property 'ro.com.android.dataroaming':'false' with new value 'true'
[    1.840694] init: Setting product property ro.product.brand to 'generic' (from ro.product.product.brand)
[    1.841082] init: Setting product property ro.product.device to 'vsoc_x86_64_only' (from ro.product.product.device)
[    1.841497] init: Setting product property ro.product.manufacturer to 'Google' (from ro.product.product.manufacturer)
[    1.841905] init: Setting product property ro.product.model to 'Cuttlefish x86_64 phone 64-bit only' (from ro.product.product.model)
[    1.842357] init: Setting product property ro.product.name to 'aosp_cf_x86_64_only_phone' (from ro.product.product.name)
[    1.842812] init: Setting property 'ro.build.fingerprint' to 'generic/aosp_cf_x86_64_only_phone/vsoc_x86_64_only:16/BP2A.250605.031.A2.dd3c58ec/14085914:userdebug/test-keys'
[    1.843403] init: Setting property 'ro.build.legacy.fingerprint' to 'generic/aosp_cf_x86_64_only_phone/vsoc_x86_64_only:16/BP2A.250605.031.A2/14085914:userdebug/test-keys'
[    1.843999] init: Setting property 'ro.product.cpu.abilist' to 'x86_64,arm64-v8a'
[    1.844318] init: Setting property 'ro.product.cpu.abilist32' to ''
[    1.844586] init: Setting property 'ro.product.cpu.abilist64' to 'x86_64,arm64-v8a'
[    1.845064] init: Running restorecon...
[    1.852313] init: Created socket '/dev/socket/property_service_for_system', mode 660, user 0, group 1000
[    1.852802] init: Created socket '/dev/socket/property_service', mode 666, user 0, group 0
[    1.853625] init: [libfs_mgr] vendor overlay: vndk version not defined
[    1.854483] init: SetupMountNamespaces done
[    1.855590] init: Forked subcontext for 'u:r:vendor_init:s0' with pid 97
[    1.856568] init: Parsing file /system/etc/init/hw/init.rc...
[    1.857392] init: Added '/init.environ.rc' to import list
[    1.857652] init: Added '/system/etc/init/hw/init.usb.rc' to import list
[    1.857952] init: Added '/init.cutf_cvm.rc' to import list
[    1.858220] init: Added '/vendor/etc/init/hw/init.cutf_cvm.rc' to import list
[    1.858557] init: Added '/system/etc/init/hw/init.usb.configfs.rc' to import list
[    1.858920] init: Added '/system/etc/init/hw/init.zygote64.rc' to import list
[    1.859485] init: Added '/system/etc/init/hw/init.boringssl.zygote64.rc' to import list
[    1.860315] init: Parsing file /init.environ.rc...
[    1.860599] init: Parsing file /system/etc/init/hw/init.usb.rc...
[    1.861118] init: Parsing file /init.cutf_cvm.rc...
[    1.861370] init: Unable to read config file '/init.cutf_cvm.rc': open() failed: No such file or directory
[    1.861894] init: Parsing file /vendor/etc/init/hw/init.cutf_cvm.rc...
[    1.862198] init: Unable to read config file '/vendor/etc/init/hw/init.cutf_cvm.rc': open() failed: No such file or directory
[    1.862728] init: Parsing file /system/etc/init/hw/init.usb.configfs.rc...
[    1.863305] init: Parsing file /system/etc/init/hw/init.zygote64.rc...
[    1.863661] init: Parsing file /system/etc/init/hw/init.boringssl.zygote64.rc...
[    1.864028] init: Parsing directory /system/etc/init...
[    1.864327] init: Parsing file /system/etc/init/aconfigd.rc...
[    1.864820] init: Parsing file /system/etc/init/android.system.suspend-service.rc...
[    1.865173] init: Parsing file /system/etc/init/apexd.rc...
[    1.865440] init: Parsing file /system/etc/init/atrace.rc...
[    1.866211] init: Parsing file /system/etc/init/atrace_userdebug.rc...
[    1.866747] init: Parsing file /system/etc/init/audioserver.rc...
[    1.867073] init: Parsing file /system/etc/init/blank_screen.rc...
[    1.867363] init: Parsing file /system/etc/init/bootanim.rc...
[    1.867866] init: Parsing file /system/etc/init/bootstat-debug.rc...
[    1.868154] init: Parsing file /system/etc/init/bootstat.rc...
[    1.868580] init: Parsing file /system/etc/init/cameraserver.rc...
[    1.868873] init: Parsing file /system/etc/init/clean_scratch_files.rc...
[    1.869175] init: Parsing file /system/etc/init/cppreopts.rc...
[    1.869474] init: Parsing file /system/etc/init/credstore.rc...
[    1.869754] init: Parsing file /system/etc/init/dmesgd.rc...
[    1.870029] init: Parsing file /system/etc/init/drmserver.rc...
[    1.870328] init: Parsing file /system/etc/init/dumpstate.rc...
[    1.870619] init: Parsing file /system/etc/init/flags_health_check.rc...
[    1.870945] init: Parsing file /system/etc/init/gatekeeperd.rc...
[    1.871262] init: Parsing file /system/etc/init/gpuservice.rc...
[    1.871580] init: Parsing file /system/etc/init/gsid.rc...
[    1.871904] init: Parsing file /system/etc/init/heapprofd.rc...
[    1.872389] init: Parsing file /system/etc/init/idmap2d.rc...
[    1.872683] init: Parsing file /system/etc/init/incidentd.rc...
[    1.872970] init: Parsing file /system/etc/init/init-debug.rc...
[    1.873265] init: Parsing file /system/etc/init/init-mmd-prop.rc...
[    1.873657] init: Parsing file /system/etc/init/installd.rc...
[    1.874083] init: Parsing file /system/etc/init/kcmdlinectrl.rc...
[    1.874376] init: Parsing file /system/etc/init/keystore2.rc...
[    1.874663] init: Parsing file /system/etc/init/llkd-debuggable.rc...
[    1.874987] init: Parsing file /system/etc/init/llkd.rc...
[    1.875265] init: Parsing file /system/etc/init/lmkd.rc...
[    1.875647] init: Parsing file /system/etc/init/logcatd.rc...
[    1.876047] init: Parsing file /system/etc/init/logd.rc...
[    1.876331] init: Parsing file /system/etc/init/logtagd.rc...
[    1.876607] init: Parsing file /system/etc/init/lpdumpd.rc...
[    1.876900] init: Parsing file /system/etc/init/mdnsd.rc...
[    1.877171] init: Parsing file /system/etc/init/mediaextractor.rc...
[    1.877552] init: Parsing file /system/etc/init/mediametrics.rc...
[    1.877839] init: Parsing file /system/etc/init/mediaserver.rc...
[    1.878135] init: Parsing file /system/etc/init/misctrl.rc...
[    1.878415] init: Parsing file /system/etc/init/mtectrl.rc...
[    1.878734] init: Parsing file /system/etc/init/netbpfload.rc...
[    1.879121] init: Parsing file /system/etc/init/netd.rc...
[    1.879498] init: Parsing file /system/etc/init/odsign.rc...
[    1.879782] init: Parsing file /system/etc/init/otapreopt.rc...
[    1.880065] init: Parsing file /system/etc/init/perfetto.rc...
[    1.880546] init: Parsing file /system/etc/init/prefetch.rc...
[    1.880842] init: Parsing file /system/etc/init/prng_seeder.rc...
[    1.881136] init: Parsing file /system/etc/init/profcollectd.rc...
[    1.881529] init: Parsing file /system/etc/init/recovery-persist.rc...
[    1.881822] init: Parsing file /system/etc/init/recovery-refresh.rc...
[    1.882115] init: Parsing file /system/etc/init/rss_hwm_reset.rc...
[    1.882420] init: Parsing file /system/etc/init/servicemanager.rc...
[    1.882734] init: Parsing file /system/etc/init/simpleperf.rc...
[    1.883009] init: Parsing file /system/etc/init/snapuserd.rc...
[    1.883309] init: Parsing file /system/etc/init/storaged.rc...
[    1.883575] init: Parsing file /system/etc/init/surfaceflinger.rc...
[    1.883872] init: Parsing file /system/etc/init/tombstoned.rc...
[    1.884292] init: Parsing file /system/etc/init/traced_perf.rc...
[    1.884592] init: Parsing file /system/etc/init/tradeinmode.rc...
[    1.884873] init: Parsing file /system/etc/init/uncrypt.rc...
[    1.885163] init: Parsing file /system/etc/init/update_engine.rc...
[    1.885458] init: Parsing file /system/etc/init/update_verifier.rc...
[    1.885751] init: Parsing file /system/etc/init/usbd.rc...
[    1.886012] init: Parsing file /system/etc/init/virtual_camera.hal.rc...
[    1.886311] init: Parsing file /system/etc/init/vold.rc...
[    1.886563] init: Parsing file /system/etc/init/wifi.rc...
[    1.886982] init: Parsing file /system/etc/init/wificond.rc...
[    1.887277] init: Parsing directory /system_ext/etc/init...
[    1.887525] init: Parsing file /system_ext/etc/init/aidl_lazy_cb_test_server.rc...
[    1.887963] init: Parsing file /system_ext/etc/init/aidl_lazy_test_server.rc...
[    1.888304] init: Parsing file /system_ext/etc/init/android.hardware.audio.parameter_parser.example_service.rc...
[    1.888735] init: Parsing file /system_ext/etc/init/android.hardware.security.keymint-service.trusty_system_vm.rc...
[    1.889172] init: Parsing file /system_ext/etc/init/android.hidl.allocator@1.0-service.rc...
[    1.889534] init: Parsing file /system_ext/etc/init/hwservicemanager.rc...
[    1.889938] init: Parsing file /system_ext/etc/init/rpmb_dev.system.rc...
[    1.890267] init: Parsing file /system_ext/etc/init/rpmb_dev.test.system.rc...
[    1.890737] init: Parsing file /system_ext/etc/init/trusty_security_vm_launcher.rc...
[    1.891073] init: Parsing directory /vendor/etc/init...
[    1.891319] init: Parsing file /vendor/etc/init/android.hardware.security.keymint-service.trusty_tee.cpp.rc...
[    1.891817] init: Parsing file /vendor/etc/init/android.hardware.security.keymint-service.trusty_tee.rc...
[    1.892224] init: Parsing file /vendor/etc/init/boringssl_self_test.rc...
[    1.892613] init: Added '/vendor/etc/boringssl_self_test.zygote64.rc' to import list
[    1.892935] init: Parsing file /vendor/etc/boringssl_self_test.zygote64.rc...
[    1.893466] init: Parsing file /vendor/etc/init/face-default.rc...
[    1.893758] init: Parsing file /vendor/etc/init/fingerprint-default.rc...
[    1.894060] init: Parsing file /vendor/etc/init/init.cutf_cvm.rc...
[    1.894630] init: Parsing file /vendor/etc/init/init_graphics.vendor.rc...
[    1.895083] init: Parsing file /vendor/etc/init/seriallogging.rc...
[    1.895391] init: Parsing file /odm/etc/init...
[    1.895608] init: Unable to read config file '/odm/etc/init': open() failed: No such file or directory
[    1.895973] init: Parsing directory /product/etc/init...
[    1.896212] init: Parsing file /product/etc/init/init.rc...
[    1.896954] init: processing action (SetupCgroups) from (<Builtin Action>:0)
[    1.898147] libprocessgroup: Failed to mount controller cpuset: No such device
[    1.898437] libprocessgroup: Failed to setup cpuset cgroup
[    1.898684] libprocessgroup: Using system/app isolation under: /sys/fs/cgroup
[    1.904802] init: processing action (SetKptrRestrict) from (<Builtin Action>:0)
[    1.905209] init: processing action (TestPerfEventSelinux) from (<Builtin Action>:0)
[    1.905704] init: processing action (early-init) from (/system/etc/init/hw/init.rc:15)
[    1.907491] init: starting service 'ueventd'...
[    1.910559] libprocessgroup: A JoinCgroup action in the SystemMemoryProcess profile is used for controller memory in the cgroup v2 hierarchy and will be ignored
[    1.911582] init: ... started service 'ueventd' has pid 98
[    1.912667] init: starting service 'apexd-bootstrap'...
[    1.914688] init: ... started service 'apexd-bootstrap' has pid 99
[    1.915007] init: SVC_EXEC service 'apexd-bootstrap' pid 99 (uid 0 gid 1000+0 context default) started; waiting...
[    1.920370] ueventd: ueventd started!
[    1.921707] selinux: SELinux: Loaded file context from:
[    1.921939] selinux: 		/system/etc/selinux/plat_file_contexts
[    1.922219] selinux: 		/system_ext/etc/selinux/system_ext_file_contexts
[    1.922527] selinux: 		/product/etc/selinux/product_file_contexts
[    1.922830] selinux: 		/vendor/etc/selinux/vendor_file_contexts
[    1.923107] selinux: 		/odm/etc/selinux/odm_file_contexts
[    1.923605] ueventd: Parsing file /system/etc/ueventd.rc...
[    1.923865] ueventd: Added '/vendor/etc/ueventd.rc' to import list
[    1.924133] ueventd: Added '/odm/etc/ueventd.rc' to import list
[    1.924508] ueventd: Parsing file /vendor/etc/ueventd.rc...
[    1.924782] ueventd: Parsing file /odm/etc/ueventd.rc...
[    1.925016] ueventd: Unable to read config file '/odm/etc/ueventd.rc': open() failed: No such file or directory
[    1.938329] apexd: Started. subcommand = --bootstrap
[    1.939006] apexd-bootstrap: Scanning /odm/apex for pre-installed ApexFiles
[    1.939304] apexd-bootstrap: /odm/apex does not exist. Skipping
[    1.939568] apexd-bootstrap: Scanning /vendor/apex for pre-installed ApexFiles
[    1.940005] apexd-bootstrap: Found pre-installed APEX /vendor/apex/com.android.hardware.audio.apex
[    1.940368] apexd-bootstrap: Found pre-installed APEX /vendor/apex/com.android.hardware.authsecret.apex
[    1.940738] apexd-bootstrap: Found pre-installed APEX /vendor/apex/com.android.hardware.boot.apex
[    1.941100] apexd-bootstrap: Found pre-installed APEX /vendor/apex/com.android.hardware.cas.apex
[    1.941457] apexd-bootstrap: Found pre-installed APEX /vendor/apex/com.android.hardware.contexthub.apex
[    1.941829] apexd-bootstrap: Found pre-installed APEX /vendor/apex/com.android.hardware.drm.clearkey.apex
[    1.942204] apexd-bootstrap: Found pre-installed APEX /vendor/apex/com.android.hardware.dumpstate.apex
[    1.942567] apexd-bootstrap: Found pre-installed APEX /vendor/apex/com.android.hardware.gatekeeper.cf_remote.apex
[    1.942991] apexd-bootstrap: Found pre-installed APEX /vendor/apex/com.android.hardware.gatekeeper.nonsecure.apex
[    1.943531] apexd-bootstrap: Found pre-installed APEX /vendor/apex/com.android.hardware.gnss.apex
[    1.943915] apexd-bootstrap: Found pre-installed APEX /vendor/apex/com.android.hardware.graphics.composer.drm_hwcomposer.apex
[    1.944361] apexd-bootstrap: Found pre-installed APEX /vendor/apex/com.android.hardware.graphics.composer.ranchu.apex
[    1.944813] apexd-bootstrap: Found pre-installed APEX /vendor/apex/com.android.hardware.input.processor.apex
[    1.945236] apexd-bootstrap: Found pre-installed APEX /vendor/apex/com.android.hardware.keymint.rust_cf_guest_trusty_nonsecure.apex
[    1.945691] apexd-bootstrap: Found pre-installed APEX /vendor/apex/com.android.hardware.keymint.rust_cf_remote.apex
[    1.946104] apexd-bootstrap: Found pre-installed APEX /vendor/apex/com.android.hardware.keymint.rust_nonsecure.apex
[    1.946586] apexd-bootstrap: Found pre-installed APEX /vendor/apex/com.android.hardware.memtrack.apex
[    1.946967] apexd-bootstrap: Found pre-installed APEX /vendor/apex/com.android.hardware.net.nlinterceptor.apex
[    1.947367] apexd-bootstrap: Found pre-installed APEX /vendor/apex/com.android.hardware.neuralnetworks.apex
[    1.947751] apexd-bootstrap: Found pre-installed APEX /vendor/apex/com.android.hardware.power.apex
[    1.948109] apexd-bootstrap: Found pre-installed APEX /vendor/apex/com.android.hardware.rebootescrow.apex
[    1.948464] apexd-bootstrap: Found pre-installed APEX /vendor/apex/com.android.hardware.secure_element.apex
[    1.948834] apexd-bootstrap: Found pre-installed APEX /vendor/apex/com.android.hardware.security.authgraph.apex
[    1.949245] apexd-bootstrap: Found pre-installed APEX /vendor/apex/com.android.hardware.security.secretkeeper.apex
[    1.949642] apexd-bootstrap: Found pre-installed APEX /vendor/apex/com.android.hardware.sensors.apex
[    1.949994] apexd-bootstrap: Found pre-installed APEX /vendor/apex/com.android.hardware.tetheroffload.apex
[    1.950372] apexd-bootstrap: Found pre-installed APEX /vendor/apex/com.android.hardware.thermal.apex
[    1.950744] apexd-bootstrap: Found pre-installed APEX /vendor/apex/com.android.hardware.threadnetwork.apex
[    1.951121] apexd-bootstrap: Found pre-installed APEX /vendor/apex/com.android.hardware.usb.apex
[    1.951466] apexd-bootstrap: Found pre-installed APEX /vendor/apex/com.android.hardware.uwb.apex
[    1.951823] apexd-bootstrap: Found pre-installed APEX /vendor/apex/com.android.hardware.vibrator.apex
[    1.952188] apexd-bootstrap: Found pre-installed APEX /vendor/apex/com.android.hardware.wifi.apex
[    1.952540] apexd-bootstrap: Found pre-installed APEX /vendor/apex/com.google.cf.bt.apex
[    1.952893] apexd-bootstrap: Found pre-installed APEX /vendor/apex/com.google.cf.confirmationui.apex
[    1.953262] apexd-bootstrap: Found pre-installed APEX /vendor/apex/com.google.cf.gralloc.apex
[    1.953606] apexd-bootstrap: Found pre-installed APEX /vendor/apex/com.google.cf.health.apex
[    1.953938] apexd-bootstrap: Found pre-installed APEX /vendor/apex/com.google.cf.health.storage.apex
[    1.954297] apexd-bootstrap: Found pre-installed APEX /vendor/apex/com.google.cf.identity.apex
[    1.954640] apexd-bootstrap: Found pre-installed APEX /vendor/apex/com.google.cf.input.config.apex
[    1.955019] apexd-bootstrap: Found pre-installed APEX /vendor/apex/com.google.cf.ir.apex
[    1.955370] apexd-bootstrap: Found pre-installed APEX /vendor/apex/com.google.cf.light.apex
[    1.955698] apexd-bootstrap: Found pre-installed APEX /vendor/apex/com.google.cf.nfc.apex
[    1.956019] apexd-bootstrap: Found pre-installed APEX /vendor/apex/com.google.cf.oemlock.apex
[    1.956370] apexd-bootstrap: Found pre-installed APEX /vendor/apex/com.google.cf.rild.apex
[    1.956691] apexd-bootstrap: Found pre-installed APEX /vendor/apex/com.google.cf.vulkan.apex
[    1.957025] apexd-bootstrap: Found pre-installed APEX /vendor/apex/com.google.cf.wifi.apex
[    1.957350] apexd-bootstrap: Found pre-installed APEX /vendor/apex/com.google.cf.wpa_supplicant.apex
[    2.006398] apexd-bootstrap: Found pre-installed APEX /vendor/apex/com.google.emulated.camera.provider.hal.apex
[    2.006848] apexd-bootstrap: Found pre-installed APEX /vendor/apex/com.google.emulated.camera.provider.hal.fastscenecycle.apex
[    2.007310] apexd-bootstrap: Scanning /product/apex for pre-installed ApexFiles
[    2.007652] apexd-bootstrap: /product/apex does not exist. Skipping
[    2.007919] apexd-bootstrap: Scanning /system_ext/apex for pre-installed ApexFiles
[    2.008282] apexd-bootstrap: Found pre-installed APEX /system_ext/apex/com.android.compos.apex
[    2.008630] apexd-bootstrap: Found pre-installed APEX /system_ext/apex/com.android.hardware.biometrics.face.virtual.apex
[    2.009042] apexd-bootstrap: Found pre-installed APEX /system_ext/apex/com.android.hardware.biometrics.fingerprint.virtual.apex
[    2.009494] apexd-bootstrap: Found pre-installed APEX /system_ext/apex/com.android.vndk.v30.apex
[    2.009838] apexd-bootstrap: Found pre-installed APEX /system_ext/apex/com.android.vndk.v31.apex
[    2.010189] apexd-bootstrap: Found pre-installed APEX /system_ext/apex/com.android.vndk.v32.apex
[    2.010536] apexd-bootstrap: Found pre-installed APEX /system_ext/apex/com.android.vndk.v33.apex
[    2.010900] apexd-bootstrap: Found pre-installed APEX /system_ext/apex/com.android.vndk.v34.apex
[    2.011260] apexd-bootstrap: Scanning /system/apex for pre-installed ApexFiles
[    2.011613] apexd-bootstrap: Found pre-installed APEX /system/apex/com.android.adbd.capex
[    2.011938] apexd-bootstrap: Found pre-installed APEX /system/apex/com.android.adservices.capex
[    2.012296] apexd-bootstrap: Found pre-installed APEX /system/apex/com.android.apex.cts.shim.apex
[    2.012656] apexd-bootstrap: Found pre-installed APEX /system/apex/com.android.appsearch.capex
[    2.012999] apexd-bootstrap: Found pre-installed APEX /system/apex/com.android.art.capex
[    2.013317] apexd-bootstrap: Found pre-installed APEX /system/apex/com.android.bt.apex
[    2.013630] apexd-bootstrap: Found pre-installed APEX /system/apex/com.android.cellbroadcast.capex
[    2.013984] apexd-bootstrap: Found pre-installed APEX /system/apex/com.android.configinfrastructure.capex
[    2.014363] apexd-bootstrap: Found pre-installed APEX /system/apex/com.android.conscrypt.capex
[    2.014743] apexd-bootstrap: Found pre-installed APEX /system/apex/com.android.crashrecovery.capex
[    2.015105] apexd-bootstrap: Found pre-installed APEX /system/apex/com.android.devicelock.apex
[    2.015452] apexd-bootstrap: Found pre-installed APEX /system/apex/com.android.extservices.capex
[    2.015811] apexd-bootstrap: Found pre-installed APEX /system/apex/com.android.healthfitness.apex
[    2.016173] apexd-bootstrap: Found pre-installed APEX /system/apex/com.android.i18n.apex
[    2.016489] apexd-bootstrap: Found pre-installed APEX /system/apex/com.android.ipsec.capex
[    2.016810] apexd-bootstrap: Found pre-installed APEX /system/apex/com.android.media.capex
[    2.017136] apexd-bootstrap: Found pre-installed APEX /system/apex/com.android.media.swcodec.capex
[    2.017489] apexd-bootstrap: Found pre-installed APEX /system/apex/com.android.mediaprovider.capex
[    2.017841] apexd-bootstrap: Found pre-installed APEX /system/apex/com.android.neuralnetworks.capex
[    2.018204] apexd-bootstrap: Found pre-installed APEX /system/apex/com.android.nfcservices.capex
[    2.018550] apexd-bootstrap: Found pre-installed APEX /system/apex/com.android.ondevicepersonalization.capex
[    2.018943] apexd-bootstrap: Found pre-installed APEX /system/apex/com.android.os.statsd.apex
[    2.019294] apexd-bootstrap: Found pre-installed APEX /system/apex/com.android.permission.capex
[    2.019647] apexd-bootstrap: Found pre-installed APEX /system/apex/com.android.profiling.capex
[    2.019991] apexd-bootstrap: Found pre-installed APEX /system/apex/com.android.resolv.capex
[    2.020326] apexd-bootstrap: Found pre-installed APEX /system/apex/com.android.rkpd.apex
[    2.020639] apexd-bootstrap: Found pre-installed APEX /system/apex/com.android.runtime.apex
[    2.020965] apexd-bootstrap: Found pre-installed APEX /system/apex/com.android.scheduling.capex
[    2.021328] apexd-bootstrap: Found pre-installed APEX /system/apex/com.android.sdkext.apex
[    2.021648] apexd-bootstrap: Found pre-installed APEX /system/apex/com.android.tethering.capex
[    2.021993] apexd-bootstrap: Found pre-installed APEX /system/apex/com.android.tzdata.apex
[    2.022320] apexd-bootstrap: Found pre-installed APEX /system/apex/com.android.uprobestats.capex
[    2.022664] apexd-bootstrap: Found pre-installed APEX /system/apex/com.android.uwb.capex
[    2.022996] apexd-bootstrap: Found pre-installed APEX /system/apex/com.android.virt.apex
[    2.023316] apexd-bootstrap: Found pre-installed APEX /system/apex/com.android.wifi.capex
[    2.065688] apexd-bootstrap: Skipping APEX at path /vendor/apex/com.android.hardware.gatekeeper.cf_remote.apex because it does not match expected multi-install APEX property for com.android.hardware.gatekeeper
[    2.066422] apexd-bootstrap: Found APEX at path /vendor/apex/com.android.hardware.gatekeeper.nonsecure.apex for multi-install APEX com.android.hardware.gatekeeper
[    2.067022] apexd-bootstrap: Skipping APEX at path /vendor/apex/com.android.hardware.graphics.composer.drm_hwcomposer.apex because it does not match expected multi-install APEX property for com.android.hardware.graphics.composer
[    2.067801] apexd-bootstrap: Found APEX at path /vendor/apex/com.android.hardware.graphics.composer.ranchu.apex for multi-install APEX com.android.hardware.graphics.composer
[    2.068405] apexd-bootstrap: Skipping APEX at path /vendor/apex/com.android.hardware.keymint.rust_cf_guest_trusty_nonsecure.apex because it does not match expected multi-install APEX property for com.android.hardware.keymint
[    2.069148] apexd-bootstrap: Skipping APEX at path /vendor/apex/com.android.hardware.keymint.rust_cf_remote.apex because it does not match expected multi-install APEX property for com.android.hardware.keymint
[    2.069834] apexd-bootstrap: Found APEX at path /vendor/apex/com.android.hardware.keymint.rust_nonsecure.apex for multi-install APEX com.android.hardware.keymint
[    2.070450] apexd-bootstrap: Found APEX at path /vendor/apex/com.google.emulated.camera.provider.hal.apex for multi-install APEX com.google.emulated.camera.provider.hal
[    2.071043] apexd-bootstrap: Skipping APEX at path /vendor/apex/com.google.emulated.camera.provider.hal.fastscenecycle.apex because it does not match expected multi-install APEX property for com.google.emulated.camera.provider.hal
[    2.071893] apexd-bootstrap: Found bootstrap APEX /system/apex/com.android.tzdata.apex
[    2.072217] apexd-bootstrap: Found bootstrap APEX /vendor/apex/com.google.cf.vulkan.apex
[    2.072532] apexd-bootstrap: Found bootstrap APEX /system/apex/com.android.runtime.apex
[    2.072852] apexd-bootstrap: Found bootstrap APEX /vendor/apex/com.google.cf.gralloc.apex
[    2.073178] apexd-bootstrap: Found bootstrap APEX /system/apex/com.android.virt.apex
[    2.073484] apexd-bootstrap: Found bootstrap APEX /vendor/apex/com.android.hardware.boot.apex
[    2.073830] apexd-bootstrap: Found bootstrap APEX /vendor/apex/com.android.hardware.gatekeeper.nonsecure.apex
[    2.074227] apexd-bootstrap: Found bootstrap APEX /system/apex/com.android.i18n.apex
[    2.074534] apexd-bootstrap: Found bootstrap APEX /vendor/apex/com.android.hardware.keymint.rust_nonsecure.apex
[    2.074957] apexd-bootstrap: Found bootstrap APEX /vendor/apex/com.android.hardware.graphics.composer.ranchu.apex
[    2.075384] apexd-bootstrap: Need to pre-allocate 97 loop devices
[    2.092937] ueventd: Coldboot took 0.167 seconds
[    2.092945] apexd-bootstrap: Found 16 idle loopback devices that were pre-allocated by kernel. Allocated 81 more.
[    2.197786] loop0: detected capacity change from 0 to 1672
[    2.198644] loop1: detected capacity change from 0 to 65424
[    2.199136] loop2: detected capacity change from 0 to 9776
[    2.199556] loop3: detected capacity change from 0 to 5984
[    2.199986] loop4: detected capacity change from 0 to 175296
[    2.200365] loop5: detected capacity change from 0 to 904
[    2.200767] loop6: detected capacity change from 0 to 8744
[    2.201141] loop7: detected capacity change from 0 to 73464
[    2.201555] loop8: detected capacity change from 0 to 20384
[    2.201921] loop9: detected capacity change from 0 to 13416
[    2.271795] EXT4-fs (loop8): mounted filesystem 7d1522e1-9dfa-5edb-a43e-98e3a4d20250 ro without journal. Quota mode: none.
[    2.272286] apexd-bootstrap: Successfully mounted package /vendor/apex/com.android.hardware.keymint.rust_nonsecure.apex on /apex/com.android.hardware.keymint@1 duration=73
[    2.273168] EXT4-fs (loop0): mounted filesystem 7d1522e1-9dfa-5edb-a43e-98e3a4d20250 ro without journal. Quota mode: none.
[    2.273573] apexd-bootstrap: Successfully mounted package /system/apex/com.android.tzdata.apex on /apex/com.android.tzdata@360499999 duration=75
[    2.288762] EXT4-fs (loop1): mounted filesystem 7d1522e1-9dfa-5edb-a43e-98e3a4d20250 ro without journal. Quota mode: none.
[    2.289241] apexd-bootstrap: Successfully mounted package /vendor/apex/com.google.cf.vulkan.apex on /apex/com.google.cf.vulkan@1 duration=91
[    2.292923] EXT4-fs (loop3): mounted filesystem 7d1522e1-9dfa-5edb-a43e-98e3a4d20250 ro without journal. Quota mode: none.
[    2.293402] apexd-bootstrap: Successfully mounted package /vendor/apex/com.google.cf.gralloc.apex on /apex/com.google.cf.gralloc@1 duration=95
[    2.296993] EXT4-fs (loop9): mounted filesystem 7d1522e1-9dfa-5edb-a43e-98e3a4d20250 ro without journal. Quota mode: none.
[    2.297468] apexd-bootstrap: Successfully mounted package /vendor/apex/com.android.hardware.graphics.composer.ranchu.apex on /apex/com.android.hardware.graphics.composer@1 duration=99
[    2.298589] EXT4-fs (loop5): mounted filesystem 7d1522e1-9dfa-5edb-a43e-98e3a4d20250 ro without journal. Quota mode: none.
[    2.299077] apexd-bootstrap: Successfully mounted package /vendor/apex/com.android.hardware.boot.apex on /apex/com.android.hardware.boot@1 duration=100
[    2.299702] EXT4-fs (loop4): mounted filesystem 7d1522e1-9dfa-5edb-a43e-98e3a4d20250 ro without journal. Quota mode: none.
[    2.300208] apexd-bootstrap: Successfully mounted package /system/apex/com.android.virt.apex on /apex/com.android.virt@3 duration=101
[    2.300799] EXT4-fs (loop7): mounted filesystem 7d1522e1-9dfa-5edb-a43e-98e3a4d20250 ro without journal. Quota mode: none.
[    2.300825] EXT4-fs (loop2): mounted filesystem 7d1522e1-9dfa-5edb-a43e-98e3a4d20250 ro without journal. Quota mode: none.
[    2.301014] apexd-bootstrap: Successfully mounted package /system/apex/com.android.i18n.apex on /apex/com.android.i18n@1 duration=102
[    2.301194] apexd-bootstrap: Successfully mounted package /system/apex/com.android.runtime.apex on /apex/com.android.runtime@1 duration=103
[    2.302769] EXT4-fs (loop6): mounted filesystem 7d1522e1-9dfa-5edb-a43e-98e3a4d20250 ro without journal. Quota mode: none.
[    2.303233] apexd-bootstrap: Successfully mounted package /vendor/apex/com.android.hardware.gatekeeper.nonsecure.apex on /apex/com.android.hardware.gatekeeper@1 duration=104
[    2.306902] apexd-bootstrap: Activated 10 packages.
[    2.309598] SELinux: SELinux: Loaded file context from:
[    2.310173] SELinux: 		/system/etc/selinux/plat_file_contexts
[    2.310769] SELinux: 		/system_ext/etc/selinux/system_ext_file_contexts
[    2.311365] SELinux: 		/product/etc/selinux/product_file_contexts
[    2.311968] SELinux: 		/vendor/etc/selinux/vendor_file_contexts
[    2.312537] SELinux: 		/odm/etc/selinux/odm_file_contexts
[    2.314182] apexd-bootstrap: OnBootstrap done, duration=375
[    2.330204] init: Service 'apexd-bootstrap' (pid 99) exited with status 0 waiting took 0.416000 seconds
[    2.330612] init: Sending signal 9 to service 'apexd-bootstrap' (pid 99) process group...
[    2.331110] libprocessgroup: Removed cgroup /sys/fs/cgroup/system/uid_0/pid_99
[    2.335525] init: Parsing file /apex/com.android.hardware.boot/etc/android.hardware.boot-service.default.rc...
[    2.336136] init: Parsing file /apex/com.android.hardware.gatekeeper/etc/android.hardware.gatekeeper-service.nonsecure.rc...
[    2.336773] init: Parsing file /apex/com.android.hardware.graphics.composer/etc/hwc3-apex.rc...
[    2.337331] init: Parsing file /apex/com.android.hardware.keymint/etc/android.hardware.security.keymint-service.nonsecure.apex.rc...
[    2.337979] init: Parsing file /apex/com.android.virt/etc/vfio_handler.rc...
[    2.338587] init: Parsing file /apex/com.android.virt/etc/virtualizationservice.rc...
[    2.339242] init: Parsing file /apex/com.android.virt/etc/vmnic.rc...
[    2.339706] init: Parsing file /apex/com.google.cf.gralloc/etc/com.google.cf.gralloc.rc...
[    2.340221] init: Parsing file /apex/com.google.cf.vulkan/etc/com.google.cf.vulkan.rc...
[    2.360417] init: linkerconfig generated /linkerconfig with mounted APEX modules info
[    2.361774] init: processing action (early-init) from (/init.environ.rc:2)
[    2.362196] init: processing action (ro.product.debugfs_restrictions.enabled=true && early-init) from (/system/etc/init/init-debug.rc:10)
[    2.363039] init: processing action (early-init) from (/system/etc/init/prng_seeder.rc:5)
[    2.363727] init: starting service 'prng_seeder'...
[    2.364073] init: Created socket '/dev/socket/prng_seeder', mode 666, user 1092, group 1092
[    2.366652] init: ... started service 'prng_seeder' has pid 304
[    2.367024] init: processing action (ro.product.cpu.abilist64=* && early-init) from (/vendor/etc/boringssl_self_test.zygote64.rc:1)
[    2.367684] init: starting service 'boringssl_self_test64_vendor'...
[    2.370164] init: ... started service 'boringssl_self_test64_vendor' has pid 305
[    2.370543] init: SVC_EXEC service 'boringssl_self_test64_vendor' pid 305 (uid 0 gid 0+0 context default) started; waiting...
[    2.382365] init: Service 'boringssl_self_test64_vendor' (pid 305) exited with status 0 waiting took 0.013000 seconds
[    2.382934] init: Sending signal 9 to service 'boringssl_self_test64_vendor' (pid 305) process group...
[    2.383528] libprocessgroup: Removed cgroup /sys/fs/cgroup/system/uid_0/pid_305
[    2.384123] init: processing action (early-init) from (/vendor/etc/init/init.cutf_cvm.rc:1)
[    2.385018] init: starting service 'vendor.dlkm_loader'...
[    2.387268] init: ... started service 'vendor.dlkm_loader' has pid 306
[    2.388851] init: starting service 'exec 1 (/system/bin/modprobe -a -d /system/lib/modules zram.ko)'...
[    2.390772] init: ... started service 'exec 1 (/system/bin/modprobe -a -d /system/lib/modules zram.ko)' has pid 307
[    2.391916] init: SVC_EXEC service 'exec 1 (/system/bin/modprobe -a -d /system/lib/modules zram.ko)' pid 307 (uid 0 gid 0+0 context u:r:modprobe:s0) started; waiting...
[    2.393274] dlkm_loader: dlkm loader successfully initialized
[    2.396286] dlkm_loader: Loading module /vendor/lib/modules/dummy-cpufreq.ko with args ''
[    2.397992] dlkm_loader: Loaded kernel module /vendor/lib/modules/dummy-cpufreq.ko
[    2.398767] dlkm_loader: Loading module /vendor/lib/modules/dummy_hcd.ko with args ''
[    2.400156] dummy_hcd dummy_hcd.0: USB Host+Gadget Emulator, driver 02 May 2005
[    2.400479] dummy_hcd dummy_hcd.0: Dummy host controller
[    2.400722] dummy_hcd dummy_hcd.0: new USB bus registered, assigned bus number 3
[    2.401111] usb usb3: New USB device found, idVendor=1d6b, idProduct=0002, bcdDevice= 6.12
[    2.401466] usb usb3: New USB device strings: Mfr=3, Product=2, SerialNumber=1
[    2.401763] usb usb3: Product: Dummy host controller
[    2.401971] usb usb3: Manufacturer: Linux 6.12.18-android16-1-g50eb8d5d443b-ab13257114 dummy_hcd
[    2.402321] usb usb3: SerialNumber: dummy_hcd.0
[    2.403833] hub 3-0:1.0: USB hub found
[    2.405017] zram: Added device: zram0
[    2.405264] hub 3-0:1.0: 1 port detected
[    2.405680] dlkm_loader: Loaded kernel module /vendor/lib/modules/dummy_hcd.ko
[    2.406018] dlkm_loader: Loading module /vendor/lib/modules/goldfish_address_space.ko with args ''
[    2.406825] init: Service 'exec 1 (/system/bin/modprobe -a -d /system/lib/modules zram.ko)' (pid 307) exited with status 0 waiting took 0.017000 seconds
[    2.407347] goldfish_address_space: loading out-of-tree module taints kernel.
[    2.407350] init: Sending signal 9 to service 'exec 1 (/system/bin/modprobe -a -d /system/lib/modules zram.ko)' (pid 307) process group...
[    2.408288] libprocessgroup: Removed cgroup /sys/fs/cgroup/system/uid_0/pid_307
[    2.408627] dlkm_loader: Loaded kernel module /vendor/lib/modules/goldfish_address_space.ko
[    2.408850] init: wait for '/dev/dri/card0' took 0ms
[    2.409073] dlkm_loader: Loading module /vendor/lib/modules/goldfish_battery.ko with args ''
[    2.409473] init: starting service 'exec 2 (/vendor/bin/modprobe -d /vendor/lib/modules vkms.ko create_default_dev=0)'...
[    2.410476] dlkm_loader: Loaded kernel module /vendor/lib/modules/goldfish_battery.ko
[    2.410966] dlkm_loader: Loading module /vendor/lib/modules/goldfish_pipe.ko with args ''
[    2.411767] init: ... started service 'exec 2 (/vendor/bin/modprobe -d /vendor/lib/modules vkms.ko create_default_dev=0)' has pid 310
[    2.412136] dlkm_loader: Loaded kernel module /vendor/lib/modules/goldfish_pipe.ko
[    2.412178] init: SVC_EXEC service 'exec 2 (/vendor/bin/modprobe -d /vendor/lib/modules vkms.ko create_default_dev=0)' pid 310 (uid 0 gid 0+0 context u:r:vendor_modprobe:s0) started; waiting...
[    2.412371] dlkm_loader: Loading module /vendor/lib/modules/goldfish_sync.ko with args ''
[    2.414311] dlkm_loader: Loaded kernel module /vendor/lib/modules/goldfish_sync.ko
[    2.414887] dlkm_loader: Loading module /system/lib/modules/can-dev.ko with args ''
[    2.416587] CAN device driver interface
[    2.417066] dlkm_loader: Loaded kernel module /system/lib/modules/can-dev.ko
[    2.417416] dlkm_loader: Loading module /vendor/lib/modules/gs_usb.ko with args ''
[    2.418498] usbcore: registered new interface driver gs_usb
[    2.418984] dlkm_loader: Loaded kernel module /vendor/lib/modules/gs_usb.ko
[    2.419439] dlkm_loader: Loading module /system/lib/modules/rfkill.ko with args ''
[    2.420826] dlkm_loader: Loading module /system/lib/modules/bluetooth.ko with args ''
[    2.421924] init: Service 'exec 2 (/vendor/bin/modprobe -d /vendor/lib/modules vkms.ko create_default_dev=0)' (pid 310) exited with status 0 waiting took 0.011000 seconds
[    2.422456] init: Sending signal 9 to service 'exec 2 (/vendor/bin/modprobe -d /vendor/lib/modules vkms.ko create_default_dev=0)' (pid 310) process group...
[    2.423216] libprocessgroup: Removed cgroup /sys/fs/cgroup/system/uid_0/pid_310
[    2.423543] init: processing action (early-init) from (/vendor/etc/init/init.cutf_cvm.rc:135)
[    2.424063] init: processing action (early-init) from (/vendor/etc/init/init_graphics.vendor.rc:1)
[    2.424959] init: Command 'setprop ro.vendor.hwcomposer.mode ${ro.boot.hardware.hwcomposer.mode}' action=early-init (/vendor/etc/init/init_graphics.vendor.rc:11) took 0ms and failed: property 'ro.boot.hardware.hwcomposer.mode' doesn't exist while expanding '${ro.boot.hardware.hwcomposer.mode}'
[    2.426198] init: Command 'setprop debug.hwui.renderer ${ro.boot.hardware.guest_hwui_renderer}' action=early-init (/vendor/etc/init/init_graphics.vendor.rc:17) took 0ms and failed: property 'ro.boot.hardware.guest_hwui_renderer' doesn't exist while expanding '${ro.boot.hardware.guest_hwui_renderer}'
[    2.427161] init: Command 'setprop ro.zygote.disable_gl_preload ${ro.boot.hardware.guest_disable_renderer_preload}' action=early-init (/vendor/etc/init/init_graphics.vendor.rc:18) took 0ms and failed: property 'ro.boot.hardware.guest_disable_renderer_preload' doesn't exist while expanding '${ro.boot.hardware.guest_disable_renderer_preload}'
[    2.428154] init: processing action (ConnectEarlyStageSnapuserd) from (<Builtin Action>:0)
[    2.428510] init: processing action (wait_for_coldboot_done) from (<Builtin Action>:0)
[    2.428820] init: start_waiting_for_property("ro.cold_boot_done", "true"): already set
[    2.429134] init: processing action (CheckTradeInModeStatus) from (<Builtin Action>:0)
[    2.429355] Bluetooth: Core ver 2.22
[    2.429447] init: processing action (SetMmapRndBits) from (<Builtin Action>:0)
[    2.429749] NET: Registered PF_BLUETOOTH protocol family
[    2.430151] Bluetooth: HCI device and connection manager initialized
[    2.430178] init: processing action (KeychordInit) from (<Builtin Action>:0)
[    2.430339] Bluetooth: HCI socket layer initialized
[    2.430511] init: EVIOCSMASK not supported: Invalid argument
[    2.430544] Bluetooth: L2CAP socket layer initialized
[    2.431487] Bluetooth: SCO socket layer initialized
[    2.432062] init: processing action (init) from (/system/etc/init/hw/init.rc:103)
[    2.434587] init: Command 'write /dev/blkio/blkio.weight 1000' action=init (/system/etc/init/hw/init.rc:204) took 0ms and failed: Unable to write to file '/dev/blkio/blkio.weight': open() failed: Permission denied
[    2.434882] dlkm_loader: Loaded kernel module /system/lib/modules/bluetooth.ko
[    2.435404] init: Command 'write /dev/blkio/background/blkio.weight 200' action=init (/system/etc/init/hw/init.rc:205) took 0ms and failed: Unable to write to file '/dev/blkio/background/blkio.weight': open() failed: Permission denied
[    2.435445] dlkm_loader: Loading module /vendor/lib/modules/hci_vhci.ko with args ''
[    2.435839] init: Command 'write /dev/blkio/blkio.group_idle 0' action=init (/system/etc/init/hw/init.rc:207) took 0ms and failed: Unable to write to file '/dev/blkio/blkio.group_idle': open() failed: Permission denied
[    2.437455] init: Command 'write /dev/blkio/background/blkio.group_idle 0' action=init (/system/etc/init/hw/init.rc:208) took 0ms and failed: Unable to write to file '/dev/blkio/background/blkio.group_idle': open() failed: Permission denied
[    2.438194] dlkm_loader: Loaded kernel module /vendor/lib/modules/hci_vhci.ko
[    2.438730] dlkm_loader: Loading module /vendor/lib/modules/mt76.ko with args ''
[    2.441608] dlkm_loader: Loaded kernel module /vendor/lib/modules/mt76.ko
[    2.441906] dlkm_loader: Loading module /vendor/lib/modules/mt76-usb.ko with args ''
[    2.442300] init: Command 'copy /dev/cpuset/cpus /dev/cpuset/foreground/cpus' action=init (/system/etc/init/hw/init.rc:314) took 0ms and failed: Could not read input file '/dev/cpuset/cpus': open() failed: No such file or directory
[    2.443121] init: Command 'copy /dev/cpuset/mems /dev/cpuset/foreground/mems' action=init (/system/etc/init/hw/init.rc:315) took 0ms and failed: Could not read input file '/dev/cpuset/mems': open() failed: No such file or directory
[    2.444043] init: Command 'copy /dev/cpuset/cpus /dev/cpuset/foreground_window/cpus' action=init (/system/etc/init/hw/init.rc:317) took 0ms and failed: Could not read input file '/dev/cpuset/cpus': open() failed: No such file or directory
[    2.444860] dlkm_loader: Loaded kernel module /vendor/lib/modules/mt76-usb.ko
[    2.444861] init: Command 'copy /dev/cpuset/mems /dev/cpuset/foreground_window/mems' action=init (/system/etc/init/hw/init.rc:318) took 0ms and failed: Could not read input file '/dev/cpuset/mems': open() failed: No such file or directory
